Set parameter WLSAccessID
Set parameter WLSSecret
Set parameter LicenseID to value 2831685
Academic license 2831685 - for non-commercial use only - registered to fl___@protonmail.com
Read LP format model from file models/prince_1_2_full.lp
Reading time = 0.08 seconds
: 1475 rows, 416 columns, 9472 nonzeros
Gurobi Optimizer version 13.0.2 build v13.0.2rc1 (linux64 - "Ubuntu 24.04.4 LTS")

CPU model: 13th Gen Intel(R) Core(TM) i5-1340P, instruction set [SSE2|AVX|AVX2]
Thread count: 8 physical cores, 16 logical processors, using up to 16 threads

Academic license 2831685 - for non-commercial use only - registered to fl___@protonmail.com
Optimize a model with 1475 rows, 416 columns and 9472 nonzeros (Min)
Model fingerprint: 0x9b908a82
Model has 64 linear objective coefficients
Variable types: 0 continuous, 416 integer (416 binary)
Coefficient statistics:
  Matrix range     [1e+00, 1e+01]
  Objective range  [2e+00, 4e+00]
  Bounds range     [1e+00, 1e+00]
  RHS range        [1e+00, 4e+00]

Presolve removed 64 rows and 64 columns
Presolve time: 0.01s
Presolved: 1411 rows, 352 columns, 9344 nonzeros
Variable types: 0 continuous, 352 integer (352 binary)
Found heuristic solution: objective 22.0000000

Root relaxation: objective 3.818806e-01, 506 iterations, 0.01 seconds (0.02 work units)

    Nodes    |    Current Node    |     Objective Bounds      |     Work
 Expl Unexpl |  Obj  Depth IntInf | Incumbent    BestBd   Gap | It/Node Time

     0     0    0.38188    0   27   22.00000    0.38188  98.3%     -    0s
H    0     0                      20.0000000    0.38188  98.1%     -    0s
H    0     0                      18.0000000    0.38188  97.9%     -    0s
H    0     0                      16.0000000    0.38188  97.6%     -    0s
H    0     0                      14.0000000    0.38188  97.3%     -    0s
H    0     0                      10.0000000    0.38188  96.2%     -    0s
     0     0    2.00000    0   16   10.00000    2.00000  80.0%     -    0s
     0     0    2.00000    0   17   10.00000    2.00000  80.0%     -    0s
H    0     0                       8.0000000    2.00000  75.0%     -    0s
     0     0    2.00000    0   17    8.00000    2.00000  75.0%     -    0s
     0     0    2.00000    0   16    8.00000    2.00000  75.0%     -    0s
     0     0    2.00000    0   16    8.00000    2.00000  75.0%     -    0s
     0     0    2.00000    0   16    8.00000    2.00000  75.0%     -    0s
     0     0    2.00000    0   12    8.00000    2.00000  75.0%     -    0s
     0     0    2.00000    0   12    8.00000    2.00000  75.0%     -    0s
     0     0    2.00000    0   13    8.00000    2.00000  75.0%     -    0s
     0     0    2.00000    0   13    8.00000    2.00000  75.0%     -    0s
     0     0    2.00000    0   13    8.00000    2.00000  75.0%     -    0s
     0     0    2.00000    0   19    8.00000    2.00000  75.0%     -    0s
     0     0    2.00000    0   19    8.00000    2.00000  75.0%     -    0s
     0     0    2.00000    0   19    8.00000    2.00000  75.0%     -    0s
     0     0    2.00000    0   19    8.00000    2.00000  75.0%     -    0s
     0     2    2.00000    0   18    8.00000    2.00000  75.0%     -    0s

Cutting planes:
  Gomory: 1
  Cover: 23
  Clique: 3
  MIR: 4
  Zero half: 1
  Mod-K: 1
  RLT: 3

Explored 90 nodes (4742 simplex iterations) in 0.30 seconds (0.29 work units)
Thread count was 16 (of 16 available processors)

Solution count 7: 8 10 14 ... 22

Optimal solution found (tolerance 1.00e-04)
Best objective 8.000000000000e+00, best bound 8.000000000000e+00, gap 0.0000%
