Set parameter WLSAccessID
Set parameter WLSSecret
Set parameter LicenseID to value 2831685
Academic license 2831685 - for non-commercial use only - registered to fl___@protonmail.com
Warning: unknown variable 'y2_0' in binary section
Warning: unknown variable 'y2_1' in binary section
Warning: unknown variable 'y2_2' in binary section
Warning: unknown variable 'y2_3' in binary section
Warning: unknown variable 'y2_4' in binary section
Warning: unknown variable 'y2_5' in binary section
Warning: unknown variable 'y2_6' in binary section
Warning: unknown variable 'y2_7' in binary section
Warning: unknown variable 'y2_8' in binary section
Warning: unknown variable 'y2_9' in binary section
Warning: unknown variable 'y2_10' in binary section
Warning: unknown variable 'y2_11' in binary section
Warning: unknown variable 'y2_12' in binary section
Warning: unknown variable 'y2_13' in binary section
Warning: unknown variable 'y2_14' in binary section
Warning: unknown variable 'y2_15' in binary section
Warning: unknown variable 'y2_16' in binary section
Warning: unknown variable 'y2_17' in binary section
Warning: unknown variable 'y2_18' in binary section
Warning: unknown variable 'y2_19' in binary section
Warning: unknown variable 'y2_20' in binary section
Warning: unknown variable 'y2_21' in binary section
Warning: unknown variable 'y2_22' in binary section
Warning: unknown variable 'y2_23' in binary section
Warning: unknown variable 'y2_24' in binary section
Warning: unknown variable 'y2_25' in binary section
Warning: unknown variable 'y2_26' in binary section
Warning: unknown variable 'y2_27' in binary section
Warning: unknown variable 'y2_28' in binary section
Warning: unknown variable 'y2_29' in binary section
Warning: unknown variable 'y2_30' in binary section
Warning: unknown variable 'y2_31' in binary section
Warning: unknown variable 'y2_32' in binary section
Warning: unknown variable 'y2_33' in binary section
Warning: unknown variable 'y2_34' in binary section
Warning: unknown variable 'y2_35' in binary section
Warning: unknown variable 'y2_36' in binary section
Warning: unknown variable 'y2_37' in binary section
Warning: unknown variable 'y2_38' in binary section
Warning: unknown variable 'y2_39' in binary section
Warning: unknown variable 'y2_40' in binary section
Warning: unknown variable 'y2_41' in binary section
Warning: unknown variable 'y2_42' in binary section
Warning: unknown variable 'y2_43' in binary section
Warning: unknown variable 'y2_44' in binary section
Warning: unknown variable 'y2_45' in binary section
Warning: unknown variable 'y2_46' in binary section
Warning: unknown variable 'y2_47' in binary section
Warning: unknown variable 'y2_48' in binary section
Warning: unknown variable 'y2_49' in binary section
Warning: unknown variable 'y2_50' in binary section
Warning: unknown variable 'y2_51' in binary section
Warning: unknown variable 'y2_52' in binary section
Warning: unknown variable 'y2_53' in binary section
Warning: unknown variable 'y2_54' in binary section
Warning: unknown variable 'y2_55' in binary section
Warning: unknown variable 'y2_56' in binary section
Warning: unknown variable 'y2_57' in binary section
Warning: unknown variable 'y2_58' in binary section
Warning: unknown variable 'y2_59' in binary section
Warning: unknown variable 'y2_60' in binary section
Warning: unknown variable 'y2_61' in binary section
Warning: unknown variable 'y2_62' in binary section
Warning: unknown variable 'y2_63' in binary section
Read LP format model from file models/prince_1_3_reduced.lp
Reading time = 0.05 seconds
: 1396 rows, 656 columns, 5088 nonzeros
Set parameter LazyConstraints to value 1
Gurobi Optimizer version 13.0.2 build v13.0.2rc1 (linux64 - "Ubuntu 24.04.4 LTS")

CPU model: 13th Gen Intel(R) Core(TM) i5-1340P, instruction set [SSE2|AVX|AVX2]
Thread count: 8 physical cores, 16 logical processors, using up to 16 threads

Non-default parameters:
LazyConstraints  1

Academic license 2831685 - for non-commercial use only - registered to fl___@protonmail.com
Optimize a model with 2212 rows, 656 columns and 8256 nonzeros (Min)
Model fingerprint: 0x7b0ab61a
Model has 96 linear objective coefficients
Variable types: 0 continuous, 656 integer (656 binary)
Coefficient statistics:
  Matrix range     [1e+00, 1e+00]
  Objective range  [2e+00, 4e+00]
  Bounds range     [1e+00, 1e+00]
  RHS range        [1e+00, 4e+00]

Presolve removed 128 rows and 128 columns
Presolve time: 0.01s
Presolved: 2084 rows, 528 columns, 8000 nonzeros
Variable types: 0 continuous, 528 integer (528 binary)

Root relaxation: objective 5.000000e-01, 110 iterations, 0.00 seconds (0.00 work units)

    Nodes    |    Current Node    |     Objective Bounds      |     Work
 Expl Unexpl |  Obj  Depth IntInf | Incumbent    BestBd   Gap | It/Node Time

     0     0    0.50000    0   21          -    0.50000      -     -    0s
     0     0    0.50000    0   21          -    0.50000      -     -    0s
     0     0    2.00000    0   14          -    2.00000      -     -    0s
     0     0    2.00000    0   13          -    2.00000      -     -    0s
     0     0    2.00000    0   13          -    2.00000      -     -    0s
     0     0    2.00000    0   13          -    2.00000      -     -    0s
     0     2    2.00000    0   13          -    2.00000      -     -    0s
H  604   465                      14.0000000    2.60000  81.4%  64.9    1s
  5074   610     cutoff   16        14.00000    8.00000  42.9%  60.8    5s

Cutting planes:
  Gomory: 2
  Mod-K: 2

Explored 7672 nodes (438573 simplex iterations) in 6.65 seconds (13.14 work units)
Thread count was 16 (of 16 available processors)

Solution count 1: 14 

Optimal solution found (tolerance 1.00e-04)
Best objective 1.400000000000e+01, best bound 1.400000000000e+01, gap 0.0000%

User-callback calls 16090, time in user-callback 0.17 sec
