Set parameter WLSAccessID
Set parameter WLSSecret
Set parameter LicenseID to value 2831685
Academic license 2831685 - for non-commercial use only - registered to fl___@protonmail.com
Warning: unknown variable 'y2_0' in binary section
Warning: unknown variable 'y2_1' in binary section
Warning: unknown variable 'y2_2' in binary section
Warning: unknown variable 'y2_3' in binary section
Warning: unknown variable 'y2_4' in binary section
Warning: unknown variable 'y2_5' in binary section
Warning: unknown variable 'y2_6' in binary section
Warning: unknown variable 'y2_7' in binary section
Warning: unknown variable 'y2_8' in binary section
Warning: unknown variable 'y2_9' in binary section
Warning: unknown variable 'y2_10' in binary section
Warning: unknown variable 'y2_11' in binary section
Warning: unknown variable 'y2_12' in binary section
Warning: unknown variable 'y2_13' in binary section
Warning: unknown variable 'y2_14' in binary section
Warning: unknown variable 'y2_15' in binary section
Warning: unknown variable 'y2_16' in binary section
Warning: unknown variable 'y2_17' in binary section
Warning: unknown variable 'y2_18' in binary section
Warning: unknown variable 'y2_19' in binary section
Warning: unknown variable 'y2_20' in binary section
Warning: unknown variable 'y2_21' in binary section
Warning: unknown variable 'y2_22' in binary section
Warning: unknown variable 'y2_23' in binary section
Warning: unknown variable 'y2_24' in binary section
Warning: unknown variable 'y2_25' in binary section
Warning: unknown variable 'y2_26' in binary section
Warning: unknown variable 'y2_27' in binary section
Warning: unknown variable 'y2_28' in binary section
Warning: unknown variable 'y2_29' in binary section
Warning: unknown variable 'y2_30' in binary section
Warning: unknown variable 'y2_31' in binary section
Warning: unknown variable 'y2_32' in binary section
Warning: unknown variable 'y2_33' in binary section
Warning: unknown variable 'y2_34' in binary section
Warning: unknown variable 'y2_35' in binary section
Warning: unknown variable 'y2_36' in binary section
Warning: unknown variable 'y2_37' in binary section
Warning: unknown variable 'y2_38' in binary section
Warning: unknown variable 'y2_39' in binary section
Warning: unknown variable 'y2_40' in binary section
Warning: unknown variable 'y2_41' in binary section
Warning: unknown variable 'y2_42' in binary section
Warning: unknown variable 'y2_43' in binary section
Warning: unknown variable 'y2_44' in binary section
Warning: unknown variable 'y2_45' in binary section
Warning: unknown variable 'y2_46' in binary section
Warning: unknown variable 'y2_47' in binary section
Warning: unknown variable 'y2_48' in binary section
Warning: unknown variable 'y2_49' in binary section
Warning: unknown variable 'y2_50' in binary section
Warning: unknown variable 'y2_51' in binary section
Warning: unknown variable 'y2_52' in binary section
Warning: unknown variable 'y2_53' in binary section
Warning: unknown variable 'y2_54' in binary section
Warning: unknown variable 'y2_55' in binary section
Warning: unknown variable 'y2_56' in binary section
Warning: unknown variable 'y2_57' in binary section
Warning: unknown variable 'y2_58' in binary section
Warning: unknown variable 'y2_59' in binary section
Warning: unknown variable 'y2_60' in binary section
Warning: unknown variable 'y2_61' in binary section
Warning: unknown variable 'y2_62' in binary section
Warning: unknown variable 'y2_63' in binary section
Read LP format model from file models/prince_2_3_reduced.lp
Reading time = 0.03 seconds
: 500 rows, 912 columns, 1760 nonzeros
Set parameter LazyConstraints to value 1
Gurobi Optimizer version 13.0.2 build v13.0.2rc1 (linux64 - "Ubuntu 24.04.4 LTS")

CPU model: 13th Gen Intel(R) Core(TM) i5-1340P, instruction set [SSE2|AVX|AVX2]
Thread count: 8 physical cores, 16 logical processors, using up to 16 threads

Non-default parameters:
LazyConstraints  1

Academic license 2831685 - for non-commercial use only - registered to fl___@protonmail.com
Optimize a model with 1316 rows, 912 columns and 4928 nonzeros (Min)
Model fingerprint: 0xedec35ec
Model has 96 linear objective coefficients
Variable types: 0 continuous, 912 integer (912 binary)
Coefficient statistics:
  Matrix range     [1e+00, 4e+00]
  Objective range  [2e+00, 4e+00]
  Bounds range     [1e+00, 1e+00]
  RHS range        [1e+00, 4e+00]

Presolve removed 128 rows and 128 columns
Presolve time: 0.00s
Presolved: 1188 rows, 784 columns, 4672 nonzeros
Variable types: 0 continuous, 784 integer (784 binary)

Root relaxation: objective 5.000000e-01, 98 iterations, 0.00 seconds (0.00 work units)

    Nodes    |    Current Node    |     Objective Bounds      |     Work
 Expl Unexpl |  Obj  Depth IntInf | Incumbent    BestBd   Gap | It/Node Time

     0     0    0.50000    0    9          -    0.50000      -     -    0s
     0     0    2.00000    0    8          -    2.00000      -     -    0s
     0     0    2.00000    0    3          -    2.00000      -     -    0s
     0     0    2.00000    0    5          -    2.00000      -     -    0s
     0     0    2.00000    0    7          -    2.00000      -     -    0s
     0     0    2.00000    0   21          -    2.00000      -     -    0s
     0     0    2.00000    0    8          -    2.00000      -     -    0s
     0     0    2.00000    0    8          -    2.00000      -     -    0s
     0     2    2.00000    0    8          -    2.00000      -     -    0s
H  618   468                      14.0000000    2.00000  85.7%  14.2    0s

Cutting planes:
  Gomory: 1
  Cover: 17
  StrongCG: 3
  RLT: 1

Explored 4575 nodes (51909 simplex iterations) in 1.39 seconds (1.45 work units)
Thread count was 16 (of 16 available processors)

Solution count 1: 14 

Optimal solution found (tolerance 1.00e-04)
Best objective 1.400000000000e+01, best bound 1.400000000000e+01, gap 0.0000%

User-callback calls 9515, time in user-callback 0.15 sec
