Set parameter WLSAccessID
Set parameter WLSSecret
Set parameter LicenseID to value 2831685
Academic license 2831685 - for non-commercial use only - registered to fl___@protonmail.com
Warning: unknown variable 'y3_0' in binary section
Warning: unknown variable 'y3_1' in binary section
Warning: unknown variable 'y3_2' in binary section
Warning: unknown variable 'y3_3' in binary section
Warning: unknown variable 'y3_4' in binary section
Warning: unknown variable 'y3_5' in binary section
Warning: unknown variable 'y3_6' in binary section
Warning: unknown variable 'y3_7' in binary section
Warning: unknown variable 'y3_8' in binary section
Warning: unknown variable 'y3_9' in binary section
Warning: unknown variable 'y3_10' in binary section
Warning: unknown variable 'y3_11' in binary section
Warning: unknown variable 'y3_12' in binary section
Warning: unknown variable 'y3_13' in binary section
Warning: unknown variable 'y3_14' in binary section
Warning: unknown variable 'y3_15' in binary section
Warning: unknown variable 'y3_16' in binary section
Warning: unknown variable 'y3_17' in binary section
Warning: unknown variable 'y3_18' in binary section
Warning: unknown variable 'y3_19' in binary section
Warning: unknown variable 'y3_20' in binary section
Warning: unknown variable 'y3_21' in binary section
Warning: unknown variable 'y3_22' in binary section
Warning: unknown variable 'y3_23' in binary section
Warning: unknown variable 'y3_24' in binary section
Warning: unknown variable 'y3_25' in binary section
Warning: unknown variable 'y3_26' in binary section
Warning: unknown variable 'y3_27' in binary section
Warning: unknown variable 'y3_28' in binary section
Warning: unknown variable 'y3_29' in binary section
Warning: unknown variable 'y3_30' in binary section
Warning: unknown variable 'y3_31' in binary section
Warning: unknown variable 'y3_32' in binary section
Warning: unknown variable 'y3_33' in binary section
Warning: unknown variable 'y3_34' in binary section
Warning: unknown variable 'y3_35' in binary section
Warning: unknown variable 'y3_36' in binary section
Warning: unknown variable 'y3_37' in binary section
Warning: unknown variable 'y3_38' in binary section
Warning: unknown variable 'y3_39' in binary section
Warning: unknown variable 'y3_40' in binary section
Warning: unknown variable 'y3_41' in binary section
Warning: unknown variable 'y3_42' in binary section
Warning: unknown variable 'y3_43' in binary section
Warning: unknown variable 'y3_44' in binary section
Warning: unknown variable 'y3_45' in binary section
Warning: unknown variable 'y3_46' in binary section
Warning: unknown variable 'y3_47' in binary section
Warning: unknown variable 'y3_48' in binary section
Warning: unknown variable 'y3_49' in binary section
Warning: unknown variable 'y3_50' in binary section
Warning: unknown variable 'y3_51' in binary section
Warning: unknown variable 'y3_52' in binary section
Warning: unknown variable 'y3_53' in binary section
Warning: unknown variable 'y3_54' in binary section
Warning: unknown variable 'y3_55' in binary section
Warning: unknown variable 'y3_56' in binary section
Warning: unknown variable 'y3_57' in binary section
Warning: unknown variable 'y3_58' in binary section
Warning: unknown variable 'y3_59' in binary section
Warning: unknown variable 'y3_60' in binary section
Warning: unknown variable 'y3_61' in binary section
Warning: unknown variable 'y3_62' in binary section
Warning: unknown variable 'y3_63' in binary section
Read LP format model from file models/prince_0_4_reduced.lp
Reading time = 0.04 seconds
: 2052 rows, 1088 columns, 5936 nonzeros
Set parameter LazyConstraints to value 1
Gurobi Optimizer version 13.0.2 build v13.0.2rc1 (linux64 - "Ubuntu 24.04.4 LTS")

CPU model: 13th Gen Intel(R) Core(TM) i5-1340P, instruction set [SSE2|AVX|AVX2]
Thread count: 8 physical cores, 16 logical processors, using up to 16 threads

Non-default parameters:
LazyConstraints  1

Academic license 2831685 - for non-commercial use only - registered to fl___@protonmail.com
Optimize a model with 3204 rows, 1088 columns and 10800 nonzeros (Min)
Model fingerprint: 0xac448f6c
Model has 128 linear objective coefficients
Variable types: 0 continuous, 1088 integer (1088 binary)
Coefficient statistics:
  Matrix range     [1e+00, 1e+00]
  Objective range  [2e+00, 4e+00]
  Bounds range     [1e+00, 1e+00]
  RHS range        [1e+00, 4e+00]

Presolve removed 192 rows and 192 columns
Presolve time: 0.01s
Presolved: 3012 rows, 896 columns, 10416 nonzeros
Variable types: 0 continuous, 896 integer (896 binary)

Root relaxation: objective 5.000000e-01, 111 iterations, 0.00 seconds (0.00 work units)

    Nodes    |    Current Node    |     Objective Bounds      |     Work
 Expl Unexpl |  Obj  Depth IntInf | Incumbent    BestBd   Gap | It/Node Time

     0     0    0.50000    0   22          -    0.50000      -     -    0s
     0     0    2.00000    0   20          -    2.00000      -     -    0s
     0     0    2.00000    0   19          -    2.00000      -     -    0s
     0     0    2.00000    0   26          -    2.00000      -     -    0s
     0     0    2.00000    0   26          -    2.00000      -     -    0s
     0     0    2.00000    0   20          -    2.00000      -     -    0s
     0     0    2.00000    0   21          -    2.00000      -     -    0s
     0     0    2.00000    0   21          -    2.00000      -     -    0s
     0     0    2.00000    0   20          -    2.00000      -     -    0s
     0     0    2.00000    0   40          -    2.00000      -     -    0s
     0     0    2.00000    0   34          -    2.00000      -     -    0s
     0     0    2.00000    0   34          -    2.00000      -     -    0s
     0     0    2.00000    0   34          -    2.00000      -     -    0s
     0     2    2.00000    0   34          -    2.00000      -     -    0s
  1888  1502    6.25000   27   24          -    3.00000      -   105    5s
  2400  1698   17.16269   38  394          -    3.00000      -   136   10s
  2771  1830   11.04729   28  340          -    3.00000      -   147   15s
  3146  1937   16.50521   29  317          -    3.00000      -   169   20s
  3458  2043   20.44091   32  470          -    3.00000      -   178   25s
* 3710  1994              75      52.0000000    3.25000  93.8%   179   27s
  3885  2066   48.80000   46   87   52.00000    3.25000  93.8%   178   30s
  4373  2207   13.75120   43  423   52.00000    4.00000  92.3%   180   35s
* 4406  2001              65      44.0000000    4.00000  90.9%   179   35s
  4978  2077 infeasible   39        44.00000    4.42500  89.9%   187   41s
* 5348  2053              58      42.0000000    5.00000  88.1%   190   44s
  5503  2196   12.78573   41  483   42.00000    5.20888  87.6%   191   46s
H 5640  2163                      40.0000000    5.20888  87.0%   191   46s
  5949  2300   13.45857   40  232   40.00000    5.56101  86.1%   194   50s
  6454  2580   19.36190   40  450   40.00000    6.00000  85.0%   197   56s
  6711  2811   13.96436   35  256   40.00000    6.00000  85.0%   200   60s
H 6719  2751                      38.0000000    6.00000  84.2%   200   60s
H 6806  2731                      36.0000000    6.28571  82.5%   199   60s
  7197  2905   28.39364   54  376   36.00000    6.36939  82.3%   200   65s
* 7443  3016              60      34.0000000    6.36939  81.3%   201   67s
  7521  3175   23.59321   41  489   34.00000    6.36939  81.3%   201   70s
  7931  3347   18.52776   29  399   34.00000    7.00000  79.4%   202   75s
H 8244  3424                      32.0000000    7.00000  78.1%   205   78s
  8446  3527    9.69301   23  265   32.00000    7.00000  78.1%   208   80s
  8964  3783   26.00000   30  177   32.00000    8.00000  75.0%   211   87s
  9247  3901   22.43329   43  482   32.00000    8.00000  75.0%   211   90s
  9829  4207   17.95011   45  421   32.00000    8.00000  75.0%   213   96s
 10180  4403   29.54762   28  274   32.00000    8.00000  75.0%   214  100s
 10955  4627   15.84244   36  449   32.00000    8.44502  73.6%   216  108s
 11043  4679   18.44163   38  354   32.00000    8.49566  73.5%   216  111s
 11130  4771   18.82305   39  365   32.00000    8.61184  73.1%   217  115s
 11576  5049   19.10609   40  360   32.00000    8.61184  73.1%   218  123s
 11909  5176   24.45681   58  315   32.00000    8.93333  72.1%   219  128s
 12183  5212   25.14010   36  474   32.00000    8.93333  72.1%   223  133s
 12278  5324   12.43164   24  331   32.00000    8.93333  72.1%   224  137s
 12488  5484   12.30009   24  379   32.00000    8.98651  71.9%   226  142s
 12933  5630   12.52078   25  377   32.00000    8.98651  71.9%   227  147s
 13337  5900   14.61725   31  529   32.00000    9.07086  71.7%   226  152s
 13828  6121   23.25097   39  303   32.00000    9.15945  71.4%   226  158s
 14336  6390   24.36667   33  162   32.00000    9.29569  71.0%   228  163s
 14960  6623     cutoff   37        32.00000    9.44444  70.5%   228  169s
 15563  6834   22.84463   43  331   32.00000    9.59583  70.0%   228  175s
 16215  7000   19.34127   33  400   32.00000    9.78571  69.4%   229  182s
 16892  7042   15.08704   28  432   32.00000    9.89582  69.1%   228  189s
 17051  7351   21.35645   35  362   32.00000    9.92453  69.0%   229  196s
 17757  7579   24.00000   34  209   32.00000   10.00000  68.8%   230  203s
 18390  7869   15.49206   38  201   32.00000   10.03810  68.6%   230  210s
 19015  8218   18.59667   38  351   32.00000   10.07953  68.5%   232  218s
 19664  8292   17.80978   35  451   32.00000   10.17948  68.2%   234  226s
 19988  8646   14.62433   33  497   32.00000   10.23611  68.0%   235  234s
 20871  8979   24.83494   43  462   32.00000   10.30755  67.8%   235  244s
 21648  9024   29.72333   45  279   32.00000   10.39444  67.5%   238  254s
 21724  9287   26.97877   48  261   32.00000   10.39444  67.5%   239  263s
 22553  9677   16.51368   41  297   32.00000   10.45291  67.3%   239  274s
 23478 10080   25.83673   41  268   32.00000   10.59745  66.9%   242  285s
 24702 10386   18.82004   31  490   32.00000   10.73611  66.4%   240  296s
 25726 10489   13.31432   30  445   32.00000   10.88095  66.0%   240  308s
 26032 10837   18.26081   32  457   32.00000   10.91701  65.9%   240  321s
 27152 11263   16.85714   34  251   32.00000   11.02857  65.5%   241  333s
 28309 11546   14.50316   35  478   32.00000   11.14859  65.2%   243  346s
 29590 11974   28.66667   39   93   32.00000   11.27543  64.8%   243  359s
 30940 12264 infeasible   26        32.00000   11.38095  64.4%   245  374s
 32039 12628     cutoff   37        32.00000   11.51231  64.0%   246  388s
 33264 13131   16.75692   34  296   32.00000   11.61905  63.7%   249  404s
 34870 13518 infeasible   36        32.00000   11.84722  63.0%   247  419s
 36453 13624   17.02731   39  491   32.00000   11.99577  62.5%   248  436s
 36972 14095   20.55556   33  303   32.00000   12.05477  62.3%   248  453s
 38650 14505 infeasible   26        32.00000   12.15822  62.0%   248  471s
 40363 14891   29.33333   38   93   32.00000   12.27664  61.6%   249  489s
 42288 15220 infeasible   37        32.00000   12.42722  61.2%   251  508s
 44094 15744   17.83157   31  485   32.00000   12.55330  60.8%   252  527s
 46084 16074   24.78049   38  301   32.00000   12.65011  60.5%   252  545s
 47883 16338   19.11732   37  394   32.00000   12.80926  60.0%   252  564s
 49653 16490     cutoff   42        32.00000   12.90330  59.7%   254  583s
 50619 16967   24.40946   41  499   32.00000   12.98194  59.4%   254  601s
 52679 17209   24.94898   39  452   32.00000   13.11806  59.0%   255  620s
 54429 17462   22.16287   31  323   32.00000   13.25028  58.6%   256  639s
 56191 17876   21.46127   49  457   32.00000   13.36905  58.2%   257  657s
 58018 18087 infeasible   38        32.00000   13.48933  57.8%   258  675s
 59775 18351   22.05556   40  306   32.00000   13.61302  57.5%   259  694s
 61683 18565 infeasible   42        32.00000   13.72460  57.1%   260  712s
 63197 18733   27.67385   35  423   32.00000   13.80161  56.9%   261  731s
 64035 18887     cutoff   45        32.00000   13.84514  56.7%   261  749s
 65731 19289   27.68726   47  334   32.00000   13.98024  56.3%   262  768s
 67693 19472   18.48672   35  396   32.00000   14.06277  56.1%   262  786s
 69355 19793   16.60170   44  467   32.00000   14.18132  55.7%   263  804s
 71310 19974   15.75269   30  343   32.00000   14.28165  55.4%   263  823s
 73091 20212   16.46702   31  380   32.00000   14.39802  55.0%   264  841s
 75047 20309 infeasible   39        32.00000   14.45455  54.8%   264  859s
 76917 20510   17.11413   37  559   32.00000   14.61268  54.3%   265  877s
 78451 20508 infeasible   33        32.00000   14.63162  54.3%   265  895s
 78743 20687 infeasible   42        32.00000   14.66636  54.2%   265  913s
 80320 21017     cutoff   39        32.00000   14.73569  54.0%   265  932s
 82208 21128   26.50000   44  115   32.00000   14.87500  53.5%   266  950s
 83923 21144   17.61058   36  493   32.00000   14.96429  53.2%   267  969s
 85639 21390   26.37778   38  243   32.00000   15.08000  52.9%   267  987s
 87506 21451 infeasible   42        32.00000   15.19298  52.5%   268 1005s
 89263 21711   17.99803   32  572   32.00000   15.32488  52.1%   268 1023s
 91151 21766   17.36069   54  313   32.00000   15.45717  51.7%   269 1041s
 92762 21964   19.67708   35  412   32.00000   15.56164  51.4%   270 1060s
 94623 22022     cutoff   39        32.00000   15.65355  51.1%   270 1078s
 96333 22154   22.61805   27  284   32.00000   15.78395  50.7%   271 1096s
 98173 22373   21.00369   36  434   32.00000   15.87430  50.4%   271 1115s
 100157 22449   19.60772   30  495   32.00000   15.98848  50.0%   271 1133s
 101883 22622   19.74033   34  490   32.00000   16.06806  49.8%   271 1151s
 103813 22698   24.22315   30  356   32.00000   16.18161  49.4%   271 1169s
 105586 22826   20.24167   27  290   32.00000   16.28788  49.1%   271 1188s
 107616 22836 infeasible   46        32.00000   16.38240  48.8%   271 1206s
 109323 22894   26.43232   41  340   32.00000   16.50145  48.4%   271 1224s
 111071 23116   19.98897   32  423   32.00000   16.59993  48.1%   272 1241s
 113036 23152   23.33333   34  250   32.00000   16.68248  47.9%   272 1259s
 114768 23302   19.34639   42  439   32.00000   16.78922  47.5%   272 1277s
 116808 23308   19.91715   35  514   32.00000   16.88672  47.2%   272 1295s
 118545 23459   26.55357   36  331   32.00000   16.99264  46.9%   272 1312s
 120488 23487   22.59810   41  328   32.00000   17.07428  46.6%   272 1330s
 122325 23550   28.04167   38  255   32.00000   17.17424  46.3%   272 1348s
 124185 23731   23.42316   39  408   32.00000   17.27179  46.0%   272 1366s
 126069 23755   26.62406   37  490   32.00000   17.34638  45.8%   271 1383s
 127847 23840     cutoff   41        32.00000   17.44049  45.5%   272 1401s
 129940 23876     cutoff   47        32.00000   17.52688  45.2%   271 1419s
 131830 23947   22.94210   37  432   32.00000   17.62500  44.9%   271 1436s
 133594 23861 infeasible   39        32.00000   17.69525  44.7%   271 1454s
 135303 23808 infeasible   31        32.00000   17.79298  44.4%   271 1471s
 136998 23834   24.20000   35  174   32.00000   17.90017  44.1%   271 1487s
 138959 23721     cutoff   44        32.00000   17.98385  43.8%   271 1505s
 140738 23804   28.28571   38  293   32.00000   18.10648  43.4%   271 1521s
 142607 23693   26.10000   34  284   32.00000   18.18914  43.2%   271 1538s
 144370 23585     cutoff   34        32.00000   18.29577  42.8%   271 1555s
 146049 23598   21.87502   33  376   32.00000   18.36153  42.6%   271 1570s
 147933 23516     cutoff   40        32.00000   18.48797  42.2%   271 1588s
 149575 23477   26.54286   34  321   32.00000   18.54401  42.0%   271 1605s
 151641 23362   26.00000   30   89   32.00000   18.65132  41.7%   271 1621s
 153277 23281   20.00000   28  113   32.00000   18.74841  41.4%   271 1636s
 154923 23236   24.95185   33  362   32.00000   18.85281  41.1%   271 1651s
 156771 23052   24.88333   31  202   32.00000   18.95663  40.8%   270 1666s
 158361 23016     cutoff   51        32.00000   19.04976  40.5%   270 1681s
 160141 22934   23.90807   40  401   32.00000   19.12500  40.2%   270 1696s
 161729 22870 infeasible   32        32.00000   19.21532  40.0%   270 1711s
 163483 22755   28.85227   43  352   32.00000   19.30429  39.7%   270 1726s
 164878 22700     cutoff   29        32.00000   19.34113  39.6%   270 1740s
 165342 22552   20.99346   29  491   32.00000   19.34472  39.5%   270 1756s
 166888 22499   27.07153   30  404   32.00000   19.41604  39.3%   270 1772s
 168763 22320 infeasible   43        32.00000   19.56699  38.9%   269 1787s
 170518 22290     cutoff   56        32.00000   19.65691  38.6%   269 1803s
 172460 22095 infeasible   41        32.00000   19.73622  38.3%   269 1820s
 174447 21942   22.80800   43  464   32.00000   19.83500  38.0%   269 1834s
 175996 21835   25.29412   28  187   32.00000   19.92873  37.7%   269 1849s
 177947 21619     cutoff   43        32.00000   20.00000  37.5%   268 1862s
 179440 21400     cutoff   30        32.00000   20.07967  37.3%   268 1877s
 180967 21245   29.89762   39  363   32.00000   20.16897  37.0%   268 1891s
 182753 21034   22.94751   42  428   32.00000   20.25985  36.7%   268 1905s
 184275 20899   26.01411   31  356   32.00000   20.35722  36.4%   268 1919s
 186092 20594     cutoff   34        32.00000   20.46963  36.0%   268 1932s
 187707 20360   24.74975   45  487   32.00000   20.55610  35.8%   268 1946s
 189341 20180   25.77742   41  412   32.00000   20.68867  35.3%   268 1960s
 191038 20008   23.42626   31  456   32.00000   20.76915  35.1%   267 1974s
 191990 19783 infeasible   32        32.00000   20.78977  35.0%   267 1989s
 193522 19630   27.66667   33  148   32.00000   20.87384  34.8%   267 2003s
 195491 19385   24.05709   34  566   32.00000   21.03631  34.3%   267 2017s
 197225 19217   26.56026   39  460   32.00000   21.15118  33.9%   267 2032s
 199051 18899 infeasible   41        32.00000   21.26573  33.5%   266 2045s
 200722 18578   23.75338   32  470   32.00000   21.38979  33.2%   266 2059s
 202395 18361   28.57407   31  307   32.00000   21.51250  32.8%   266 2073s
 204209 18061   23.27595   35  492   32.00000   21.61083  32.5%   266 2088s
 205852 17858 infeasible   38        32.00000   21.72891  32.1%   266 2101s
 207768 17483 infeasible   41        32.00000   21.84745  31.7%   265 2115s
 209712 17130 infeasible   36        32.00000   21.97814  31.3%   265 2128s
 211515 16804     cutoff   40        32.00000   22.09449  31.0%   264 2141s
 213356 16428   23.95833   38  311   32.00000   22.22326  30.6%   264 2153s
 215049 16108   26.70760   38  403   32.00000   22.34271  30.2%   264 2166s
 216908 15776     cutoff   33        32.00000   22.49741  29.7%   263 2178s
 218660 15444     cutoff   41        32.00000   22.61615  29.3%   263 2191s
 220313 15090     cutoff   33        32.00000   22.75151  28.9%   263 2203s
 222130 14662 infeasible   42        32.00000   22.87543  28.5%   262 2215s
 223998 14337   23.92756   31  409   32.00000   23.02821  28.0%   262 2227s
 225762 13870 infeasible   39        32.00000   23.17634  27.6%   261 2239s
 227486 13553   25.34054   41  375   32.00000   23.31203  27.1%   261 2251s
 229331 13346   25.82234   36  494   32.00000   23.45294  26.7%   260 2262s
 230157 12964   29.18939   47  352   32.00000   23.45950  26.7%   260 2274s
 231660 12501   25.61039   40  328   32.00000   23.50000  26.6%   260 2286s
 233442 12126   28.37667   40  296   32.00000   23.81834  25.6%   259 2299s
 235996 11588 infeasible   43        32.00000   23.97778  25.1%   258 2310s
 237922 11141     cutoff   36        32.00000   24.15055  24.5%   257 2321s
 239714 10610 infeasible   33        32.00000   24.35039  23.9%   257 2332s
 241473 10047   27.15251   40  372   32.00000   24.54603  23.3%   256 2344s
 243445  9514 infeasible   41        32.00000   24.72544  22.7%   256 2354s
 245414  8914   28.32829   50  336   32.00000   24.91084  22.2%   255 2364s
 247286  8217   29.23579   36  326   32.00000   25.18765  21.3%   254 2374s
 249126  7525   27.84759   42  339   32.00000   25.43313  20.5%   254 2384s
 251038  6655     cutoff   40        32.00000   25.69466  19.7%   253 2393s
 253494  5806     cutoff   40        32.00000   26.00000  18.8%   252 2403s
 255483  4765     cutoff   43        32.00000   26.33333  17.7%   251 2412s
 257574  3559     cutoff   37        32.00000   26.67009  16.7%   250 2420s
 259639  2142   29.43269   47  311   32.00000   27.08995  15.3%   249 2427s
 261737   586   28.69444   34  172   32.00000   28.00000  12.5%   248 2431s

Cutting planes:
  Gomory: 1
  Lift-and-project: 4
  Cover: 146
  MIR: 10
  Flow cover: 16
  Inf proof: 284
  Zero half: 5
  RLT: 5

Explored 264351 nodes (64929549 simplex iterations) in 2432.36 seconds (1556.61 work units)
Thread count was 16 (of 16 available processors)

Solution count 8: 32 34 36 ... 52

Optimal solution found (tolerance 1.00e-04)
Best objective 3.200000000000e+01, best bound 3.200000000000e+01, gap 0.0000%

User-callback calls 742409, time in user-callback 8.95 sec
