Set parameter WLSAccessID
Set parameter WLSSecret
Set parameter LicenseID to value 2831685
Academic license 2831685 - for non-commercial use only - registered to fl___@protonmail.com
Read LP format model from file models/prince_2_4_full.lp
Reading time = 0.09 seconds
: 2180 rows, 1280 columns, 16048 nonzeros
Gurobi Optimizer version 13.0.2 build v13.0.2rc1 (linux64 - "Ubuntu 24.04.4 LTS")

CPU model: 13th Gen Intel(R) Core(TM) i5-1340P, instruction set [SSE2|AVX|AVX2]
Thread count: 8 physical cores, 16 logical processors, using up to 16 threads

Academic license 2831685 - for non-commercial use only - registered to fl___@protonmail.com
Optimize a model with 2180 rows, 1280 columns and 16048 nonzeros (Min)
Model fingerprint: 0x6308f10d
Model has 128 linear objective coefficients
Variable types: 0 continuous, 1280 integer (1280 binary)
Coefficient statistics:
  Matrix range     [1e+00, 1e+01]
  Objective range  [2e+00, 4e+00]
  Bounds range     [1e+00, 1e+00]
  RHS range        [1e+00, 4e+00]

Presolve removed 272 rows and 400 columns
Presolve time: 0.03s
Presolved: 1908 rows, 880 columns, 15264 nonzeros
Variable types: 0 continuous, 880 integer (688 binary)

Root relaxation: objective 3.818806e-01, 585 iterations, 0.01 seconds (0.01 work units)

    Nodes    |    Current Node    |     Objective Bounds      |     Work
 Expl Unexpl |  Obj  Depth IntInf | Incumbent    BestBd   Gap | It/Node Time

     0     0    0.38188    0   17          -    0.38188      -     -    0s
     0     0    2.00000    0   49          -    2.00000      -     -    0s
     0     0    2.00000    0    3          -    2.00000      -     -    0s
     0     0    2.00000    0    3          -    2.00000      -     -    0s
     0     0    2.00000    0   15          -    2.00000      -     -    0s
     0     0    2.00000    0    4          -    2.00000      -     -    0s
     0     0    2.00000    0   29          -    2.00000      -     -    0s
     0     0    2.00000    0    4          -    2.00000      -     -    0s
     0     0    2.00000    0   30          -    2.00000      -     -    0s
     0     0    2.00000    0    4          -    2.00000      -     -    0s
     0     0    2.00000    0    4          -    2.00000      -     -    0s
     0     2    2.00000    0    4          -    2.00000      -     -    0s
H 1083   841                      44.0000000    2.00000  95.5%  17.4    0s
H 1084   916                      42.0000000    2.00000  95.2%  17.4    0s
H 1230   997                      38.0000000    2.00000  94.7%  17.4    0s
H 1866  1260                      36.0000000    2.00000  94.4%  18.1    0s
H 2214  1354                      34.0000000    2.00000  94.1%  25.9    1s
H 3302  1596                      32.0000000    2.00000  93.8%  27.4    2s
  7347  3264 infeasible   60        32.00000    3.76130  88.2%  39.7    5s
 10788  5204   27.03599   38   94   32.00000    4.23530  86.8%  54.1   10s
 13281  6365   11.17965   39  192   32.00000    4.91881  84.6%  62.5   15s
 15216  7328   15.90434   48  120   32.00000    5.16872  83.8%  70.6   20s
 16419  7942   10.04292   44  100   32.00000    5.35859  83.3%  75.8   25s
 17945  8723   19.18595   41  343   32.00000    5.73900  82.1%  83.0   30s
 19428  9590 infeasible   46        32.00000    5.99505  81.3%  87.4   35s
 20987 10647   14.22838   37   28   32.00000    6.00000  81.2%  93.4   44s
 22126 10901     cutoff   53        32.00000    6.00000  81.2%  98.2   47s
 22675 11533   24.86133   55  106   32.00000    6.01441  81.2%   101   51s
 23992 11935   10.82325   49  243   32.00000    6.25650  80.4%   105   55s
 26011 12771   14.48744   36  291   32.00000    6.61781  79.3%   112   63s
 26845 13145   22.58669   33  409   32.00000    6.69072  79.1%   115   67s
 27809 13585   14.25765   27  370   32.00000    6.84741  78.6%   119   71s
 28747 13599   11.92883   35  468   32.00000    6.92626  78.4%   122   75s
 28765 13614   12.88579   36  281   32.00000    6.92626  78.4%   122   80s
 28800 13803   14.20762   38  145   32.00000    6.92626  78.4%   122   88s
 29251 14461   15.26745   29  158   32.00000    6.92626  78.4%   123   93s
 30510 15002   22.15820   48  363   32.00000    7.11111  77.8%   125   99s
 31709 15630    9.63218   22  341   32.00000    7.16210  77.6%   129  104s
 33080 16330   17.67189   44  174   32.00000    7.31234  77.1%   132  110s
 34815 16752   11.29831   27  403   32.00000    7.44878  76.7%   134  115s
 35700 17398     cutoff   59        32.00000    7.49627  76.6%   136  122s
 37536 17925   14.34188   34  552   32.00000    7.66732  76.0%   138  128s
 39039 18626   10.96138   34  356   32.00000    7.79275  75.6%   141  134s
 40632 19230   18.32907   59  281   32.00000    7.85436  75.5%   143  141s
 42130 19235   24.93235   47   16   32.00000    8.00000  75.0%   146  145s
 44313 19840 infeasible   53        32.00000    8.00000  75.0%   142  150s
 46529 20158   21.17619   48   99   32.00000    8.00000  75.0%   139  155s
 48594 20532   12.78393   41   65   32.00000    8.00000  75.0%   138  160s
 50019 20992    8.60443   47   46   32.00000    8.00000  75.0%   138  165s
 51992 21278    9.93947   48  183   32.00000    8.00000  75.0%   138  170s
 53623 21537     cutoff   61        32.00000    8.00000  75.0%   139  176s
 54970 21769    8.00000   40  185   32.00000    8.00000  75.0%   141  180s
 56921 21871   21.54996   52  328   32.00000    8.00000  75.0%   141  186s
 58081 22107   14.75494   47  216   32.00000    8.00000  75.0%   142  191s
 59377 22339   10.32334   49  468   32.00000    8.00000  75.0%   144  196s
 60355 22487   13.17477   51  344   32.00000    8.00000  75.0%   145  200s
 61770 22590 infeasible   52        32.00000    8.00000  75.0%   145  205s
 63086 22817     cutoff   68        32.00000    8.00000  75.0%   147  210s
 64789 22974   13.43081   56   68   32.00000    8.00000  75.0%   147  217s
 65613 23193   13.89158   45  405   32.00000    8.00000  75.0%   148  221s
 66680 23245   26.68350   69  127   32.00000    8.00000  75.0%   149  225s
 68624 23495   11.55325   44  448   32.00000    8.00000  75.0%   150  233s
 69757 23662   12.00000   44    8   32.00000    8.00000  75.0%   151  238s
 70805 23767 infeasible   50        32.00000    8.00000  75.0%   152  243s
 71882 23908   13.83420   37  529   32.00000    8.00000  75.0%   153  248s
 73088 23937     cutoff   55        32.00000    8.00000  75.0%   154  253s
 74097 24008   15.67502   48  346   32.00000    8.00000  75.0%   156  259s
 75059 24176   14.88032   52  404   32.00000    8.10201  74.7%   157  265s
 76292 23778   13.17544   49  149   32.00000    8.23597  74.3%   158  270s
 76311 23875   13.28851   50  115   32.00000    8.24776  74.2%   158  276s
 76549 23879 infeasible   52        32.00000    8.24776  74.2%   158  282s
 76872 23920   18.13400   59  276   32.00000    8.24776  74.2%   159  288s
 77236 24331   23.06209   68  266   32.00000    8.26310  74.2%   159  295s
 78394 24669   24.96377   50   89   32.00000    8.32661  74.0%   160  303s
 79936 24901   17.63004   54  399   32.00000    8.50913  73.4%   161  310s
 81914 24876 infeasible   53        32.00000    8.66148  72.9%   162  318s
 83436 25097   13.97931   44  476   32.00000    8.79042  72.5%   164  326s
 85096 25027   15.82635   55  473   32.00000    8.88752  72.2%   166  333s
 86283 25441   23.96889   49  224   32.00000    9.00000  71.9%   167  341s
 88271 25356 infeasible   63        32.00000    9.12623  71.5%   169  349s
 89727 25521   22.18298   44  401   32.00000    9.20813  71.2%   170  357s
 91306 25663   21.60271   51  297   32.00000    9.31984  70.9%   171  366s
 92971 25793     cutoff   52        32.00000    9.43688  70.5%   172  374s
 94682 25772   18.95663   44  384   32.00000    9.52401  70.2%   174  383s
 96079 25995   18.75615   65   79   32.00000    9.61069  70.0%   176  391s
 97835 25935   17.57893   44  502   32.00000    9.71104  69.7%   177  399s
 99278 26149   15.71765   40  495   32.00000    9.79515  69.4%   178  408s
 101141 26737   26.34552   55  108   32.00000    9.89905  69.1%   179  416s
 102881 27217   18.25148   40  420   32.00000    9.95632  68.9%   180  425s
 104336 27955   15.91369   55  486   32.00000   10.00000  68.8%   181  434s
 106048 28394 infeasible   46        32.00000   10.07691  68.5%   183  441s
 107230 29012   17.39027   57  472   32.00000   10.13623  68.3%   184  451s
 109003 29851   18.43333   50  343   32.00000   10.24394  68.0%   185  460s
 111068 30480   14.51938   42  564   32.00000   10.32680  67.7%   186  469s
 112880 31007   17.04978   44  472   32.00000   10.38002  67.6%   187  478s
 114557 31602   18.90649   48  436   32.00000   10.44718  67.4%   187  486s
 116106 32064   15.20258   43  443   32.00000   10.53997  67.1%   188  495s
 117474 32562   18.03729   42  197   32.00000   10.59456  66.9%   189  504s
 118969 32907   24.24018   58   61   32.00000   10.66104  66.7%   191  513s
 120001 33684   20.49699   50  446   32.00000   10.67381  66.6%   192  522s
 121871 33688 infeasible   41        32.00000   10.77321  66.3%   192  532s
 121903 33732 infeasible   43        32.00000   10.77857  66.3%   192  540s
 122017 33814   14.71976   41  456   32.00000   10.77857  66.3%   192  549s
 122177 34428   17.88116   51  377   32.00000   10.78470  66.3%   192  559s
 123908 35001   16.69358   57  420   32.00000   10.85645  66.1%   193  569s
 125898 35704   22.75045   58  364   32.00000   10.95065  65.8%   194  579s
 127670 36311   23.95049   61  144   32.00000   11.02591  65.5%   195  587s
 129295 36807 infeasible   46        32.00000   11.09216  65.3%   196  595s
 130701 37491   19.32608   48  386   32.00000   11.13977  65.2%   196  605s
 132481 38047 infeasible   57        32.00000   11.18163  65.1%   197  613s
 133968 38651 infeasible   54        32.00000   11.25952  64.8%   198  622s
 135491 39156   26.06676   54  104   32.00000   11.31481  64.6%   199  632s
 137040 39782   17.80169   47  229   32.00000   11.37796  64.4%   200  641s
 138790 40365   18.98983   49  245   32.00000   11.42492  64.3%   201  651s
 140384 40979   23.39305   44  497   32.00000   11.48748  64.1%   201  660s
 141974 41400   14.65647   59  375   32.00000   11.53215  64.0%   202  669s
 143408 41934 infeasible   49        32.00000   11.60087  63.7%   203  679s
 145080 42736   18.75118   56  361   32.00000   11.65929  63.6%   203  688s
 147101 43214   19.79188   42  270   32.00000   11.68872  63.5%   203  698s
 148618 43713     cutoff   56        32.00000   11.74765  63.3%   204  706s
 150087 44231   20.21417   47  365   32.00000   11.78279  63.2%   205  715s
 151578 44790     cutoff   51        32.00000   11.85124  63.0%   206  725s
 153352 45211   28.89991   52  265   32.00000   11.92570  62.7%   206  735s
 155024 45895   21.55024   53  467   32.00000   11.98726  62.5%   207  745s
 156856 46449   21.81116   52  331   32.00000   12.00000  62.5%   207  754s
 158476 46977   17.34534   56  350   32.00000   12.05256  62.3%   208  763s
 160129 47469   19.62785   45  440   32.00000   12.10528  62.2%   208  773s
 161598 48014   23.17654   54  227   32.00000   12.17052  62.0%   209  783s
 163512 48549   28.00000   55   11   32.00000   12.24032  61.7%   209  792s
 164992 49092   20.34164   63  358   32.00000   12.29493  61.6%   210  801s
 166622 49529   20.91006   43  403   32.00000   12.33197  61.5%   211  811s
 168331 49980   17.65528   55  519   32.00000   12.37989  61.3%   211  820s
 169733 50487   20.99514   41  506   32.00000   12.42220  61.2%   211  829s
 171196 51017   24.34791   59  405   32.00000   12.46831  61.0%   212  838s
 172905 51530   22.59566   57  344   32.00000   12.51380  60.9%   212  848s
 174570 51965   18.96625   54  531   32.00000   12.56138  60.7%   213  857s
 175921 52362   24.10221   51  342   32.00000   12.60440  60.6%   213  867s
 177347 52848 infeasible   49        32.00000   12.60700  60.6%   214  877s
 178748 53510 infeasible   63        32.00000   12.66306  60.4%   214  887s
 180674 53958   21.90491   61  158   32.00000   12.73817  60.2%   215  897s
 182464 54585   15.74356   42  476   32.00000   12.78844  60.0%   215  908s
 184538 55040 infeasible   42        32.00000   12.82869  59.9%   215  917s
 186002 55547   23.29420   56  470   32.00000   12.86680  59.8%   216  927s
 187449 55953 infeasible   40        32.00000   12.92489  59.6%   216  937s
 189047 56455   21.35157   47  496   32.00000   12.96476  59.5%   217  947s
 190760 56788   22.20463   46  137   32.00000   13.01383  59.3%   217  956s
 192006 57304   22.79211   54  532   32.00000   13.04531  59.2%   218  968s
 193960 57839   24.50319   46  300   32.00000   13.10839  59.0%   218  978s
 195698 58374   19.80719   44  569   32.00000   13.15268  58.9%   218  988s
 197490 58761 infeasible   46        32.00000   13.20379  58.7%   219  999s
 198968 59223   25.49646   60  342   32.00000   13.23942  58.6%   220 1009s
 200765 59657 infeasible   42        32.00000   13.27480  58.5%   220 1019s
 202291 60110   28.11748   62  324   32.00000   13.31533  58.4%   221 1029s
 204014 60590   22.04241   60  445   32.00000   13.35951  58.3%   221 1039s
 205501 61172   17.24661   49  424   32.00000   13.38579  58.2%   221 1050s
 207451 61469   24.05677   37  556   32.00000   13.43171  58.0%   222 1059s
 208857 62002   19.98208   45  254   32.00000   13.46945  57.9%   222 1069s
 210496 62434   16.21169   40  474   32.00000   13.50237  57.8%   222 1080s
 212235 62862   23.33579   40  437   32.00000   13.53972  57.7%   223 1089s
 213600 63287   20.83727   55  450   32.00000   13.57140  57.6%   223 1099s
 215178 63827   16.40060   43  570   32.00000   13.62186  57.4%   223 1110s
 216854 64455   20.48303   49  528   32.00000   13.66146  57.3%   224 1121s
 218866 64944   18.26204   55  514   32.00000   13.68941  57.2%   224 1131s
 220443 65324 infeasible   55        32.00000   13.72963  57.1%   225 1142s
 222199 65792   18.87008   52  546   32.00000   13.76454  57.0%   225 1152s
 223784 66173   22.00863   49  599   32.00000   13.81091  56.8%   225 1162s
 225212 66727 infeasible   53        32.00000   13.84887  56.7%   226 1173s
 226919 67174   18.66015   52  457   32.00000   13.88244  56.6%   226 1183s
 228588 67826   19.26130   41  555   32.00000   13.92142  56.5%   226 1193s
 230472 68196   27.11459   47  367   32.00000   13.95963  56.4%   226 1204s
 232079 68689 infeasible   46        32.00000   13.98625  56.3%   227 1214s
 233750 69146   27.41208   57  412   32.00000   14.00712  56.2%   227 1223s
 235172 69594   21.52938   53  474   32.00000   14.02834  56.2%   227 1234s
 236786 70066   27.69046   47  633   32.00000   14.07812  56.0%   228 1245s
 238464 70507   22.12247   45  482   32.00000   14.11438  55.9%   229 1256s
 240032 71074   23.39914   55  335   32.00000   14.15321  55.8%   229 1267s
 241969 71495   23.17284   47  297   32.00000   14.19194  55.7%   229 1278s
 243526 72084   23.41648   50  428   32.00000   14.23313  55.5%   229 1288s
 245311 72378   23.61739   47  488   32.00000   14.26963  55.4%   230 1299s
 246526 72912 infeasible   62        32.00000   14.27837  55.4%   230 1309s
 247991 73273   26.24956   40  359   32.00000   14.30976  55.3%   230 1320s
 249356 73785   19.69451   40  556   32.00000   14.33877  55.2%   231 1331s
 251082 74264   25.90914   47  479   32.00000   14.40706  55.0%   231 1343s
 252722 74790     cutoff   55        32.00000   14.43450  54.9%   232 1354s
 254595 75153   22.12685   55  477   32.00000   14.47851  54.8%   232 1363s
 255899 75766     cutoff   62        32.00000   14.51002  54.7%   232 1375s
 258017 76121   17.51987   40  319   32.00000   14.53796  54.6%   232 1386s
 259605 76520   21.82551   48  552   32.00000   14.57430  54.5%   233 1396s
 261105 77088   18.63009   55  527   32.00000   14.61471  54.3%   233 1407s
 262757 77551   20.00000   46   50   32.00000   14.64323  54.2%   233 1417s
 264289 78034   21.63875   43  473   32.00000   14.67404  54.1%   234 1428s
 265917 78378 infeasible   64        32.00000   14.69737  54.1%   234 1439s
 267456 78836   20.27726   45  454   32.00000   14.73137  54.0%   234 1450s
 269072 79136   23.94876   44  417   32.00000   14.73540  54.0%   235 1461s
 270517 79686   21.92785   54  492   32.00000   14.76020  53.9%   235 1472s
 272326 80042   20.20323   43  556   32.00000   14.81390  53.7%   235 1483s
 273988 80454     cutoff   58        32.00000   14.84615  53.6%   235 1494s
 275657 80789     cutoff   49        32.00000   14.87828  53.5%   236 1503s
 276969 81426   24.27575   60  458   32.00000   14.90181  53.4%   236 1515s
 278997 81755   20.93922   54  485   32.00000   14.93322  53.3%   236 1526s
 280373 82159   25.37767   40  465   32.00000   14.97330  53.2%   237 1537s
 281999 82617   20.70585   47  511   32.00000   14.99751  53.1%   237 1548s
 283698 83087   19.03809   60  406   32.00000   15.02909  53.0%   237 1559s
 285349 83397 infeasible   50        32.00000   15.05829  52.9%   238 1569s
 286818 83919   24.97487   59  337   32.00000   15.08867  52.8%   238 1580s
 288780 84323   18.95097   51  346   32.00000   15.11705  52.8%   238 1591s
 290375 84751   22.64799   62  335   32.00000   15.15212  52.6%   238 1602s
 292087 85071   26.13999   61  140   32.00000   15.17030  52.6%   238 1613s
 293323 85462   19.21806   61  442   32.00000   15.17030  52.6%   239 1624s
 295005 85767   19.67098   66  544   32.00000   15.23044  52.4%   239 1635s
 296526 86150   25.26624   60  447   32.00000   15.26831  52.3%   239 1644s
 298082 86465   21.47155   52  447   32.00000   15.28899  52.2%   239 1654s
 299352 87015   23.28717   52  567   32.00000   15.31285  52.1%   240 1665s
 301303 87259 infeasible   62        32.00000   15.34369  52.1%   240 1676s
 302696 87626   25.50951   50  580   32.00000   15.37662  51.9%   240 1687s
 304317 87850     cutoff   71        32.00000   15.40260  51.9%   241 1698s
 305513 88068 infeasible   46        32.00000   15.42714  51.8%   241 1709s
 306800 88440   23.44747   47  353   32.00000   15.42714  51.8%   241 1721s
 308136 88845   24.48804   48  281   32.00000   15.44273  51.7%   241 1733s
 309719 89184   24.26034   48  332   32.00000   15.49597  51.6%   242 1745s
 311275 89593 infeasible   49        32.00000   15.52802  51.5%   242 1757s
 313199 89605     cutoff   55        32.00000   15.58981  51.3%   242 1768s
 313297 89645   21.78394   62  453   32.00000   15.58981  51.3%   242 1779s
 313432 89667   21.86311   63  445   32.00000   15.59039  51.3%   242 1791s
 313550 89703   21.91530   64  283   32.00000   15.59065  51.3%   242 1803s
 313661 89787   23.06026   65  223   32.00000   15.59141  51.3%   242 1815s
 314031 90022   23.44294   66  200   32.00000   15.59220  51.3%   242 1827s
 315137 90435   25.22191   59  424   32.00000   15.59667  51.3%   243 1837s
 316946 90695   25.89485   57  265   32.00000   15.61404  51.2%   243 1845s
 318284 91193   23.66091   57  477   32.00000   15.68232  51.0%   243 1855s
 320097 91552   21.37036   57  420   32.00000   15.70674  50.9%   243 1864s
 321747 91977   19.82106   41  341   32.00000   15.73521  50.8%   244 1872s
 323388 92291   27.33668   48  435   32.00000   15.75907  50.8%   244 1881s
 324861 92713 infeasible   66        32.00000   15.78746  50.7%   245 1891s
 326736 93143   28.78246   72  327   32.00000   15.81180  50.6%   245 1899s
 328523 93374   20.28692   56  534   32.00000   15.84898  50.5%   245 1908s
 329894 93851   27.98273   55  530   32.00000   15.86899  50.4%   246 1917s
 331700 94190 infeasible   57        32.00000   15.89642  50.3%   246 1927s
 333290 94521   26.29593   45  494   32.00000   15.92299  50.2%   246 1936s
 334934 94880 infeasible   53        32.00000   15.95508  50.1%   246 1945s
 336421 95381   22.81755   47  449   32.00000   15.97841  50.1%   247 1955s
 338231 95725   22.99541   56  549   32.00000   16.00000  50.0%   247 1963s
 339614 96199   28.16470   47  457   32.00000   16.01435  50.0%   247 1973s
 341456 96527 infeasible   45        32.00000   16.03680  49.9%   247 1982s
 342854 96916   24.70208   55  503   32.00000   16.06005  49.8%   248 1992s
 344492 97200   21.87088   49  531   32.00000   16.08636  49.7%   248 2002s
 346166 97617   20.65145   46  586   32.00000   16.10695  49.7%   248 2012s
 347844 98022   20.49040   46  511   32.00000   16.13525  49.6%   248 2022s
 349625 98275 infeasible   42        32.00000   16.15758  49.5%   249 2032s
 351051 98673     cutoff   63        32.00000   16.18079  49.4%   249 2042s
 352973 98932   24.67436   39  439   32.00000   16.20175  49.4%   249 2052s
 354447 99225   25.19186   51  400   32.00000   16.23049  49.3%   249 2063s
 356113 99527   26.64091   49  417   32.00000   16.25653  49.2%   250 2073s
 357616 99915   19.93019   46  573   32.00000   16.28861  49.1%   250 2084s
 359232 100187   23.58519   58  438   32.00000   16.30979  49.0%   251 2093s
 360586 100581     cutoff   51        32.00000   16.32862  49.0%   251 2104s
 362417 100926 infeasible   42        32.00000   16.35063  48.9%   251 2114s
 364070 101292   19.61023   55  550   32.00000   16.38706  48.8%   251 2124s
 365605 101551   28.84329   48  489   32.00000   16.40407  48.7%   251 2134s
 367061 101977 infeasible   58        32.00000   16.42634  48.7%   252 2146s
 368791 102317 infeasible   45        32.00000   16.44909  48.6%   252 2156s
 370350 102630   18.88628   43  483   32.00000   16.47657  48.5%   252 2167s
 371964 102964 infeasible   46        32.00000   16.49735  48.4%   253 2178s
 373639 103325   27.83453   55  306   32.00000   16.51721  48.4%   253 2189s
 375340 103590   18.86098   44  597   32.00000   16.54171  48.3%   253 2200s
 376819 103887   22.78801   58  597   32.00000   16.57165  48.2%   253 2212s
 378571 104102   19.79170   57  331   32.00000   16.59107  48.2%   254 2223s
 380124 104438   18.62746   41  531   32.00000   16.61340  48.1%   254 2233s
 381462 104741   19.45013   64  214   32.00000   16.63967  48.0%   254 2245s
 383169 105099   20.67454   49  577   32.00000   16.66631  47.9%   254 2257s
 384954 105370   21.66518   54  425   32.00000   16.68354  47.9%   254 2269s
 386270 105767   25.82200   53  441   32.00000   16.71126  47.8%   255 2282s
 388122 106028 infeasible   42        32.00000   16.73685  47.7%   255 2294s
 389536 106398 infeasible   65        32.00000   16.75973  47.6%   255 2307s
 391129 106672   19.71605   67  483   32.00000   16.79213  47.5%   256 2320s
 392806 107095   23.46768   42  371   32.00000   16.81654  47.4%   256 2333s
 394474 107436   22.80071   57  476   32.00000   16.83491  47.4%   256 2346s
 396172 107828   22.72807   39  665   32.00000   16.86268  47.3%   257 2359s
 397883 108094   24.83000   45  436   32.00000   16.88997  47.2%   257 2372s
 399521 108440   21.32488   47  504   32.00000   16.91433  47.1%   257 2385s
 401337 108618     cutoff   62        32.00000   16.93680  47.1%   257 2397s
 402321 109131   18.67748   40  507   32.00000   16.94085  47.1%   257 2414s
 404638 109422   29.69381   44  499   32.00000   16.96446  47.0%   258 2428s
 406119 109781     cutoff   61        32.00000   16.98881  46.9%   258 2443s
 407825 110047 infeasible   63        32.00000   17.01067  46.8%   258 2457s
 409380 110342 infeasible   69        32.00000   17.03598  46.8%   258 2472s
 410971 110752   20.26946   47  570   32.00000   17.08168  46.6%   259 2487s
 412839 111011   27.46924   47  392   32.00000   17.11253  46.5%   259 2501s
 414431 111380   22.33931   48  404   32.00000   17.14054  46.4%   260 2515s
 416323 111648 infeasible   68        32.00000   17.16171  46.4%   260 2530s
 417960 112086     cutoff   52        32.00000   17.18202  46.3%   260 2544s
 419826 112201   26.51542   58  387   32.00000   17.20133  46.2%   260 2559s
 421110 112636   27.50751   38  553   32.00000   17.22972  46.2%   261 2573s
 422993 112718   23.64133   62  278   32.00000   17.24948  46.1%   261 2584s
 424072 113202 infeasible   60        32.00000   17.26927  46.0%   261 2601s
 426358 113355   25.39129   56  502   32.00000   17.30104  45.9%   261 2614s
 427687 113677   25.39113   65  160   32.00000   17.31909  45.9%   262 2629s
 429246 113840   25.67543   57  536   32.00000   17.34584  45.8%   262 2643s
 430736 114226   29.71812   62  413   32.00000   17.37196  45.7%   263 2658s
 432634 114367   27.79704   46  199   32.00000   17.39981  45.6%   263 2672s
 433923 114610 infeasible   58        32.00000   17.42307  45.6%   263 2687s
 435635 114719   21.05565   45  521   32.00000   17.44873  45.5%   263 2702s
 436934 114874   26.29177   45  282   32.00000   17.47005  45.4%   264 2717s
 438309 115278   26.59844   48  366   32.00000   17.49228  45.3%   264 2732s
 440241 115412     cutoff   59        32.00000   17.52380  45.2%   264 2747s
 441765 115634   28.83163   56  462   32.00000   17.54926  45.2%   265 2762s
 443467 115702 infeasible   59        32.00000   17.57659  45.1%   265 2774s
 444505 116094   22.62075   37  591   32.00000   17.59189  45.0%   266 2792s
 446816 116196   24.49960   45  450   32.00000   17.61262  45.0%   266 2806s
 448162 116416   23.05193   37  615   32.00000   17.63904  44.9%   266 2821s
 449729 116489   23.22711   46  388   32.00000   17.66123  44.8%   267 2836s
 451234 116726   22.69171   51  533   32.00000   17.68662  44.7%   267 2851s
 452864 116819   21.90613   51  327   32.00000   17.71162  44.7%   267 2867s
 454182 116952     cutoff   47        32.00000   17.73996  44.6%   268 2883s
 455701 117143   27.19085   52  256   32.00000   17.77047  44.5%   268 2899s
 457363 117205     cutoff   51        32.00000   17.78571  44.4%   269 2915s
 458740 117433   25.89795   47  495   32.00000   17.81930  44.3%   269 2931s
 460439 117531   28.33054   62  408   32.00000   17.84252  44.2%   269 2947s
 461986 117663   21.74465   45  547   32.00000   17.86961  44.2%   270 2964s
 463570 117875   29.19807   49  411   32.00000   17.89823  44.1%   270 2980s
 465284 118007     cutoff   49        32.00000   17.92601  44.0%   270 2992s
 466446 118340   26.21270   46  340   32.00000   17.93915  43.9%   271 3008s
 468342 118501   26.73314   46  426   32.00000   17.96201  43.9%   271 3022s
 470081 118603   24.23907   58  278   32.00000   17.99228  43.8%   271 3037s
 471518 118834     cutoff   52        32.00000   18.01329  43.7%   272 3052s
 473236 118857 infeasible   57        32.00000   18.03043  43.7%   272 3066s
 473495 118874   23.79991   54  427   32.00000   18.03043  43.7%   272 3081s
 473727 118919   24.07719   55  418   32.00000   18.03190  43.7%   272 3096s
 474194 118960   24.26377   56  412   32.00000   18.03590  43.6%   272 3113s
 475065 119131   24.35131   57  410   32.00000   18.03688  43.6%   272 3131s
 476486 119171   25.71016   52  454   32.00000   18.04398  43.6%   272 3150s
 477980 119391   25.30044   61  461   32.00000   18.06656  43.5%   273 3169s
 479919 119491     cutoff   51        32.00000   18.11654  43.4%   274 3189s
 481853 119743   27.77377   54  168   32.00000   18.15303  43.3%   274 3207s
 483923 119821     cutoff   54        32.00000   18.17747  43.2%   274 3224s
 485471 119875   22.96665   45  540   32.00000   18.20305  43.1%   275 3243s
 486905 120011     cutoff   43        32.00000   18.22923  43.0%   275 3255s
 488256 120096   27.59570   52  326   32.00000   18.24608  43.0%   275 3269s
 489664 120281 infeasible   60        32.00000   18.27003  42.9%   276 3285s
 491350 120343 infeasible   68        32.00000   18.29287  42.8%   276 3301s
 492784 120527   29.31450   48  281   32.00000   18.30860  42.8%   276 3317s
 494540 120635   25.62178   39  424   32.00000   18.33645  42.7%   276 3333s
 496085 120750     cutoff   64        32.00000   18.36162  42.6%   277 3349s
 497555 120950   28.46737   62  418   32.00000   18.38550  42.5%   278 3365s
 499304 121057   22.44182   47  475   32.00000   18.40881  42.5%   278 3381s
 500736 121085   29.01775   59  334   32.00000   18.42770  42.4%   278 3398s
 502216 121255   24.45183   59  442   32.00000   18.45154  42.3%   278 3414s
 504035 121350     cutoff   64        32.00000   18.47351  42.3%   279 3430s
 505595 121549   24.36964   61  324   32.00000   18.49740  42.2%   279 3446s
 507432 121613   21.05353   59  452   32.00000   18.51980  42.1%   279 3459s
 508478 121618 infeasible   51        32.00000   18.53378  42.1%   279 3478s
 510130 121753   28.55070   51  414   32.00000   18.55948  42.0%   280 3496s
 512019 121884   21.60205   39  582   32.00000   18.58808  41.9%   280 3514s
 513655 122075   21.63792   45  576   32.00000   18.60690  41.9%   280 3532s
 515514 122200     cutoff   49        32.00000   18.63976  41.8%   281 3549s
 517279 122268   24.23979   47  252   32.00000   18.65679  41.7%   281 3566s
 518825 122441   24.56010   45  607   32.00000   18.68271  41.6%   282 3583s
 520369 122552     cutoff   62        32.00000   18.70341  41.6%   282 3600s
 522067 122768   25.84345   51  553   32.00000   18.72302  41.5%   282 3618s
 523875 122834     cutoff   46        32.00000   18.74627  41.4%   283 3635s
 525447 123090   26.89881   57  311   32.00000   18.77104  41.3%   283 3652s
 527520 123091   22.71068   45  645   32.00000   18.79023  41.3%   283 3668s
 528856 123112     cutoff   51        32.00000   18.80965  41.2%   284 3685s
 530426 123254   23.44621   68  473   32.00000   18.83594  41.1%   284 3698s
 531700 123270   26.52139   47  465   32.00000   18.84936  41.1%   284 3713s
 533008 123402   28.46922   63  569   32.00000   18.87485  41.0%   285 3732s
 534738 123421   29.44410   51  417   32.00000   18.89647  40.9%   285 3749s
 536163 123606   28.08552   60  458   32.00000   18.91940  40.9%   286 3767s
 538164 123658     cutoff   51        32.00000   18.93685  40.8%   286 3784s
 539452 123665   23.08579   41  549   32.00000   18.96499  40.7%   286 3802s
 541006 123811   22.65015   42  507   32.00000   18.98888  40.7%   287 3820s
 542745 123837   26.42589   55  499   32.00000   19.00977  40.6%   287 3838s
 544334 124019     cutoff   51        32.00000   19.03213  40.5%   287 3856s
 546177 124066   25.64241   59  298   32.00000   19.05559  40.5%   288 3873s
 547663 124078     cutoff   47        32.00000   19.07536  40.4%   288 3891s
 549268 124275   26.81246   52  369   32.00000   19.10075  40.3%   288 3909s
 551021 124305 infeasible   61        32.00000   19.12012  40.2%   289 3921s
 552158 124256   29.26976   56  113   32.00000   19.13924  40.2%   289 3939s
 553627 124366   27.51735   46  401   32.00000   19.16092  40.1%   289 3958s
 555641 124466 infeasible   51        32.00000   19.18339  40.1%   290 3976s
 557244 124631     cutoff   50        32.00000   19.20358  40.0%   290 3994s
 559032 124642   22.81916   42  613   32.00000   19.22835  39.9%   290 4011s
 560516 124693   27.54533   46  527   32.00000   19.25274  39.8%   291 4029s
 562051 124849   24.61157   47  391   32.00000   19.27323  39.8%   291 4046s
 563820 124858   22.52297   52  584   32.00000   19.29709  39.7%   291 4064s
 565398 124980 infeasible   47        32.00000   19.31613  39.6%   292 4081s
 567045 125002   28.16198   60  406   32.00000   19.33689  39.6%   292 4099s
 568535 124987   21.70394   39  593   32.00000   19.36062  39.5%   292 4117s
 570127 125141   27.54703   60  403   32.00000   19.38336  39.4%   293 4135s
 572022 125170 infeasible   46        32.00000   19.40367  39.4%   293 4148s
 573276 125131   28.20949   58  402   32.00000   19.42814  39.3%   293 4165s
 574700 125314 infeasible   61        32.00000   19.44707  39.2%   293 4183s
 576421 125302 infeasible   52        32.00000   19.46708  39.2%   294 4201s
 578080 125449     cutoff   55        32.00000   19.48995  39.1%   294 4219s
 579936 125470   24.13376   54  511   32.00000   19.51626  39.0%   294 4236s
 581453 125517   23.50061   48  447   32.00000   19.53958  38.9%   295 4254s
 583130 125570   22.21887   51  571   32.00000   19.56043  38.9%   295 4272s
 584716 125690   27.94629   49  553   32.00000   19.58128  38.8%   295 4290s
 586480 125689 infeasible   52        32.00000   19.60047  38.7%   296 4307s
 588016 125815   29.55260   49  435   32.00000   19.62363  38.7%   296 4325s
 589824 125852   27.63531   67  147   32.00000   19.64453  38.6%   296 4342s
 591337 125919   27.66763   46  576   32.00000   19.66559  38.5%   296 4360s
 592963 126084   26.07222   46  499   32.00000   19.68770  38.5%   297 4372s
 594422 126153   27.91020   52  509   32.00000   19.70244  38.4%   297 4387s
 595723 126206   29.85586   53  450   32.00000   19.71537  38.4%   297 4403s
 597338 126190   24.36010   52  478   32.00000   19.73623  38.3%   297 4420s
 598730 126118   28.95013   47  306   32.00000   19.75305  38.3%   298 4437s
 600120 126180   29.71333   53  669   32.00000   19.77762  38.2%   298 4454s
 601819 126183   25.11243   56  454   32.00000   19.79485  38.1%   298 4471s
 603230 126236     cutoff   46        32.00000   19.81602  38.1%   299 4489s
 604875 126254   27.98033   66  407   32.00000   19.83786  38.0%   299 4507s
 606365 126395   24.89577   54  543   32.00000   19.85863  37.9%   299 4525s
 608175 126384   27.78300   51  422   32.00000   19.87860  37.9%   299 4543s
 609671 126351   23.78876   48  633   32.00000   19.90051  37.8%   300 4561s
 611243 126446   24.65552   51  513   32.00000   19.92036  37.7%   300 4579s
 613171 126446   21.86670   57  458   32.00000   19.94095  37.7%   300 4597s
 614450 126431   24.22349   50  569   32.00000   19.96383  37.6%   300 4610s
 615552 126491 infeasible   57        32.00000   19.97743  37.6%   301 4629s
 617447 126438   24.85298   62  463   32.00000   19.99824  37.5%   301 4647s
 619032 126394 infeasible   42        32.00000   20.01735  37.4%   301 4665s
 620417 126486 infeasible   60        32.00000   20.04207  37.4%   302 4684s
 622194 126501   28.91179   56  267   32.00000   20.06066  37.3%   302 4702s
 623876 126569   23.07125   49  455   32.00000   20.08114  37.2%   302 4720s
 625706 126517   24.20410   58  569   32.00000   20.10180  37.2%   302 4738s
 627225 126517     cutoff   50        32.00000   20.12730  37.1%   302 4757s
 628773 126549   26.02654   45  458   32.00000   20.14834  37.0%   303 4776s
 630416 126520   28.82486   43  559   32.00000   20.16887  37.0%   303 4795s
 631926 126643   24.79508   44  564   32.00000   20.19222  36.9%   304 4813s
 633965 126620   29.84020   60  326   32.00000   20.21401  36.8%   304 4831s
 635430 126641   26.33840   46  589   32.00000   20.23451  36.8%   304 4845s
 636611 126631   28.12414   55  390   32.00000   20.24823  36.7%   305 4863s
 638166 126728 infeasible   55        32.00000   20.26967  36.7%   305 4882s
 640034 126733     cutoff   54        32.00000   20.28563  36.6%   306 4900s
 641600 126874   26.51184   46  568   32.00000   20.30595  36.5%   306 4918s
 643339 126841   24.83733   54  356   32.00000   20.32375  36.5%   307 4937s
 644909 126825     cutoff   53        32.00000   20.34373  36.4%   307 4955s
 646446 126851   29.24435   66  451   32.00000   20.36237  36.4%   308 4973s
 648087 126862   29.33787   49  591   32.00000   20.38119  36.3%   309 4992s
 649605 126915     cutoff   52        32.00000   20.40177  36.2%   309 5010s
 651355 126930     cutoff   61        32.00000   20.42150  36.2%   310 5029s
 652867 127047   29.85638   52  441   32.00000   20.44042  36.1%   311 5048s
 654668 126995   27.03646   52  504   32.00000   20.45604  36.1%   311 5066s
 656162 126963   29.46112   50  387   32.00000   20.47765  36.0%   312 5084s
 657740 127000   25.88651   53  472   32.00000   20.49707  35.9%   312 5102s
 658813 126984 infeasible   50        32.00000   20.49732  35.9%   313 5116s
 659709 127036     cutoff   43        32.00000   20.50322  35.9%   313 5140s
 661411 127025 infeasible   52        32.00000   20.51294  35.9%   314 5164s
 663136 127037     cutoff   63        32.00000   20.52614  35.9%   314 5188s
 665090 127097   27.82444   45  402   32.00000   20.55258  35.8%   315 5210s
 667021 127030     cutoff   52        32.00000   20.60771  35.6%   316 5232s
 668850 127101     cutoff   46        32.00000   20.63002  35.5%   316 5253s
 670888 127065     cutoff   55        32.00000   20.65134  35.5%   317 5274s
 672559 127041   27.65731   49  402   32.00000   20.67122  35.4%   318 5294s
 674041 126976 infeasible   62        32.00000   20.68811  35.3%   318 5315s
 675902 126981     cutoff   47        32.00000   20.70947  35.3%   319 5335s
 677711 126935     cutoff   62        32.00000   20.73283  35.2%   319 5355s
 679373 126926   23.43485   49  486   32.00000   20.75433  35.1%   320 5374s
 681241 126845   29.66667   60   70   32.00000   20.77359  35.1%   321 5394s
 682855 126708     cutoff   46        32.00000   20.79169  35.0%   321 5414s
 684336 126780     cutoff   59        32.00000   20.81771  34.9%   322 5433s
 686303 126683   26.38839   49  480   32.00000   20.83818  34.9%   322 5447s
 687338 126675   26.50768   48  530   32.00000   20.85401  34.8%   323 5469s
 689229 126628     cutoff   60        32.00000   20.87448  34.8%   323 5490s
 691083 126651   23.03773   57  484   32.00000   20.89412  34.7%   324 5509s
 692902 126666 infeasible   70        32.00000   20.91209  34.6%   325 5528s
 694491 126590   26.49195   43  392   32.00000   20.93430  34.6%   325 5547s
 696079 126595   24.65712   53  382   32.00000   20.95246  34.5%   326 5566s
 697914 126565 infeasible   48        32.00000   20.97564  34.5%   326 5584s
 699414 126484   28.27093   49  527   32.00000   20.99310  34.4%   327 5603s
 700918 126480     cutoff   54        32.00000   21.00790  34.4%   327 5622s
 702640 126461     cutoff   65        32.00000   21.03042  34.3%   328 5641s
 704265 126531   22.89073   46  596   32.00000   21.04782  34.2%   328 5660s
 706077 126494   26.41441   50  540   32.00000   21.06141  34.2%   329 5679s
 707608 126400     cutoff   47        32.00000   21.08404  34.1%   329 5697s
 709094 126387     cutoff   59        32.00000   21.10145  34.1%   330 5717s
 710879 126332 infeasible   52        32.00000   21.12080  34.0%   331 5735s
 711986 126358   25.94125   49  491   32.00000   21.12692  34.0%   331 5755s
 713786 126304   29.64558   64  342   32.00000   21.15541  33.9%   332 5770s
 714960 126239   23.89537   50  455   32.00000   21.16942  33.8%   332 5790s
 716627 126183     cutoff   68        32.00000   21.19159  33.8%   333 5810s
 718355 126154     cutoff   61        32.00000   21.21054  33.7%   333 5829s
 720052 126153   27.45992   45  443   32.00000   21.23032  33.7%   334 5848s
 721786 126004   24.76340   44  544   32.00000   21.25097  33.6%   334 5867s
 723275 125993     cutoff   52        32.00000   21.26790  33.5%   335 5887s
 725015 125901     cutoff   59        32.00000   21.28788  33.5%   335 5906s
 726505 125767   29.23962   65  311   32.00000   21.30660  33.4%   336 5926s
 727959 125782     cutoff   57        32.00000   21.33076  33.3%   336 5945s
 729849 125717     cutoff   67        32.00000   21.34932  33.3%   337 5964s
 731562 125678     cutoff   57        32.00000   21.36657  33.2%   337 5983s
 733177 125613     cutoff   63        32.00000   21.38605  33.2%   338 6002s
 734772 125600   27.39244   51  445   32.00000   21.40398  33.1%   338 6021s
 736550 125512   27.39544   51  469   32.00000   21.42613  33.0%   339 6036s
 737699 125473     cutoff   53        32.00000   21.43869  33.0%   339 6056s
 739430 125463   23.48087   55  532   32.00000   21.45945  32.9%   340 6076s
 741157 125380   28.36386   64  354   32.00000   21.47993  32.9%   340 6095s
 742411 125328   28.76636   57  352   32.00000   21.49944  32.8%   341 6115s
 744170 125319   27.35971   43  698   32.00000   21.51700  32.8%   341 6135s
 745881 125152   26.18374   48  526   32.00000   21.53790  32.7%   342 6155s
 747399 125095   24.64966   52  554   32.00000   21.56047  32.6%   342 6175s
 749054 125099   28.70937   56  518   32.00000   21.58027  32.6%   343 6195s
 751043 125005   22.52971   48  621   32.00000   21.59899  32.5%   343 6214s
 752671 124972   28.66860   53  570   32.00000   21.61907  32.4%   344 6233s
 754288 124949     cutoff   59        32.00000   21.63899  32.4%   344 6253s
 756019 124837   24.38794   53  575   32.00000   21.65755  32.3%   345 6272s
 757737 124758   28.75041   48  471   32.00000   21.67761  32.3%   345 6292s
 759307 124672 infeasible   57        32.00000   21.69637  32.2%   346 6310s
 760762 124593     cutoff   58        32.00000   21.70167  32.2%   346 6330s
 762393 124441     cutoff   47        32.00000   21.73253  32.1%   347 6349s
 764040 124384   25.98080   44  571   32.00000   21.75224  32.0%   347 6368s
 765857 124238   27.42742   53  442   32.00000   21.76964  32.0%   348 6387s
 767329 124197   27.89025   64  496   32.00000   21.79028  31.9%   348 6406s
 768851 124178     cutoff   58        32.00000   21.81138  31.8%   348 6423s
 769267 124103   25.90592   59  386   32.00000   21.81138  31.8%   349 6441s
 770065 124047   25.06268   46  465   32.00000   21.81357  31.8%   349 6460s
 771221 123934     cutoff   53        32.00000   21.81671  31.8%   349 6481s
 772618 123817 infeasible   41        32.00000   21.83017  31.8%   350 6504s
 774271 123808   25.72386   47  499   32.00000   21.85104  31.7%   350 6527s
 776256 123691     cutoff   68        32.00000   21.88155  31.6%   351 6542s
 777421 123619     cutoff   61        32.00000   21.90572  31.5%   351 6562s
 779165 123489   28.32797   48  469   32.00000   21.92124  31.5%   351 6582s
 780842 123352     cutoff   51        32.00000   21.95314  31.4%   352 6602s
 782410 123248     cutoff   68        32.00000   21.97428  31.3%   352 6622s
 784238 123055   29.22502   48  419   32.00000   21.99188  31.3%   353 6642s
 785780 122987     cutoff   69        32.00000   22.01526  31.2%   353 6662s
 787189 122853   24.75525   46  346   32.00000   22.03233  31.1%   354 6682s
 788835 122693     cutoff   54        32.00000   22.05028  31.1%   354 6702s
 790513 122566   25.94891   47  539   32.00000   22.07194  31.0%   355 6722s
 792211 122369     cutoff   57        32.00000   22.09300  31.0%   355 6742s
 793741 122290     cutoff   64        32.00000   22.11290  30.9%   356 6762s
 795515 122114 infeasible   55        32.00000   22.13457  30.8%   356 6782s
 797106 122055     cutoff   44        32.00000   22.15266  30.8%   357 6802s
 798836 121913     cutoff   63        32.00000   22.17592  30.7%   357 6822s
 800238 121703   29.28082   49  198   32.00000   22.19056  30.7%   358 6842s
 801856 121601     cutoff   67        32.00000   22.21650  30.6%   358 6862s
 803629 121393   26.38815   49  316   32.00000   22.23410  30.5%   359 6882s
 805282 121187   29.32423   49  381   32.00000   22.25766  30.4%   359 6902s
 806888 121175   28.04201   55  451   32.00000   22.28379  30.4%   360 6922s
 808866 120997     cutoff   59        32.00000   22.30412  30.3%   360 6941s
 810415 120815     cutoff   50        32.00000   22.31967  30.3%   360 6961s
 811670 120769     cutoff   59        32.00000   22.32435  30.2%   361 6980s
 812950 120680   29.05048   43  566   32.00000   22.33112  30.2%   361 6995s
 813981 120497     cutoff   44        32.00000   22.33112  30.2%   361 7019s
 815776 120386   28.68687   52  535   32.00000   22.38668  30.0%   362 7041s
 817870 120172   29.05381   51  442   32.00000   22.41079  30.0%   362 7061s
 819420 119954     cutoff   46        32.00000   22.43238  29.9%   363 7082s
 821031 119818   25.54216   46  488   32.00000   22.45320  29.8%   363 7102s
 822900 119589     cutoff   48        32.00000   22.47516  29.8%   364 7122s
 824553 119391   24.41381   45  505   32.00000   22.49796  29.7%   364 7143s
 826124 119260   27.69832   57  390   32.00000   22.51501  29.6%   365 7162s
 827884 119119   29.54711   49  558   32.00000   22.53709  29.6%   365 7182s
 829309 118988   24.38595   62  423   32.00000   22.55713  29.5%   366 7202s
 831081 118729     cutoff   52        32.00000   22.58046  29.4%   366 7222s
 832545 118532   25.94422   58  396   32.00000   22.60015  29.4%   366 7242s
 834181 118341   28.69569   48  518   32.00000   22.62368  29.3%   367 7263s
 835970 118145   26.84270   40  633   32.00000   22.64403  29.2%   367 7283s
 837607 117919     cutoff   52        32.00000   22.66827  29.2%   368 7303s
 839200 117733   29.17795   56  379   32.00000   22.68795  29.1%   368 7323s
 841006 117511   29.95663   52  442   32.00000   22.71004  29.0%   369 7343s
 842612 117347     cutoff   56        32.00000   22.73573  29.0%   369 7363s
 844259 117123   29.73851   57  451   32.00000   22.75513  28.9%   369 7383s
 845895 116935   25.20335   46  646   32.00000   22.77665  28.8%   370 7402s
 847570 116725   28.73469   52  377   32.00000   22.79878  28.8%   370 7422s
 849088 116451   27.65407   56  389   32.00000   22.82214  28.7%   371 7443s
 850666 116225   26.23811   47  450   32.00000   22.84612  28.6%   371 7463s
 852419 116051   28.33452   59  510   32.00000   22.86870  28.5%   372 7483s
 853965 115851   29.04441   45  575   32.00000   22.87279  28.5%   372 7502s
 855474 115684   26.45028   43  657   32.00000   22.88956  28.5%   372 7522s
 857193 115476 infeasible   65        32.00000   22.90440  28.4%   373 7543s
 858876 115238   25.54668   48  448   32.00000   22.94540  28.3%   373 7563s
 860597 114992   25.32032   50  472   32.00000   22.97208  28.2%   373 7583s
 862047 114754   29.04282   51  495   32.00000   22.99443  28.1%   374 7603s
 863726 114530     cutoff   62        32.00000   23.01542  28.1%   374 7623s
 865451 114263 infeasible   49        32.00000   23.03790  28.0%   375 7643s
 867113 114053   25.45925   45  570   32.00000   23.05799  27.9%   375 7663s
 869040 113744   28.87222   49  547   32.00000   23.08197  27.9%   375 7682s
 870579 113396 infeasible   61        32.00000   23.10100  27.8%   376 7702s
 872116 113181   28.64444   47  609   32.00000   23.12909  27.7%   376 7721s
 873826 112905     cutoff   52        32.00000   23.15271  27.6%   376 7741s
 875516 112724     cutoff   60        32.00000   23.17939  27.6%   377 7761s
 876883 112528     cutoff   62        32.00000   23.18328  27.6%   377 7780s
 878467 112250   27.15089   59  508   32.00000   23.20077  27.5%   377 7800s
 880017 112003   28.96425   42  512   32.00000   23.22694  27.4%   378 7820s
 881745 111793   29.69543   58  402   32.00000   23.25864  27.3%   378 7840s
 883412 111587   29.16029   54  226   32.00000   23.27574  27.3%   379 7860s
 885025 111257     cutoff   46        32.00000   23.29976  27.2%   379 7880s
 886653 110996   25.10229   54  460   32.00000   23.32257  27.1%   379 7900s
 888322 110715 infeasible   49        32.00000   23.34644  27.0%   380 7920s
 890115 110408     cutoff   63        32.00000   23.36950  27.0%   380 7939s
 891665 110178   27.58906   49  355   32.00000   23.39460  26.9%   380 7959s
 893496 109860   29.72247   66  517   32.00000   23.41846  26.8%   381 7978s
 895082 109559   28.12539   49  353   32.00000   23.44021  26.7%   381 7998s
 896722 109356   28.84442   64  472   32.00000   23.46325  26.7%   381 8018s
 898472 109093   27.25089   48  518   32.00000   23.48386  26.6%   382 8037s
 899890 108812   28.25789   63  524   32.00000   23.49297  26.6%   382 8056s
 901398 108510 infeasible   49        32.00000   23.50425  26.5%   382 8076s
 902854 108182   25.13374   55  485   32.00000   23.54392  26.4%   383 8096s
 904473 107837     cutoff   49        32.00000   23.57212  26.3%   383 8117s
 906129 107520     cutoff   49        32.00000   23.59646  26.3%   384 8137s
 907715 107136     cutoff   56        32.00000   23.62280  26.2%   384 8157s
 909144 106863   27.56756   48  415   32.00000   23.64363  26.1%   384 8177s
 910799 106530   29.52498   51  456   32.00000   23.66909  26.0%   385 8197s
 912463 106213     cutoff   62        32.00000   23.68731  26.0%   385 8218s
 914257 105954   27.92002   40  482   32.00000   23.71246  25.9%   385 8238s
 915787 105571     cutoff   65        32.00000   23.73759  25.8%   386 8259s
 917448 105211   29.93871   45  456   32.00000   23.76220  25.7%   386 8279s
 919160 104857     cutoff   58        32.00000   23.78631  25.7%   386 8299s
 920707 104595     cutoff   47        32.00000   23.80974  25.6%   387 8319s
 921923 104374   27.44349   46  556   32.00000   23.81058  25.6%   387 8339s
 923077 104063     cutoff   46        32.00000   23.81612  25.6%   387 8360s
 924588 103772   28.79829   47  394   32.00000   23.82224  25.6%   388 8382s
 926374 103431     cutoff   55        32.00000   23.84961  25.5%   388 8403s
 928105 103119   28.91682   51  566   32.00000   23.91190  25.3%   388 8424s
 930033 102729   26.91674   46  471   32.00000   23.94288  25.2%   389 8445s
 931802 102320   26.30100   48  494   32.00000   23.96546  25.1%   389 8465s
 933482 101966     cutoff   49        32.00000   23.99395  25.0%   389 8486s
 935347 101542     cutoff   72        32.00000   24.01450  25.0%   390 8506s
 936786 101150     cutoff   61        32.00000   24.03681  24.9%   390 8526s
 938497 100737     cutoff   57        32.00000   24.06048  24.8%   390 8546s
 940123 100273 infeasible   51        32.00000   24.08982  24.7%   391 8566s
 941670 99925   28.43847   61  485   32.00000   24.11517  24.6%   391 8587s
 943415 99521     cutoff   49        32.00000   24.13937  24.6%   391 8607s
 945140 99122   28.17721   47  540   32.00000   24.16806  24.5%   392 8627s
 946988 98730     cutoff   52        32.00000   24.19635  24.4%   392 8647s
 948709 98305     cutoff   54        32.00000   24.21899  24.3%   392 8667s
 950279 97906     cutoff   54        32.00000   24.24557  24.2%   393 8687s
 952132 97545     cutoff   64        32.00000   24.26775  24.2%   393 8706s
 953656 97129   28.07813   50  514   32.00000   24.29716  24.1%   393 8725s
 955232 96745 infeasible   56        32.00000   24.32096  24.0%   393 8745s
 956755 96268   27.20081   51  561   32.00000   24.34882  23.9%   394 8764s
 958416 95894   29.32478   62  510   32.00000   24.37349  23.8%   394 8784s
 960141 95414     cutoff   49        32.00000   24.39736  23.8%   394 8804s
 961627 94917     cutoff   44        32.00000   24.42313  23.7%   395 8824s
 963272 94461     cutoff   54        32.00000   24.44967  23.6%   395 8844s
 964914 93960   28.71626   51  425   32.00000   24.47820  23.5%   395 8863s
 966545 93444     cutoff   54        32.00000   24.50259  23.4%   396 8883s
 968166 93007   28.80832   47  532   32.00000   24.53342  23.3%   396 8903s
 969820 92508     cutoff   71        32.00000   24.56129  23.2%   396 8923s
 971420 92044 infeasible   62        32.00000   24.58614  23.2%   397 8942s
 973046 91488     cutoff   54        32.00000   24.61618  23.1%   397 8962s
 974572 90943     cutoff   50        32.00000   24.64174  23.0%   397 8982s
 976205 90473   27.52964   47  425   32.00000   24.67376  22.9%   397 9002s
 977914 89926     cutoff   51        32.00000   24.70212  22.8%   398 9021s
 979538 89583     cutoff   67        32.00000   24.73167  22.7%   398 9041s
 981044 89113     cutoff   63        32.00000   24.75336  22.6%   398 9061s
 982745 88596   28.63561   47  532   32.00000   24.78648  22.5%   399 9081s
 984380 88089     cutoff   62        32.00000   24.81346  22.5%   399 9102s
 986093 87543   26.91535   46  505   32.00000   24.84246  22.4%   399 9121s
 987742 87025   28.20298   58  452   32.00000   24.87103  22.3%   399 9141s
 989499 86465     cutoff   55        32.00000   24.89759  22.2%   400 9161s
 991117 85921   27.83516   50  489   32.00000   24.93040  22.1%   400 9180s
 992735 85394 infeasible   54        32.00000   24.95773  22.0%   400 9200s
 994406 84884     cutoff   50        32.00000   24.98859  21.9%   400 9219s
 996082 84263     cutoff   53        32.00000   25.01204  21.8%   401 9239s
 997667 83677     cutoff   45        32.00000   25.04334  21.7%   401 9258s
 999385 83112   29.42721   47  555   32.00000   25.07778  21.6%   401 9278s
 1001018 82525     cutoff   57        32.00000   25.10992  21.5%   402 9297s
 1002622 81951   26.43443   48  594   32.00000   25.13882  21.4%   402 9316s
 1004373 81333   28.68817   51  565   32.00000   25.16527  21.4%   402 9335s
 1005993 81034     cutoff   56        32.00000   25.19923  21.3%   402 9354s
 1006974 80568   27.24402   54  395   32.00000   25.19965  21.3%   402 9373s
 1008255 79963 infeasible   53        32.00000   25.20825  21.2%   403 9394s
 1009887 79335   28.96023   51  407   32.00000   25.21579  21.2%   403 9414s
 1011481 78715   29.36925   52  479   32.00000   25.25502  21.1%   403 9434s
 1013242 78151     cutoff   59        32.00000   25.29493  21.0%   403 9455s
 1015064 77418     cutoff   52        32.00000   25.35780  20.8%   403 9474s
 1016872 76783   27.94823   61  500   32.00000   25.39296  20.6%   404 9494s
 1018809 76095     cutoff   59        32.00000   25.42604  20.5%   404 9513s
 1020437 75422     cutoff   55        32.00000   25.46353  20.4%   404 9533s
 1022049 74809   29.64011   51  597   32.00000   25.49203  20.3%   404 9552s
 1023819 74110   29.02888   60  495   32.00000   25.52765  20.2%   405 9571s
 1025287 73471   28.49692   52  512   32.00000   25.55722  20.1%   405 9590s
 1027185 72789   27.71813   54  527   32.00000   25.58323  20.1%   405 9608s
 1028907 72065   29.16053   60  492   32.00000   25.62035  19.9%   405 9627s
 1030535 71335     cutoff   58        32.00000   25.65329  19.8%   405 9646s
 1032315 71019     cutoff   60        32.00000   25.68294  19.7%   406 9663s
 1033068 70437   28.40614   51  350   32.00000   25.68853  19.7%   406 9682s
 1034327 69834     cutoff   51        32.00000   25.69195  19.7%   406 9702s
 1035672 69126     cutoff   52        32.00000   25.70411  19.7%   406 9722s
 1037401 68326     cutoff   45        32.00000   25.77424  19.5%   406 9742s
 1039337 67455     cutoff   50        32.00000   25.82565  19.3%   406 9762s
 1041049 66757     cutoff   55        32.00000   25.86640  19.2%   407 9781s
 1042874 65892     cutoff   54        32.00000   25.90177  19.1%   407 9800s
 1044618 65098     cutoff   54        32.00000   25.94012  18.9%   407 9819s
 1046327 64202     cutoff   74        32.00000   25.97827  18.8%   407 9838s
 1048127 63332     cutoff   62        32.00000   26.01335  18.7%   407 9857s
 1049820 62484   27.65865   47  535   32.00000   26.04643  18.6%   407 9875s
 1051517 61632     cutoff   59        32.00000   26.08231  18.5%   407 9893s
 1053250 60715   29.06928   50  451   32.00000   26.12585  18.4%   408 9911s
 1054960 59865     cutoff   49        32.00000   26.16143  18.2%   408 9930s
 1056627 58873     cutoff   55        32.00000   26.19660  18.1%   408 9948s
 1058381 57962     cutoff   56        32.00000   26.23707  18.0%   408 9965s
 1060182 57022     cutoff   47        32.00000   26.27477  17.9%   408 9983s
 1061862 56034     cutoff   53        32.00000   26.31226  17.8%   408 10000s
 1063675 55095   28.65640   49  633   32.00000   26.35168  17.7%   408 10018s
 1065366 54142   28.06521   60  578   32.00000   26.40060  17.5%   408 10035s
 1067049 53277     cutoff   66        32.00000   26.43927  17.4%   408 10052s
 1068519 52363   29.94396   54  543   32.00000   26.47256  17.3%   409 10069s
 1070233 51418     cutoff   56        32.00000   26.51674  17.1%   409 10086s
 1072039 50339 infeasible   57        32.00000   26.55494  17.0%   409 10103s
 1073733 49316 infeasible   44        32.00000   26.59632  16.9%   409 10120s
 1075391 48301     cutoff   47        32.00000   26.64324  16.7%   409 10137s
 1077226 47181     cutoff   46        32.00000   26.68149  16.6%   409 10153s
 1078972 46130   27.83250   44  687   32.00000   26.72821  16.5%   409 10170s
 1080772 44992     cutoff   54        32.00000   26.77721  16.3%   409 10186s
 1082517 43874     cutoff   56        32.00000   26.82658  16.2%   409 10201s
 1084278 42779     cutoff   41        32.00000   26.86889  16.0%   409 10217s
 1086057 41733     cutoff   51        32.00000   26.91135  15.9%   409 10233s
 1087635 40658     cutoff   45        32.00000   26.92252  15.9%   409 10248s
 1089267 39695     cutoff   57        32.00000   26.94963  15.8%   409 10264s
 1090664 38518     cutoff   50        32.00000   27.01509  15.6%   409 10280s
 1092366 37410   29.70277   48  340   32.00000   27.05472  15.5%   409 10296s
 1094058 36130   29.19437   57  467   32.00000   27.12372  15.2%   409 10311s
 1095821 34738     cutoff   68        32.00000   27.15007  15.2%   409 10327s
 1097690 33356     cutoff   51        32.00000   27.24923  14.8%   409 10342s
 1099586 31984   28.72116   43  410   32.00000   27.30358  14.7%   409 10357s
 1101441 30588     cutoff   61        32.00000   27.36466  14.5%   409 10372s
 1103323 29229     cutoff   64        32.00000   27.43357  14.3%   409 10386s
 1105155 27779     cutoff   48        32.00000   27.48184  14.1%   408 10400s
 1107093 26315     cutoff   72        32.00000   27.54760  13.9%   408 10414s
 1108967 24650     cutoff   66        32.00000   27.60240  13.7%   408 10428s
 1110956 23090     cutoff   44        32.00000   27.68198  13.5%   408 10441s
 1112822 21465     cutoff   45        32.00000   27.75488  13.3%   408 10454s
 1114742 19774     cutoff   52        32.00000   27.82935  13.0%   408 10466s
 1116727 17838     cutoff   56        32.00000   27.90633  12.8%   407 10478s
 1118895 15853     cutoff   54        32.00000   27.99789  12.5%   407 10490s
 1121108 13972   29.46437   49  576   32.00000   28.07619  12.3%   407 10501s
 1123137 11828 infeasible   50        32.00000   28.17992  11.9%   406 10512s
 1125416  9764     cutoff   73        32.00000   28.30265  11.6%   406 10522s
 1127636  7217     cutoff   72        32.00000   28.41380  11.2%   405 10531s
 1130240  4368     cutoff   47        32.00000   28.56445  10.7%   405 10540s
 1133129   774     cutoff   64        32.00000   28.84953  9.85%   404 10546s

Cutting planes:
  Gomory: 84
  Lift-and-project: 5
  Cover: 489
  Implied bound: 422
  Clique: 39
  MIR: 1303
  StrongCG: 146
  Flow cover: 959
  GUB cover: 7
  Inf proof: 189
  Zero half: 41
  RLT: 7
  Relax-and-lift: 8

Explored 1137516 nodes (457743367 simplex iterations) in 10547.03 seconds (8140.24 work units)
Thread count was 16 (of 16 available processors)

Solution count 6: 32 34 36 ... 44

Optimal solution found (tolerance 1.00e-04)
Best objective 3.200000000000e+01, best bound 3.200000000000e+01, gap 0.0000%
