Set parameter WLSAccessID
Set parameter WLSSecret
Set parameter LicenseID to value 2831685
Academic license 2831685 - for non-commercial use only - registered to fl___@protonmail.com
Warning: unknown variable 'y3_0' in binary section
Warning: unknown variable 'y3_1' in binary section
Warning: unknown variable 'y3_2' in binary section
Warning: unknown variable 'y3_3' in binary section
Warning: unknown variable 'y3_4' in binary section
Warning: unknown variable 'y3_5' in binary section
Warning: unknown variable 'y3_6' in binary section
Warning: unknown variable 'y3_7' in binary section
Warning: unknown variable 'y3_8' in binary section
Warning: unknown variable 'y3_9' in binary section
Warning: unknown variable 'y3_10' in binary section
Warning: unknown variable 'y3_11' in binary section
Warning: unknown variable 'y3_12' in binary section
Warning: unknown variable 'y3_13' in binary section
Warning: unknown variable 'y3_14' in binary section
Warning: unknown variable 'y3_15' in binary section
Warning: unknown variable 'y3_16' in binary section
Warning: unknown variable 'y3_17' in binary section
Warning: unknown variable 'y3_18' in binary section
Warning: unknown variable 'y3_19' in binary section
Warning: unknown variable 'y3_20' in binary section
Warning: unknown variable 'y3_21' in binary section
Warning: unknown variable 'y3_22' in binary section
Warning: unknown variable 'y3_23' in binary section
Warning: unknown variable 'y3_24' in binary section
Warning: unknown variable 'y3_25' in binary section
Warning: unknown variable 'y3_26' in binary section
Warning: unknown variable 'y3_27' in binary section
Warning: unknown variable 'y3_28' in binary section
Warning: unknown variable 'y3_29' in binary section
Warning: unknown variable 'y3_30' in binary section
Warning: unknown variable 'y3_31' in binary section
Warning: unknown variable 'y3_32' in binary section
Warning: unknown variable 'y3_33' in binary section
Warning: unknown variable 'y3_34' in binary section
Warning: unknown variable 'y3_35' in binary section
Warning: unknown variable 'y3_36' in binary section
Warning: unknown variable 'y3_37' in binary section
Warning: unknown variable 'y3_38' in binary section
Warning: unknown variable 'y3_39' in binary section
Warning: unknown variable 'y3_40' in binary section
Warning: unknown variable 'y3_41' in binary section
Warning: unknown variable 'y3_42' in binary section
Warning: unknown variable 'y3_43' in binary section
Warning: unknown variable 'y3_44' in binary section
Warning: unknown variable 'y3_45' in binary section
Warning: unknown variable 'y3_46' in binary section
Warning: unknown variable 'y3_47' in binary section
Warning: unknown variable 'y3_48' in binary section
Warning: unknown variable 'y3_49' in binary section
Warning: unknown variable 'y3_50' in binary section
Warning: unknown variable 'y3_51' in binary section
Warning: unknown variable 'y3_52' in binary section
Warning: unknown variable 'y3_53' in binary section
Warning: unknown variable 'y3_54' in binary section
Warning: unknown variable 'y3_55' in binary section
Warning: unknown variable 'y3_56' in binary section
Warning: unknown variable 'y3_57' in binary section
Warning: unknown variable 'y3_58' in binary section
Warning: unknown variable 'y3_59' in binary section
Warning: unknown variable 'y3_60' in binary section
Warning: unknown variable 'y3_61' in binary section
Warning: unknown variable 'y3_62' in binary section
Warning: unknown variable 'y3_63' in binary section
Read LP format model from file models/prince_2_4_reduced.lp
Reading time = 0.04 seconds
: 708 rows, 1280 columns, 2480 nonzeros
Set parameter LazyConstraints to value 1
Gurobi Optimizer version 13.0.2 build v13.0.2rc1 (linux64 - "Ubuntu 24.04.4 LTS")

CPU model: 13th Gen Intel(R) Core(TM) i5-1340P, instruction set [SSE2|AVX|AVX2]
Thread count: 8 physical cores, 16 logical processors, using up to 16 threads

Non-default parameters:
LazyConstraints  1

Academic license 2831685 - for non-commercial use only - registered to fl___@protonmail.com
Optimize a model with 1860 rows, 1280 columns and 7344 nonzeros (Min)
Model fingerprint: 0xa986236c
Model has 128 linear objective coefficients
Variable types: 0 continuous, 1280 integer (1280 binary)
Coefficient statistics:
  Matrix range     [1e+00, 4e+00]
  Objective range  [2e+00, 4e+00]
  Bounds range     [1e+00, 1e+00]
  RHS range        [1e+00, 4e+00]

Presolve removed 192 rows and 192 columns
Presolve time: 0.01s
Presolved: 1668 rows, 1088 columns, 6960 nonzeros
Variable types: 0 continuous, 1088 integer (1088 binary)

Root relaxation: objective 5.000000e-01, 89 iterations, 0.00 seconds (0.00 work units)

    Nodes    |    Current Node    |     Objective Bounds      |     Work
 Expl Unexpl |  Obj  Depth IntInf | Incumbent    BestBd   Gap | It/Node Time

     0     0    0.50000    0    9          -    0.50000      -     -    0s
     0     0    2.00000    0    8          -    2.00000      -     -    0s
     0     0    2.00000    0    8          -    2.00000      -     -    0s
     0     0    2.00000    0    5          -    2.00000      -     -    0s
     0     0    2.00000    0   15          -    2.00000      -     -    0s
     0     0    2.00000    0    4          -    2.00000      -     -    0s
     0     0    2.00000    0    3          -    2.00000      -     -    0s
     0     0    2.00000    0    7          -    2.00000      -     -    0s
     0     0    2.00000    0   18          -    2.00000      -     -    0s
     0     0    2.00000    0   14          -    2.00000      -     -    0s
     0     0    2.00000    0    4          -    2.00000      -     -    0s
     0     0    2.00000    0    5          -    2.00000      -     -    0s
     0     0    2.00000    0    6          -    2.00000      -     -    0s
     0     0    2.00000    0   19          -    2.00000      -     -    0s
     0     0    2.00000    0   14          -    2.00000      -     -    0s
     0     0    2.00000    0   14          -    2.00000      -     -    0s
     0     0    2.00000    0   14          -    2.00000      -     -    0s
     0     2    2.00000    0   14          -    2.00000      -     -    0s
* 8807  4574              73      42.0000000    6.00000  85.7%  16.8    4s
H 9157  4658                      40.0000000    6.00000  85.0%  16.7    4s
H 9338  4720                      36.0000000    7.00000  80.6%  16.7    4s
H10134  4873                      34.0000000    8.00000  76.5%  16.4    4s
 10854  5142 infeasible   54        34.00000    8.00000  76.5%  16.5    5s
 16921  7359 infeasible   30        34.00000    8.00000  76.5%  27.6   10s
 21460  9219   23.98476   41  217   34.00000   10.00000  70.6%  37.2   15s
 24290 10281   19.00727   34  183   34.00000   10.00000  70.6%  44.3   20s
 27583 11590   16.59385   39  414   34.00000   10.00000  70.6%  51.1   25s
 30387 12750     cutoff   31        34.00000   10.50000  69.1%  56.2   30s
 32700 13390   15.75624   33  269   34.00000   11.00000  67.6%  59.9   36s
 33799 13921   16.54219   24  435   34.00000   11.09165  67.4%  62.0   40s
H33829 13784                      32.0000000   11.09165  65.3%  62.1   40s
 35750 14500   17.89273   37  406   32.00000   11.55556  63.9%  64.8   45s
 38054 15242     cutoff   33        32.00000   12.00000  62.5%  68.9   50s
 39698 15493   19.61429   32  419   32.00000   12.00000  62.5%  72.4   55s
 41784 16234     cutoff   38        32.00000   12.00000  62.5%  77.0   61s
 43781 16802 infeasible   32        32.00000   12.00000  62.5%  80.9   66s
 45865 17273   24.92467   28  243   32.00000   12.00000  62.5%  84.6   72s
 47610 17994   20.35417   37  323   32.00000   12.14286  62.1%  86.8   77s
 49806 18744   22.10383   33  396   32.00000   12.41882  61.2%  88.9   82s
 50832 19148   24.42531   28  349   32.00000   12.65562  60.5%  89.9   85s
 53150 19607   20.55910   27  278   32.00000   12.89384  59.7%  91.3   91s
 54670 20331   21.76037   38  401   32.00000   13.00000  59.4%  92.7   97s
 55817 20672 infeasible   36        32.00000   13.18523  58.8%  93.7  100s
 58068 21323 infeasible   36        32.00000   13.48719  57.9%  95.4  106s
 60349 22035   17.07552   31  489   32.00000   13.71026  57.2%  97.1  112s
 61379 22353 infeasible   28        32.00000   13.82090  56.8%  98.0  115s
 63464 22793   20.33333   34  232   32.00000   14.00000  56.2%   100  121s
 64611 22956   19.26945   22  559   32.00000   14.00000  56.2%   101  125s
 66749 23256   21.10448   32  553   32.00000   14.00000  56.2%   105  131s
 67757 23493   25.85073   36  366   32.00000   14.00000  56.2%   106  135s
 70105 23875 infeasible   26        32.00000   14.00000  56.2%   109  142s
 70948 24037   26.19705   33  330   32.00000   14.00000  56.2%   110  145s
 73219 24679   22.57374   31  382   32.00000   14.06401  56.0%   111  152s
 74449 24990   17.07677   36  486   32.00000   14.18356  55.7%   112  155s
 75768 25027   20.03579   28  621   32.00000   14.26583  55.4%   112  163s
 75844 25088   20.03579   29  604   32.00000   14.26583  55.4%   112  166s
 76804 25708   18.07413   25  592   32.00000   14.34839  55.2%   113  173s
 78061 26045   26.43521   38  369   32.00000   14.46302  54.8%   113  177s
 79418 26059   18.18901   27  396   32.00000   14.61905  54.3%   114  181s
 79436 26073   19.19341   28  397   32.00000   14.61905  54.3%   114  185s
 79580 26167   22.57546   30  187   32.00000   14.62039  54.3%   114  192s
 79878 26290   17.27082   30  615   32.00000   14.62722  54.3%   114  196s
 80339 26474   27.36063   36  399   32.00000   14.62722  54.3%   114  200s
 81874 26848   18.51828   35  439   32.00000   14.68464  54.1%   115  208s
 82960 27131 infeasible   35        32.00000   14.77316  53.8%   116  212s
 84193 27528   24.61306   39  495   32.00000   14.94529  53.3%   117  217s
 85676 27853   19.30410   30  591   32.00000   15.09825  52.8%   117  221s
 86976 28299   26.85714   28  219   32.00000   15.20748  52.5%   118  226s
 88580 28534   24.46702   32  489   32.00000   15.28704  52.2%   118  230s
 89920 28891   19.54894   37  478   32.00000   15.36968  52.0%   119  235s
 92769 29583     cutoff   25        32.00000   15.58815  51.3%   120  244s
 94353 29873   20.69337   28  399   32.00000   15.66352  51.1%   120  248s
 95858 30172   24.62925   50  543   32.00000   15.75490  50.8%   121  253s
 97132 30495 infeasible   31        32.00000   15.83333  50.5%   121  258s
 98482 30673   20.98148   32  368   32.00000   15.93502  50.2%   122  262s
 99746 30762   28.00000   57  132   32.00000   16.00000  50.0%   123  267s
 101095 30859   23.22859   49  397   32.00000   16.00000  50.0%   124  271s
 102312 30885     cutoff   50        32.00000   16.00000  50.0%   126  276s
 103502 30937   28.44444   37  185   32.00000   16.00000  50.0%   127  282s
 104845 31045 infeasible   40        32.00000   16.00000  50.0%   129  286s
 106052 31242 infeasible   40        32.00000   16.01695  49.9%   129  291s
 107424 31459 infeasible   31        32.00000   16.14071  49.6%   130  296s
 108854 31798   25.78690   35  438   32.00000   16.21673  49.3%   130  300s
 110231 32039   28.80000   33  140   32.00000   16.28889  49.1%   131  305s
 111704 32298   20.47821   35  290   32.00000   16.35785  48.9%   131  310s
 113087 32552 infeasible   32        32.00000   16.44118  48.6%   131  315s
 114436 32770   20.69567   36  289   32.00000   16.50847  48.4%   132  320s
 117147 33273   28.62302   31  207   32.00000   16.63951  48.0%   132  329s
 118515 33550   19.32011   41  591   32.00000   16.70063  47.8%   133  334s
 119886 33848   18.96209   33  520   32.00000   16.74667  47.7%   133  339s
 121229 34076   24.88580   29  367   32.00000   16.81418  47.5%   133  344s
 122434 34314   20.72222   43  160   32.00000   16.85714  47.3%   134  349s
 123723 34450   27.25907   34  459   32.00000   16.92225  47.1%   134  354s
 124730 34576   27.06084   44  415   32.00000   16.95800  47.0%   135  359s
 126083 34802     cutoff   35        32.00000   17.00000  46.9%   135  364s
 127375 35024 infeasible   32        32.00000   17.07308  46.6%   136  369s
 128702 35214   26.22232   43  434   32.00000   17.13151  46.5%   136  374s
 129983 35476 infeasible   36        32.00000   17.18106  46.3%   137  379s
 131433 35628 infeasible   40        32.00000   17.26071  46.1%   137  384s
 132733 35759   25.71375   35  447   32.00000   17.32726  45.9%   137  389s
 134135 35950   24.78898   33  529   32.00000   17.36888  45.7%   138  394s
 135385 36058     cutoff   38        32.00000   17.44227  45.5%   138  399s
 136574 36275     cutoff   29        32.00000   17.49612  45.3%   139  404s
 137843 36496 infeasible   38        32.00000   17.56479  45.1%   139  410s
 139135 36650   27.10197   31  620   32.00000   17.60489  45.0%   139  415s
 140528 36894     cutoff   31        32.00000   17.66267  44.8%   140  420s
 141802 37115   22.43127   35  448   32.00000   17.70880  44.7%   140  425s
 143140 37269   25.12823   37  419   32.00000   17.75564  44.5%   140  431s
 144360 37475   23.34247   27  622   32.00000   17.81739  44.3%   141  436s
 145707 37607   26.91667   37  198   32.00000   17.87729  44.1%   141  441s
 146935 37789   28.08901   44  381   32.00000   17.95179  43.9%   141  446s
 148347 37614   23.73326   26  698   32.00000   18.00000  43.8%   142  452s
 149454 37400   23.55529   43  537   32.00000   18.00000  43.8%   143  460s
 151101 37542   27.94373   40  406   32.00000   18.00000  43.8%   145  468s
 153041 37653   27.48671   33  324   32.00000   18.04333  43.6%   146  473s
 154298 37757   23.40941   28  544   32.00000   18.11111  43.4%   146  479s
 155642 37882   22.06087   36  608   32.00000   18.16295  43.2%   146  484s
 156919 38053   25.22464   40  367   32.00000   18.21027  43.1%   147  490s
 158231 38225   28.19848   34  337   32.00000   18.25216  43.0%   147  495s
 159527 38362   25.20350   30  708   32.00000   18.28705  42.9%   147  501s
 160811 38487     cutoff   44        32.00000   18.34032  42.7%   148  506s
 162201 38714   23.17410   38  393   32.00000   18.41026  42.5%   148  512s
 163662 38830 infeasible   40        32.00000   18.46623  42.3%   148  518s
 164863 38973 infeasible   37        32.00000   18.50749  42.2%   148  524s
 166233 39091   23.27734   30  551   32.00000   18.55875  42.0%   148  529s
 167644 39198   27.74910   36  620   32.00000   18.60133  41.9%   149  535s
 168960 39298   25.44898   42  336   32.00000   18.66387  41.7%   149  541s
 170223 39393   25.40133   45  448   32.00000   18.69741  41.6%   149  547s
 171512 39561   20.79004   37  464   32.00000   18.75000  41.4%   150  553s
 172770 39659 infeasible   26        32.00000   18.79590  41.3%   150  559s
 173987 39802     cutoff   33        32.00000   18.84310  41.1%   150  565s
 175289 39818   23.44164   27  560   32.00000   18.88889  41.0%   151  571s
 175993 39900   26.18466   43  307   32.00000   18.90111  40.9%   151  576s
 177023 39947   20.80839   38  597   32.00000   18.92650  40.9%   151  583s
 178210 40063     cutoff   31        32.00000   18.96190  40.7%   152  589s
 179391 40167   22.37080   34  556   32.00000   19.00000  40.6%   152  595s
 180711 40236   24.53758   33  533   32.00000   19.07764  40.4%   152  601s
 182038 40372   27.01381   32  344   32.00000   19.12828  40.2%   153  607s
 183410 40447   22.66252   40  467   32.00000   19.17373  40.1%   153  614s
 184696 40613   28.38889   23  419   32.00000   19.21593  40.0%   153  620s
 185979 40684   26.00000   28  113   32.00000   19.26233  39.8%   153  626s
 187272 40714 infeasible   34        32.00000   19.31159  39.7%   154  633s
 188438 40823     cutoff   31        32.00000   19.34932  39.5%   154  639s
 189795 40921   24.03131   36  522   32.00000   19.38431  39.4%   154  645s
 191035 41046     cutoff   28        32.00000   19.44281  39.2%   155  652s
 192477 41136   27.37899   46  430   32.00000   19.48056  39.1%   155  658s
 193707 41204   22.48665   24  725   32.00000   19.52799  39.0%   155  665s
 194977 41270     cutoff   38        32.00000   19.57158  38.8%   155  671s
 196261 41329   27.00000   50  112   32.00000   19.61269  38.7%   156  678s
 197590 41363   21.41520   42  489   32.00000   19.65675  38.6%   156  685s
 198801 41461 infeasible   35        32.00000   19.69709  38.4%   156  691s
 200135 41495 infeasible   35        32.00000   19.74328  38.3%   156  698s
 201358 41560   25.72222   35  303   32.00000   19.78258  38.2%   157  705s
 202612 41619   26.91241   49  370   32.00000   19.82463  38.0%   157  713s
 203884 41711     cutoff   43        32.00000   19.87602  37.9%   157  720s
 205229 41767   27.56646   41  336   32.00000   19.90528  37.8%   157  727s
 206542 41751   25.46064   38  503   32.00000   19.94929  37.7%   157  734s
 207816 41243   25.74130   25  735   32.00000   19.99676  37.5%   158  743s
 209012 41239   28.42259   44  585   32.00000   20.00000  37.5%   160  753s
 210888 41228     cutoff   29        32.00000   20.04705  37.4%   160  764s
 212662 41222   23.49312   27  648   32.00000   20.10915  37.2%   161  773s
 214258 41224   26.63300   48  413   32.00000   20.17875  36.9%   161  780s
 215534 41271     cutoff   41        32.00000   20.22222  36.8%   162  789s
 216415 41271   26.42694   33  357   32.00000   20.22613  36.8%   162  790s
 217063 41311     cutoff   40        32.00000   20.26667  36.7%   162  797s
 218354 41306     cutoff   40        32.00000   20.31578  36.5%   162  804s
 219568 41318     cutoff   52        32.00000   20.35000  36.4%   163  814s
 221388 41268   26.71331   41  446   32.00000   20.40625  36.2%   163  821s
 222538 41280   25.15139   49  365   32.00000   20.44527  36.1%   163  831s
 224430 41307   27.41638   32  645   32.00000   20.50088  35.9%   164  839s
 225654 41311     cutoff   39        32.00000   20.54599  35.8%   164  846s
 226985 41235   24.32100   39  616   32.00000   20.57629  35.7%   164  855s
 228439 41184   26.74608   36  468   32.00000   20.63597  35.5%   164  864s
 230153 41123   24.66639   47  423   32.00000   20.68080  35.4%   165  874s
 231944 41134   27.09412   31  416   32.00000   20.74756  35.2%   165  883s
 233575 41107     cutoff   35        32.00000   20.79977  35.0%   165  890s
 234869 40998   24.57504   30  563   32.00000   20.83994  34.9%   165  899s
 236307 41047     cutoff   40        32.00000   20.89419  34.7%   166  909s
 238158 40944   27.28571   31  231   32.00000   20.95281  34.5%   166  919s
 239781 40856   26.69091   47  368   32.00000   21.01936  34.3%   166  928s
 241481 40824   25.35025   32  525   32.00000   21.06103  34.2%   167  937s
 243092 40793     cutoff   51        32.00000   21.11905  34.0%   167  947s
 244689 40751   28.88889   34  274   32.00000   21.18377  33.8%   167  956s
 246336 40659   28.47633   40  336   32.00000   21.24412  33.6%   168  966s
 247865 40613     cutoff   38        32.00000   21.29396  33.5%   168  975s
 249544 40491 infeasible   31        32.00000   21.36006  33.2%   168  985s
 251068 40411   26.82139   42  544   32.00000   21.40968  33.1%   169  994s
 252802 40361     cutoff   39        32.00000   21.46637  32.9%   169 1004s
 254522 40320     cutoff   40        32.00000   21.51501  32.8%   169 1011s
 255836 40226     cutoff   38        32.00000   21.56866  32.6%   169 1021s
 257501 40133     cutoff   44        32.00000   21.61975  32.4%   169 1030s
 258985 39971   26.05627   54  459   32.00000   21.66649  32.3%   170 1040s
 260507 39850   27.58854   38  501   32.00000   21.73125  32.1%   170 1050s
 262100 39735   28.50159   32  315   32.00000   21.79324  31.9%   170 1060s
 263784 39613 infeasible   38        32.00000   21.84994  31.7%   171 1069s
 265492 39443     cutoff   34        32.00000   21.92128  31.5%   171 1079s
 267054 38918 infeasible   49        32.00000   21.97222  31.3%   171 1089s
 268525 38767   29.07971   43  411   32.00000   22.00000  31.2%   172 1099s
 270131 38618   25.73782   31  595   32.00000   22.05359  31.1%   172 1109s
 271778 38398   28.93350   37  534   32.00000   22.10580  30.9%   173 1119s
 273513 38185   25.72020   40  595   32.00000   22.18077  30.7%   173 1129s
 275071 37973   26.59933   40  428   32.00000   22.23896  30.5%   173 1139s
 276732 37789   28.67634   40  516   32.00000   22.31333  30.3%   173 1150s
 278443 37598   26.78466   39  529   32.00000   22.37117  30.1%   174 1160s
 280092 37454     cutoff   40        32.00000   22.42097  29.9%   174 1169s
 281789 37243     cutoff   38        32.00000   22.48510  29.7%   174 1180s
 283266 37038   24.87146   36  603   32.00000   22.53762  29.6%   174 1190s
 285055 36804 infeasible   56        32.00000   22.60104  29.4%   175 1200s
 286657 36566   26.23958   27  302   32.00000   22.65419  29.2%   175 1211s
 288278 36299   28.37342   39  450   32.00000   22.71803  29.0%   175 1221s
 289877 35963     cutoff   45        32.00000   22.79279  28.8%   175 1230s
 291553 35745   27.52356   36  561   32.00000   22.86060  28.6%   176 1240s
 293135 35397   28.00000   46  124   32.00000   22.91867  28.4%   176 1250s
 294719 35274   29.72193   39  509   32.00000   22.98413  28.2%   176 1260s
 295271 35100     cutoff   40        32.00000   23.00000  28.1%   176 1270s
 296243 34911     cutoff   39        32.00000   23.00000  28.1%   176 1281s
 297496 34659   25.68858   43  511   32.00000   23.01474  28.1%   177 1292s
 299077 34319   28.02222   38  403   32.00000   23.06354  27.9%   177 1303s
 300959 33934     cutoff   32        32.00000   23.21519  27.5%   177 1314s
 302856 33627   27.28008   36  611   32.00000   23.31213  27.1%   177 1325s
 304756 33314     cutoff   43        32.00000   23.36998  27.0%   177 1336s
 306513 32840   27.86667   37   97   32.00000   23.44825  26.7%   178 1346s
 308196 32494   26.73201   40  581   32.00000   23.52074  26.5%   178 1357s
 310002 32137     cutoff   29        32.00000   23.59206  26.3%   178 1368s
 311725 31798   26.40000   35  280   32.00000   23.67617  26.0%   178 1378s
 313459 31425   28.04309   39  544   32.00000   23.74076  25.8%   178 1389s
 315139 31033 infeasible   31        32.00000   23.81699  25.6%   179 1399s
 316850 30600   27.39290   33  630   32.00000   23.88729  25.4%   179 1409s
 318654 29888     cutoff   44        32.00000   23.97186  25.1%   179 1419s
 320341 29519 infeasible   43        32.00000   24.01824  24.9%   179 1429s
 322004 29105   28.79662   39  418   32.00000   24.08748  24.7%   180 1439s
 323656 28691   26.98121   39  446   32.00000   24.16532  24.5%   180 1449s
 325305 28246   28.91353   40  528   32.00000   24.23773  24.3%   180 1458s
 327048 27753   28.09687   42  462   32.00000   24.31296  24.0%   180 1468s
 328664 27246   29.77651   45  507   32.00000   24.40000  23.8%   180 1478s
 330361 26715 infeasible   42        32.00000   24.47624  23.5%   180 1488s
 332039 26207     cutoff   26        32.00000   24.56210  23.2%   181 1498s
 333698 25667   29.43347   36  572   32.00000   24.64039  23.0%   181 1508s
 335390 25110   28.35468   44  518   32.00000   24.72126  22.7%   181 1518s
 337099 24582 infeasible   47        32.00000   24.81283  22.5%   181 1527s
 338778 24010   26.63140   37  638   32.00000   24.88889  22.2%   181 1537s
 340405 23423     cutoff   39        32.00000   24.97143  22.0%   181 1547s
 341996 22799 infeasible   36        32.00000   25.05379  21.7%   181 1556s
 343726 22231   28.41667   40  359   32.00000   25.14563  21.4%   181 1566s
 345433 21639     cutoff   38        32.00000   25.23077  21.2%   182 1576s
 347170 21041     cutoff   33        32.00000   25.33079  20.8%   182 1585s
 348766 20333     cutoff   37        32.00000   25.41024  20.6%   182 1595s
 350438 19642     cutoff   38        32.00000   25.50000  20.3%   182 1605s
 352065 18944   29.38860   34  547   32.00000   25.59040  20.0%   182 1614s
 353710 18319     cutoff   45        32.00000   25.68899  19.7%   182 1624s
 355417 17597     cutoff   37        32.00000   25.75000  19.5%   182 1634s
 357057 16723   26.41192   35  456   32.00000   25.87342  19.1%   182 1643s
 358769 15841     cutoff   46        32.00000   25.98682  18.8%   182 1652s
 360455 15012   29.37013   44  437   32.00000   26.08006  18.5%   182 1661s
 362105 14092   28.05590   51  438   32.00000   26.17391  18.2%   182 1671s
 363867 13155     cutoff   35        32.00000   26.28488  17.9%   182 1680s
 365592 12311   27.62564   36  534   32.00000   26.41379  17.5%   182 1690s
 367025 11437     cutoff   48        32.00000   26.43478  17.4%   182 1699s
 368601 10401     cutoff   36        32.00000   26.45363  17.3%   182 1708s
 370244  9262     cutoff   31        32.00000   26.62306  16.8%   182 1718s
 372090  8013     cutoff   26        32.00000   26.76000  16.4%   182 1727s
 374001  6539     cutoff   32        32.00000   27.00000  15.6%   182 1736s
 376101  4934     cutoff   44        32.00000   27.34828  14.5%   182 1745s
 378196  2887 infeasible   51        32.00000   27.63409  13.6%   182 1754s
 380648   464     cutoff   34        32.00000   28.00000  12.5%   181 1760s

Cutting planes:
  Gomory: 5
  Cover: 1789
  Clique: 1
  MIR: 295
  StrongCG: 175
  Flow cover: 747
  GUB cover: 1
  Inf proof: 34
  Zero half: 2
  RLT: 2

Explored 383805 nodes (69242266 simplex iterations) in 1761.31 seconds (1195.23 work units)
Thread count was 16 (of 16 available processors)

Solution count 5: 32 34 36 ... 42

Optimal solution found (tolerance 1.00e-04)
Best objective 3.200000000000e+01, best bound 3.200000000000e+01, gap 0.0000%

User-callback calls 858507, time in user-callback 4.23 sec
