Set parameter WLSAccessID
Set parameter WLSSecret
Set parameter LicenseID to value 2831685
Academic license 2831685 - for non-commercial use only - registered to fl___@protonmail.com
Read LP format model from file models/prince_1_4_full.lp
Reading time = 0.13 seconds
: 3524 rows, 896 columns, 21040 nonzeros
Gurobi Optimizer version 13.0.2 build v13.0.2rc1 (linux64 - "Ubuntu 24.04.4 LTS")

CPU model: 13th Gen Intel(R) Core(TM) i5-1340P, instruction set [SSE2|AVX|AVX2]
Thread count: 8 physical cores, 16 logical processors, using up to 16 threads

Academic license 2831685 - for non-commercial use only - registered to fl___@protonmail.com
Optimize a model with 3524 rows, 896 columns and 21040 nonzeros (Min)
Model fingerprint: 0x0d98f09d
Model has 128 linear objective coefficients
Variable types: 0 continuous, 896 integer (896 binary)
Coefficient statistics:
  Matrix range     [1e+00, 1e+01]
  Objective range  [2e+00, 4e+00]
  Bounds range     [1e+00, 1e+00]
  RHS range        [1e+00, 4e+00]

Presolve removed 272 rows and 208 columns
Presolve time: 0.04s
Presolved: 3252 rows, 688 columns, 20448 nonzeros
Variable types: 0 continuous, 688 integer (688 binary)

Root relaxation: objective 3.818806e-01, 538 iterations, 0.02 seconds (0.02 work units)

    Nodes    |    Current Node    |     Objective Bounds      |     Work
 Expl Unexpl |  Obj  Depth IntInf | Incumbent    BestBd   Gap | It/Node Time

     0     0    0.38188    0   27          -    0.38188      -     -    0s
H    0     0                      52.0000000    0.38188  99.3%     -    0s
H    0     0                      48.0000000    0.38188  99.2%     -    0s
     0     0    2.00000    0   50   48.00000    2.00000  95.8%     -    0s
H    0     0                      44.0000000    2.00000  95.5%     -    0s
     0     0    2.00000    0   23   44.00000    2.00000  95.5%     -    0s
H    0     0                      42.0000000    2.00000  95.2%     -    0s
     0     0    2.00000    0   22   42.00000    2.00000  95.2%     -    0s
     0     0    2.00000    0   23   42.00000    2.00000  95.2%     -    0s
     0     0    2.00000    0   15   42.00000    2.00000  95.2%     -    0s
     0     0    2.00000    0   15   42.00000    2.00000  95.2%     -    0s
     0     0    2.00000    0   15   42.00000    2.00000  95.2%     -    0s
     0     0    2.00000    0   15   42.00000    2.00000  95.2%     -    0s
     0     0    2.00000    0   15   42.00000    2.00000  95.2%     -    0s
     0     0    2.00000    0   13   42.00000    2.00000  95.2%     -    0s
     0     0    2.00000    0   13   42.00000    2.00000  95.2%     -    0s
     0     0    2.00000    0   19   42.00000    2.00000  95.2%     -    0s
     0     0    2.00000    0   19   42.00000    2.00000  95.2%     -    0s
     0     0    2.00000    0   20   42.00000    2.00000  95.2%     -    0s
     0     0    2.00000    0   19   42.00000    2.00000  95.2%     -    0s
     0     0    2.00000    0   19   42.00000    2.00000  95.2%     -    0s
     0     0    2.00000    0   19   42.00000    2.00000  95.2%     -    0s
     0     0    2.00000    0   20   42.00000    2.00000  95.2%     -    0s
     0     0    2.00000    0   15   42.00000    2.00000  95.2%     -    0s
     0     0    2.00000    0   15   42.00000    2.00000  95.2%     -    0s
     0     0    2.00000    0   15   42.00000    2.00000  95.2%     -    0s
H    0     0                      40.0000000    2.00000  95.0%     -    0s
     0     2    2.00000    0   15   40.00000    2.00000  95.0%     -    0s
H   18    24                      38.0000000    2.11833  94.4%   178    0s
H  224   202                      32.0000000    2.11833  93.4%   440    3s
   506   427   10.58468   11  262   32.00000    4.00000  87.5%   406    5s
  1308  1023     cutoff   24        32.00000    4.31740  86.5%   392   10s
  1818  1269   20.30141   23  369   32.00000    5.03524  84.3%   375   15s
  2198  1488    5.75934   25  163   32.00000    5.16878  83.8%   379   20s
  2408  1547   27.62761   38  149   32.00000    5.16878  83.8%   405   25s
  2620  1621   13.26909   33  187   32.00000    5.16878  83.8%   425   30s
  2846  1651 infeasible   39        32.00000    5.16878  83.8%   437   35s
  3045  1674 infeasible   34        32.00000    5.16878  83.8%   450   40s
  3342  1720   10.34605   22  378   32.00000    5.39309  83.1%   463   45s
  3724  1763   12.18872   25  315   32.00000    5.92443  81.5%   472   50s
  4146  1842   11.88661   24  179   32.00000    6.23262  80.5%   482   55s
  4600  1840    8.18045   21  224   32.00000    6.64653  79.2%   493   61s
  4864  1856   13.74354   27  364   32.00000    6.74728  78.9%   500   65s
  5276  1931   15.44513   31  173   32.00000    7.16822  77.6%   508   71s
  5642  2009     cutoff   43        32.00000    7.35055  77.0%   506   75s
  6222  2092 infeasible   31        32.00000    7.56446  76.4%   521   81s
  6530  2252   13.61561   27  324   32.00000    7.80505  75.6%   532   86s
  6962  2379   10.05743   22  373   32.00000    7.90082  75.3%   534   91s
  7369  2581   13.09419   26  361   32.00000    8.09389  74.7%   540   97s
  7610  2689   20.16429   35  378   32.00000    8.18260  74.4%   543  100s
  8129  2924 infeasible   28        32.00000    8.27024  74.2%   542  106s
  8746  3216   15.21552   35  294   32.00000    8.62933  73.0%   544  113s
  9038  3350   14.01189   25  355   32.00000    8.68408  72.9%   546  116s
  9276  3410   23.51366   30  131   32.00000    8.71597  72.8%   549  120s
  9866  3629   14.98980   21  226   32.00000    8.90399  72.2%   552  128s
 10155  3805 infeasible   30        32.00000    9.03460  71.8%   555  132s
 10536  3901 infeasible   27        32.00000    9.09400  71.6%   558  136s
 10839  4031   15.20825   32  396   32.00000    9.24889  71.1%   563  141s
 11243  4125   19.28743   27  263   32.00000    9.24961  71.1%   567  146s
 11620  4313 infeasible   27        32.00000    9.55521  70.1%   573  150s
 12018  4445   16.33938   31  374   32.00000    9.64646  69.9%   576  156s
 12410  4624   15.98367   26  352   32.00000    9.71587  69.6%   581  161s
 12908  4796   20.35747   29  366   32.00000    9.80625  69.4%   583  167s
 13392  4852   16.39686   27  439   32.00000    9.93402  69.0%   584  174s
 13627  4952 infeasible   24        32.00000    9.99833  68.8%   584  180s
 14103  5119   14.77771   28  400   32.00000   10.12267  68.4%   588  186s
 14617  5238   14.21532   33  318   32.00000   10.22325  68.1%   592  193s
 15094  5548 infeasible   29        32.00000   10.31781  67.8%   598  201s
 15813  5729 infeasible   31        32.00000   10.45056  67.3%   597  207s
 16347  6000   19.85339   32  403   32.00000   10.54473  67.0%   600  214s
 17040  6103   13.79693   26  378   32.00000   10.60255  66.9%   598  221s
 17581  6293 infeasible   30        32.00000   10.70096  66.6%   602  229s
 18176  6447 infeasible   36        32.00000   10.81755  66.2%   606  237s
 18752  6655   13.98996   24  348   32.00000   10.94540  65.8%   609  245s
 19409  6832 infeasible   27        32.00000   11.05230  65.5%   614  254s
 20060  6993   14.11281   25  401   32.00000   11.15749  65.1%   617  264s
 20752  7217   15.27812   28  377   32.00000   11.29317  64.7%   622  273s
 21447  7429   16.42278   25  276   32.00000   11.42209  64.3%   624  283s
 22210  7516   14.77854   33  376   32.00000   11.54302  63.9%   628  294s
 22904  7622   13.76574   26  404   32.00000   11.66727  63.5%   634  304s
 23568  7887   16.22256   29  336   32.00000   11.87216  62.9%   640  315s
 24514  7999 infeasible   35        32.00000   11.98337  62.6%   638  325s
 25238  8183   19.33014   27  309   32.00000   12.12222  62.1%   643  336s
 26037  8331 infeasible   26        32.00000   12.24317  61.7%   645  346s
 26794  8490 infeasible   35        32.00000   12.37726  61.3%   648  357s
 27613  8757   20.61283   28  384   32.00000   12.47025  61.0%   650  368s
 28522  8821   16.72669   30  347   32.00000   12.56514  60.7%   650  379s
 29255  8822   12.91854   25   15   32.00000   12.71397  60.3%   654  384s
 29264  8828   22.78432   39   29   32.00000   12.71397  60.3%   653  385s
 29484  8939   12.71397   41  239   32.00000   12.71397  60.3%   653  390s
 29680  9003   12.71397   33  192   32.00000   12.71397  60.3%   653  395s
 29846  9079   16.89993   40  146   32.00000   12.71397  60.3%   654  400s
 30094  9117   20.61373   49  269   32.00000   12.71397  60.3%   653  405s
 30381  9162   21.05348   54  406   32.00000   12.71397  60.3%   651  410s
 30647  9226   12.71397   37  272   32.00000   12.71397  60.3%   650  415s
 30950  9300   24.54016   56  226   32.00000   12.71397  60.3%   648  420s
 31214  9339 infeasible   44        32.00000   12.71397  60.3%   646  425s
 31543  9389 infeasible   48        32.00000   12.71397  60.3%   645  430s
 31961  9463   15.79323   44  317   32.00000   12.71397  60.3%   643  435s
 32361  9510   19.80292   53  348   32.00000   12.71397  60.3%   642  442s
 32720  9543   17.90981   45  405   32.00000   12.71397  60.3%   642  446s
 33102  9501   22.29700   42  266   32.00000   12.71397  60.3%   641  451s
 33201  9533   12.71397   34  173   32.00000   12.71397  60.3%   641  456s
 33368  9585   12.71397   36  348   32.00000   12.71397  60.3%   641  462s
 33568  9606   12.71397   40  323   32.00000   12.71397  60.3%   640  465s
 33999  9723   15.09930   47  368   32.00000   12.71397  60.3%   639  471s
 34534  9830   19.65964   48  413   32.00000   12.71397  60.3%   636  477s
 34884  9825   13.70527   39  308   32.00000   12.71397  60.3%   634  480s
 35463  9991   18.29971   46  219   32.00000   12.71397  60.3%   632  488s
 35800  9997   24.42741   65  345   32.00000   12.71397  60.3%   630  491s
 36174 10052 infeasible   55        32.00000   12.71397  60.3%   628  496s
 36522 10104   19.71718   45  323   32.00000   12.71397  60.3%   627  500s
 37302 10299   17.76825   44  420   32.00000   12.71397  60.3%   623  509s
 37882 10250   22.92614   59  320   32.00000   12.71397  60.3%   619  513s
 38267 10298   27.21354   59  354   32.00000   12.71397  60.3%   617  518s
 38751 10245 infeasible   43        32.00000   12.71397  60.3%   615  523s
 39017 10260     cutoff   64        32.00000   12.71397  60.3%   614  529s
 39252 10266 infeasible   57        32.00000   12.71397  60.3%   613  535s
 39624 10264   15.59668   43  292   32.00000   12.71397  60.3%   611  540s
 39982 10341     cutoff   44        32.00000   12.71397  60.3%   611  546s
 40534 10303   18.68875   46  307   32.00000   12.71397  60.3%   609  552s
 41096 10407   18.11481   47  335   32.00000   12.71397  60.3%   607  559s
 41724 10451   12.71397   43  226   32.00000   12.71397  60.3%   604  566s
 42323 10518   15.67343   36  273   32.00000   12.71397  60.3%   602  572s
 42952 10580   14.61200   40  357   32.00000   12.71397  60.3%   600  580s
 43591 10573   19.85881   43  313   32.00000   12.71397  60.3%   598  587s
 44309 10638   15.51774   40  363   32.00000   12.71397  60.3%   595  595s
 45095 10712   14.71808   47  381   32.00000   12.71397  60.3%   592  602s
 45799 10699   16.76321   44  241   32.00000   12.71397  60.3%   589  609s
 46370 10791   20.32738   47  384   32.00000   12.71397  60.3%   588  616s
 47162 10725   22.53502   41  235   32.00000   12.71397  60.3%   585  624s
 47750 10803   17.34800   40  384   32.00000   12.71397  60.3%   584  632s
 48429 10859 infeasible   49        32.00000   12.71397  60.3%   582  640s
 49193 10926   17.92230   48  311   32.00000   12.71397  60.3%   580  649s
 50037 10847   20.99399   44  251   32.00000   12.71397  60.3%   577  658s
 50732 11013   16.56551   44  206   32.00000   12.71397  60.3%   576  666s
 51634 10899 infeasible   46        32.00000   12.71397  60.3%   573  675s
 52321 11001   14.81830   39  329   32.00000   12.71397  60.3%   573  684s
 53224 10899 infeasible   50        32.00000   12.71397  60.3%   570  693s
 53944 10960   22.73435   48  395   32.00000   12.71397  60.3%   569  702s
 54729 10940   14.70685   42  313   32.00000   12.71397  60.3%   567  711s
 55474 11026   12.82673   40  252   32.00000   12.71397  60.3%   566  720s
 56255 11280   27.78509   49  340   32.00000   12.71397  60.3%   565  729s
 57054 11473 infeasible   46        32.00000   12.71397  60.3%   563  738s
 57804 11826   16.92838   43  414   32.00000   12.71397  60.3%   562  747s
 58712 12069   25.87244   37  200   32.00000   12.71397  60.3%   560  757s
 59397 12433   19.53918   39  246   32.00000   12.71397  60.3%   559  767s
 60316 12663 infeasible   47        32.00000   12.71397  60.3%   557  776s
 61099 12977   16.89854   42  402   32.00000   12.71397  60.3%   556  785s
 61929 13172   17.55996   47  373   32.00000   12.71397  60.3%   555  794s
 62629 13510   29.01571   52  203   32.00000   12.71397  60.3%   554  803s
 63557 13705 infeasible   58        32.00000   12.71397  60.3%   552  812s
 64229 13956   22.48381   45  329   32.00000   12.71397  60.3%   552  821s
 64967 14184     cutoff   52        32.00000   12.71397  60.3%   552  830s
 65773 14481   16.37043   45  204   32.00000   12.71397  60.3%   551  840s
 66646 14715   19.82504   49  318   32.00000   12.71397  60.3%   549  849s
 67408 15104   20.79374   53  280   32.00000   12.71397  60.3%   548  859s
 68383 15259 infeasible   46        32.00000   12.71397  60.3%   546  868s
 69049 15366   14.05087   40  249   32.00000   12.71397  60.3%   545  878s
 69599 15523 infeasible   44        32.00000   12.71397  60.3%   545  888s
 70230 15807   18.74273   40  324   32.00000   12.71397  60.3%   545  897s
 71003 16137   16.92992   43  347   32.00000   12.71397  60.3%   544  907s
 72047 16287   14.36935   43  361   32.00000   12.71397  60.3%   541  916s
 72746 16500   22.35187   46  354   32.00000   12.71397  60.3%   542  926s
 73551 16824   18.99152   49  321   32.00000   12.71397  60.3%   541  936s
 74458 16978 infeasible   46        32.00000   12.71397  60.3%   539  946s
 75237 17304     cutoff   41        32.00000   12.71397  60.3%   539  956s
 76319 17443 infeasible   45        32.00000   12.74480  60.2%   537  965s
 76989 17676   18.56556   45  294   32.00000   12.80580  60.0%   537  974s
 77791 17720   20.00869   43  241   32.00000   12.85104  59.8%   536  984s
 78239 17963   15.17053   39  362   32.00000   12.86063  59.8%   536  994s
 79085 18085   16.12348   42  395   32.00000   12.92046  59.6%   535 1004s
 79801 18331   16.53130   42  280   32.00000   13.01766  59.3%   535 1014s
 80825 18443 infeasible   40        32.00000   13.07095  59.2%   533 1023s
 81589 18801   29.61712   48  114   32.00000   13.12930  59.0%   533 1033s
 82581 18926 infeasible   49        32.00000   13.16789  58.9%   531 1042s
 83288 19205   16.71996   40  351   32.00000   13.22870  58.7%   531 1052s
 84299 19387 infeasible   44        32.00000   13.25940  58.6%   530 1061s
 85079 19684   18.21033   44  371   32.00000   13.31601  58.4%   529 1070s
 86036 19787   16.78601   43  383   32.00000   13.37649  58.2%   528 1080s
 86731 20136   21.14701   47  286   32.00000   13.41648  58.1%   528 1089s
 87625 20312 infeasible   44        32.00000   13.46701  57.9%   527 1099s
 88463 20616   16.05834   37  287   32.00000   13.51537  57.8%   526 1108s
 89343 20677   20.02679   39  252   32.00000   13.54157  57.7%   525 1118s
 90078 20953   16.13499   40  327   32.00000   13.59104  57.5%   525 1128s
 91045 21070   28.24259   48  249   32.00000   13.63970  57.4%   524 1138s
 91889 21447 infeasible   42        32.00000   13.67660  57.3%   524 1148s
 93035 21533 infeasible   48        32.00000   13.72640  57.1%   522 1157s
 93838 21711 infeasible   43        32.00000   13.79279  56.9%   521 1165s
 94727 21870   18.91304   48  401   32.00000   13.81236  56.8%   520 1174s
 95530 21970 infeasible   42        32.00000   13.86073  56.7%   519 1183s
 96241 22185   20.20526   41  277   32.00000   13.89359  56.6%   519 1192s
 97264 22308     cutoff   47        32.00000   13.94283  56.4%   517 1200s
 97961 22500     cutoff   44        32.00000   13.97691  56.3%   517 1209s
 98774 22795   15.06444   45  350   32.00000   14.02346  56.2%   517 1217s
 99879 22852   25.40446   47  312   32.00000   14.06803  56.0%   514 1226s
 100561 23019 infeasible   43        32.00000   14.10413  55.9%   514 1234s
 101327 23068   18.71387   45  378   32.00000   14.14676  55.8%   514 1243s
 101730 23136   19.98668   46  375   32.00000   14.14676  55.8%   513 1252s
 102102 23169   19.90749   43  251   32.00000   14.15864  55.8%   513 1261s
 102711 23349   23.94572   55  270   32.00000   14.17262  55.7%   513 1270s
 103504 23438   18.15030   46  302   32.00000   14.20075  55.6%   512 1279s
 104122 23651   14.46345   42  441   32.00000   14.29380  55.3%   512 1289s
 105113 23692   16.64102   46  346   32.00000   14.35505  55.1%   511 1297s
 105730 23800 infeasible   54        32.00000   14.38834  55.0%   511 1306s
 106460 24024 infeasible   41        32.00000   14.43908  54.9%   511 1315s
 107440 24083 infeasible   44        32.00000   14.47027  54.8%   510 1323s
 108133 24275 infeasible   47        32.00000   14.52223  54.6%   510 1332s
 109123 24281     cutoff   52        32.00000   14.56810  54.5%   508 1341s
 109778 24480   22.53016   49  296   32.00000   14.61488  54.3%   509 1350s
 110714 24495 infeasible   45        32.00000   14.64663  54.2%   508 1358s
 111329 24574   23.83829   43  240   32.00000   14.67854  54.1%   508 1367s
 112064 24750   17.49950   51  302   32.00000   14.73823  53.9%   508 1376s
 112985 24793   22.61114   49  360   32.00000   14.78485  53.8%   507 1385s
 113677 25001   22.28208   43  303   32.00000   14.82880  53.7%   507 1394s
 114620 25045 infeasible   43        32.00000   14.87959  53.5%   506 1403s
 115302 25190 infeasible   49        32.00000   14.90500  53.4%   506 1411s
 116064 25475     cutoff   48        32.00000   14.94617  53.3%   506 1420s
 117081 25518     cutoff   51        32.00000   14.98022  53.2%   505 1429s
 117742 25644   20.19975   39  285   32.00000   15.00915  53.1%   505 1438s
 118618 25678   28.14441   58  127   32.00000   15.02709  53.0%   504 1447s
 119465 25884 infeasible   54        32.00000   15.09341  52.8%   504 1457s
 120381 25922     cutoff   56        32.00000   15.11974  52.8%   503 1465s
 121099 26113   22.81506   47  286   32.00000   15.15930  52.6%   503 1474s
 121949 26162     cutoff   53        32.00000   15.19038  52.5%   503 1483s
 122689 26432   16.99358   41  404   32.00000   15.24072  52.4%   502 1492s
 123611 26443 infeasible   52        32.00000   15.27175  52.3%   502 1501s
 124295 26611   29.40825   56  312   32.00000   15.31473  52.1%   502 1510s
 125131 26626 infeasible   51        32.00000   15.34891  52.0%   501 1519s
 125745 26682   20.28674   43  354   32.00000   15.38604  51.9%   502 1528s
 126460 26937   22.31796   51  227   32.00000   15.41781  51.8%   502 1537s
 127395 26878 infeasible   51        32.00000   15.44946  51.7%   501 1546s
 128070 27006   18.42571   44  339   32.00000   15.50138  51.6%   501 1555s
 128999 27029   18.04708   47  297   32.00000   15.53345  51.5%   501 1565s
 129805 27159 infeasible   45        32.00000   15.56945  51.3%   501 1574s
 130640 27184   28.33999   51  221   32.00000   15.59904  51.3%   500 1583s
 131292 27341 infeasible   43        32.00000   15.64096  51.1%   501 1592s
 132291 27320 infeasible   51        32.00000   15.66774  51.0%   500 1601s
 132983 27471 infeasible   51        32.00000   15.70279  50.9%   500 1610s
 133915 27471 infeasible   43        32.00000   15.73710  50.8%   499 1619s
 134633 27427   17.09664   46  422   32.00000   15.78722  50.7%   499 1630s
 135514 27626   24.23090   41  209   32.00000   15.82895  50.5%   499 1640s
 136593 27640 infeasible   44        32.00000   15.86946  50.4%   499 1649s
 137316 27751 infeasible   50        32.00000   15.89856  50.3%   499 1659s
 138272 27746   28.02442   38  182   32.00000   15.93910  50.2%   498 1668s
 139037 27876 infeasible   47        32.00000   15.97176  50.1%   498 1677s
 140010 27915 infeasible   42        32.00000   16.00600  50.0%   497 1686s
 140818 27894   26.44999   51  241   32.00000   16.04132  49.9%   497 1695s
 141112 27972   21.70532   49  371   32.00000   16.04885  49.8%   497 1704s
 141760 27981 infeasible   39        32.00000   16.05581  49.8%   496 1714s
 142411 28192     cutoff   53        32.00000   16.12644  49.6%   497 1723s
 143564 28181     cutoff   53        32.00000   16.16019  49.5%   495 1732s
 144326 28138 infeasible   41        32.00000   16.20332  49.4%   495 1742s
 145116 28238   28.85077   49  313   32.00000   16.24887  49.2%   495 1751s
 146030 28236 infeasible   48        32.00000   16.29763  49.1%   495 1760s
 146738 28233 infeasible   38        32.00000   16.33713  48.9%   495 1769s
 147651 28350   24.69121   48  104   32.00000   16.37812  48.8%   494 1778s
 148692 28368 infeasible   47        32.00000   16.41223  48.7%   494 1788s
 149542 28556 infeasible   45        32.00000   16.45630  48.6%   493 1797s
 150484 28550 infeasible   48        32.00000   16.49718  48.4%   493 1805s
 151040 28569   22.74838   46  235   32.00000   16.49789  48.4%   493 1815s
 151722 28694   18.98449   46  376   32.00000   16.51211  48.4%   492 1824s
 152682 28680 infeasible   49        32.00000   16.55198  48.3%   492 1833s
 153503 28794 infeasible   46        32.00000   16.63458  48.0%   491 1843s
 154379 28775 infeasible   51        32.00000   16.67458  47.9%   491 1852s
 155119 28751 infeasible   49        32.00000   16.71585  47.8%   491 1861s
 155851 28865   25.78941   55  327   32.00000   16.76956  47.6%   491 1870s
 156953 28828 infeasible   51        32.00000   16.81075  47.5%   490 1879s
 157674 28971   27.49473   54   87   32.00000   16.84558  47.4%   490 1888s
 158723 28947   20.19101   54  389   32.00000   16.88692  47.2%   489 1897s
 159499 28946   24.12122   56  340   32.00000   16.91964  47.1%   489 1905s
 160270 29096 infeasible   44        32.00000   16.96641  47.0%   489 1914s
 161175 29041 infeasible   50        32.00000   16.98929  46.9%   488 1923s
 161881 29166 infeasible   43        32.00000   17.02878  46.8%   489 1932s
 162907 29164   18.89552   42  348   32.00000   17.06041  46.7%   488 1941s
 163715 29149   20.79698   47  423   32.00000   17.10021  46.6%   487 1950s
 164648 29187   20.30149   56  326   32.00000   17.15336  46.4%   487 1959s
 165534 29212 infeasible   43        32.00000   17.18335  46.3%   487 1967s
 166257 29321 infeasible   44        32.00000   17.20936  46.2%   486 1975s
 167115 29322   20.67868   52  250   32.00000   17.23683  46.1%   486 1983s
 167812 29295   27.75266   46  209   32.00000   17.27349  46.0%   486 1991s
 168522 29437     cutoff   48        32.00000   17.32409  45.9%   486 1999s
 169462 29439 infeasible   48        32.00000   17.34551  45.8%   485 2008s
 170205 29576   25.29870   43  202   32.00000   17.38490  45.7%   485 2016s
 171020 29574   22.10576   45  256   32.00000   17.38854  45.7%   484 2024s
 171682 29726 infeasible   55        32.00000   17.43742  45.5%   484 2033s
 172774 29686 infeasible   45        32.00000   17.46617  45.4%   483 2041s
 173526 29653 infeasible   44        32.00000   17.50715  45.3%   483 2049s
 174248 29746 infeasible   49        32.00000   17.54722  45.2%   483 2057s
 175099 29711   28.25949   50  334   32.00000   17.56819  45.1%   483 2065s
 175702 29665 infeasible   42        32.00000   17.58042  45.1%   482 2074s
 176325 29788   29.17577   46  338   32.00000   17.59297  45.0%   482 2082s
 177192 29714     cutoff   47        32.00000   17.61206  45.0%   482 2091s
 177940 29813 infeasible   46        32.00000   17.69833  44.7%   482 2099s
 179133 29719     cutoff   51        32.00000   17.74714  44.5%   480 2108s
 179982 29789 infeasible   48        32.00000   17.78723  44.4%   480 2117s
 181091 29750 infeasible   52        32.00000   17.82402  44.3%   480 2125s
 181729 29680   22.02450   38  283   32.00000   17.85897  44.2%   480 2133s
 182541 29727   25.38060   47  311   32.00000   17.89847  44.1%   479 2141s
 183315 29733 infeasible   48        32.00000   17.92671  44.0%   479 2149s
 184045 29872   19.79677   48  388   32.00000   17.95518  43.9%   479 2157s
 184969 29863   25.79644   64  307   32.00000   17.97704  43.8%   478 2165s
 185694 29962 infeasible   48        32.00000   18.00018  43.7%   478 2173s
 186592 29908 infeasible   46        32.00000   18.02998  43.7%   478 2181s
 187405 29916   19.21125   47  356   32.00000   18.05385  43.6%   477 2189s
 188080 29979   23.08180   44  317   32.00000   18.09170  43.5%   477 2197s
 189012 29908   20.86805   50  273   32.00000   18.11071  43.4%   477 2205s
 189699 29869   23.59195   53  330   32.00000   18.14499  43.3%   477 2213s
 190546 30014   21.00522   52  357   32.00000   18.17599  43.2%   476 2221s
 191498 29949   27.30487   47  106   32.00000   18.20818  43.1%   475 2229s
 192243 29913 infeasible   46        32.00000   18.24393  43.0%   475 2237s
 193001 30055 infeasible   48        32.00000   18.27414  42.9%   475 2245s
 193889 30023 infeasible   46        32.00000   18.30377  42.8%   475 2254s
 194835 30092 infeasible   42        32.00000   18.35302  42.6%   474 2262s
 195649 30025 infeasible   59        32.00000   18.37800  42.6%   474 2270s
 196476 29951   19.92730   47  400   32.00000   18.40885  42.5%   474 2278s
 197163 30055   20.07876   47  268   32.00000   18.45439  42.3%   474 2286s
 198137 30028   25.08096   56   94   32.00000   18.48084  42.2%   473 2294s
 198536 30001   20.17194   46  164   32.00000   18.49534  42.2%   473 2302s
 199122 29928   19.27333   49  337   32.00000   18.50165  42.2%   473 2311s
 199820 30011 infeasible   47        32.00000   18.52550  42.1%   473 2320s
 200781 29953 infeasible   47        32.00000   18.59196  41.9%   472 2329s
 201598 29840 infeasible   42        32.00000   18.63690  41.8%   472 2337s
 202439 29935   28.32630   43  309   32.00000   18.67457  41.6%   472 2346s
 203366 29870 infeasible   52        32.00000   18.69885  41.6%   471 2354s
 204127 29759   24.56859   47  103   32.00000   18.73509  41.5%   471 2363s
 204936 29785   22.67398   44  281   32.00000   18.77405  41.3%   471 2371s
 205904 29655   29.81513   52  169   32.00000   18.81314  41.2%   470 2379s
 206713 29703   28.68026   58  280   32.00000   18.85474  41.1%   470 2388s
 207766 29641 infeasible   49        32.00000   18.89967  40.9%   470 2396s
 208229 29592 infeasible   47        32.00000   18.90487  40.9%   469 2405s
 208951 29615   26.36531   51  249   32.00000   18.93880  40.8%   469 2413s
 209994 29520 infeasible   42        32.00000   18.99627  40.6%   469 2423s
 210857 29437   25.07768   53  328   32.00000   19.04184  40.5%   468 2431s
 211734 29498 infeasible   46        32.00000   19.07162  40.4%   468 2439s
 212743 29417 infeasible   44        32.00000   19.10828  40.3%   467 2447s
 213574 29433   23.59227   53  355   32.00000   19.14921  40.2%   467 2454s
 214433 29378   21.53071   43  265   32.00000   19.18111  40.1%   467 2462s
 215222 29250     cutoff   45        32.00000   19.21243  40.0%   466 2469s
 216039 29315   27.59770   46   92   32.00000   19.26512  39.8%   466 2477s
 216958 29237     cutoff   53        32.00000   19.29977  39.7%   466 2484s
 217721 29280 infeasible   44        32.00000   19.32412  39.6%   465 2492s
 218475 29165 infeasible   47        32.00000   19.35168  39.5%   465 2499s
 219182 29085 infeasible   54        32.00000   19.38697  39.4%   465 2507s
 219986 29175 infeasible   45        32.00000   19.42336  39.3%   465 2514s
 221001 29072   21.54559   45  295   32.00000   19.45383  39.2%   464 2522s
 221778 28983 infeasible   50        32.00000   19.48496  39.1%   464 2529s
 222487 29047   22.46291   49  320   32.00000   19.51961  39.0%   464 2537s
 223488 28898   26.80526   45  327   32.00000   19.56118  38.9%   463 2544s
 224243 28810   20.60358   44  260   32.00000   19.59479  38.8%   463 2552s
 225011 28847   24.10937   54  329   32.00000   19.64031  38.6%   463 2559s
 226014 28806   27.52481   50  103   32.00000   19.67441  38.5%   462 2568s
 226983 28861   24.62411   46  399   32.00000   19.71281  38.4%   462 2576s
 227914 28812   21.43707   43  328   32.00000   19.72954  38.3%   461 2583s
 228761 28839     cutoff   55        32.00000   19.76968  38.2%   461 2590s
 229605 28752 infeasible   47        32.00000   19.79768  38.1%   460 2597s
 230274 28660   24.36835   47  396   32.00000   19.82784  38.0%   460 2605s
 231048 28665   21.11366   52  336   32.00000   19.85760  37.9%   460 2612s
 231904 28553   29.76120   46  311   32.00000   19.88768  37.9%   460 2619s
 232712 28433 infeasible   44        32.00000   19.92927  37.7%   459 2626s
 233524 28408   27.77315   54  197   32.00000   19.96077  37.6%   459 2634s
 234300 28328 infeasible   48        32.00000   19.97537  37.6%   459 2641s
 234931 28360   25.98469   51   90   32.00000   19.97738  37.6%   458 2649s
 235863 28273 infeasible   54        32.00000   20.00336  37.5%   458 2656s
 236536 28305 infeasible   47        32.00000   20.04195  37.4%   458 2664s
 237474 28158   21.57840   51  347   32.00000   20.08831  37.2%   457 2671s
 238242 28051   21.99671   48  265   32.00000   20.11603  37.1%   457 2678s
 238947 28079   27.50345   49  257   32.00000   20.14648  37.0%   457 2686s
 239967 27998 infeasible   43        32.00000   20.18900  36.9%   456 2693s
 240742 27893   25.92234   47  203   32.00000   20.21666  36.8%   456 2700s
 241492 27927   29.28081   55  180   32.00000   20.25028  36.7%   456 2708s
 242454 27849 infeasible   51        32.00000   20.28343  36.6%   455 2715s
 243206 27702 infeasible   44        32.00000   20.30601  36.5%   455 2722s
 244006 27734 infeasible   50        32.00000   20.35408  36.4%   454 2729s
 244942 27575     cutoff   49        32.00000   20.37605  36.3%   454 2738s
 245873 27550   27.14227   48   98   32.00000   20.42633  36.2%   454 2746s
 246949 27395     cutoff   44        32.00000   20.46529  36.0%   453 2753s
 247709 27290   24.63541   57  260   32.00000   20.50021  35.9%   453 2760s
 248385 27313   22.39258   48  301   32.00000   20.55038  35.8%   453 2767s
 249261 27162     cutoff   52        32.00000   20.57577  35.7%   452 2774s
 250056 27044 infeasible   42        32.00000   20.60605  35.6%   452 2781s
 250705 27059 infeasible   43        32.00000   20.63752  35.5%   452 2788s
 251674 26900 infeasible   51        32.00000   20.67706  35.4%   451 2795s
 252490 26852   23.07646   45  301   32.00000   20.72536  35.2%   451 2802s
 253480 26773     cutoff   47        32.00000   20.75291  35.1%   450 2809s
 253900 26612   27.08096   51   96   32.00000   20.75817  35.1%   450 2816s
 254530 26576   26.13623   54  303   32.00000   20.77629  35.1%   450 2824s
 255360 26425 infeasible   49        32.00000   20.83914  34.9%   450 2831s
 256299 26390     cutoff   61        32.00000   20.91112  34.7%   449 2838s
 257346 26246     cutoff   55        32.00000   20.93894  34.6%   449 2845s
 258148 26211   25.28745   61  228   32.00000   20.98611  34.4%   448 2852s
 258711 26173   22.15036   52  283   32.00000   20.99203  34.4%   448 2859s
 259800 25979   24.66331   52  329   32.00000   21.04353  34.2%   447 2866s
 260641 25794 infeasible   45        32.00000   21.08764  34.1%   447 2873s
 261442 25780   24.01168   50  275   32.00000   21.13522  34.0%   447 2880s
 262373 25668     cutoff   51        32.00000   21.17040  33.8%   446 2887s
 263069 25611 infeasible   49        32.00000   21.21430  33.7%   446 2893s
 264082 25504 infeasible   43        32.00000   21.24328  33.6%   446 2900s
 264863 25346   24.13767   41  300   32.00000   21.29239  33.5%   445 2907s
 265677 25319   23.65082   40  261   32.00000   21.32627  33.4%   445 2914s
 266675 25243     cutoff   49        32.00000   21.36474  33.2%   444 2920s
 267536 25077 infeasible   58        32.00000   21.39812  33.1%   444 2927s
 268407 25082   22.23540   43  264   32.00000   21.45082  33.0%   443 2933s
 269330 24997   23.87249   43  272   32.00000   21.48186  32.9%   443 2940s
 270117 24988   22.28602   49  264   32.00000   21.51492  32.8%   443 2946s
 270836 24835 infeasible   54        32.00000   21.51878  32.8%   442 2953s
 271797 24659   24.05804   49  309   32.00000   21.57480  32.6%   441 2960s
 272570 24655   24.73004   54  289   32.00000   21.63141  32.4%   441 2966s
 273618 24527 infeasible   40        32.00000   21.66646  32.3%   440 2972s
 274330 24491   27.84421   46  252   32.00000   21.69060  32.2%   440 2978s
 275236 24389 infeasible   46        32.00000   21.73620  32.1%   440 2985s
 276019 24272   26.94933   56  380   32.00000   21.77722  31.9%   439 2991s
 276760 24232   26.65522   48  393   32.00000   21.81332  31.8%   439 2997s
 277565 24088 infeasible   59        32.00000   21.84744  31.7%   439 3004s
 278379 23999   27.57590   43  272   32.00000   21.88034  31.6%   439 3010s
 279171 23983   25.86300   49  299   32.00000   21.91411  31.5%   438 3017s
 280073 23831   29.48999   53  210   32.00000   21.94834  31.4%   438 3023s
 280864 23661     cutoff   59        32.00000   21.97663  31.3%   437 3029s
 281711 23635     cutoff   65        32.00000   22.02444  31.2%   437 3036s
 282525 23525   29.30050   49  291   32.00000   22.05811  31.1%   437 3042s
 283325 23463   24.86103   52  300   32.00000   22.09068  31.0%   436 3048s
 284285 23282     cutoff   59        32.00000   22.13222  30.8%   436 3054s
 285094 23098   28.45799   47  300   32.00000   22.16876  30.7%   435 3061s
 285880 22879   28.77554   49  353   32.00000   22.21941  30.6%   435 3067s
 286725 22712   26.08253   45  247   32.00000   22.27130  30.4%   435 3073s
 287552 22481   29.32885   49  180   32.00000   22.29383  30.3%   434 3080s
 288433 22316     cutoff   55        32.00000   22.36047  30.1%   434 3086s
 289238 22097   26.93560   46  266   32.00000   22.38828  30.0%   434 3092s
 290049 21829     cutoff   41        32.00000   22.44836  29.8%   433 3098s
 290897 21665 infeasible   47        32.00000   22.50945  29.7%   433 3105s
 291717 21491   23.30845   44  332   32.00000   22.54648  29.5%   433 3111s
 292287 21371   23.84566   45  330   32.00000   22.54648  29.5%   432 3118s
 292939 21194   27.94691   56  346   32.00000   22.57151  29.5%   432 3124s
 293743 20929 infeasible   54        32.00000   22.60162  29.4%   432 3131s
 294646 20721   27.99770   44  137   32.00000   22.74161  28.9%   431 3137s
 295488 20564   25.64427   59  305   32.00000   22.79062  28.8%   431 3144s
 296299 20359 infeasible   47        32.00000   22.84187  28.6%   430 3150s
 297289 20094   24.93203   52  330   32.00000   22.90047  28.4%   430 3156s
 298115 19868     cutoff   52        32.00000   22.96122  28.2%   430 3162s
 299089 19654     cutoff   51        32.00000   23.01509  28.1%   429 3168s
 300105 19427     cutoff   53        32.00000   23.07959  27.9%   428 3174s
 300445 19427 infeasible   44        32.00000   23.08373  27.9%   428 3175s
 301083 19208     cutoff   46        32.00000   23.15012  27.7%   428 3180s
 302044 18983 infeasible   46        32.00000   23.20411  27.5%   427 3186s
 302920 18716     cutoff   49        32.00000   23.26448  27.3%   427 3192s
 303914 18481 infeasible   45        32.00000   23.33677  27.1%   426 3198s
 304697 18323   27.97085   56  358   32.00000   23.39407  26.9%   426 3203s
 305648 18102 infeasible   48        32.00000   23.43820  26.8%   425 3209s
 306797 17872     cutoff   55        32.00000   23.47964  26.6%   424 3214s
 307912 17667     cutoff   47        32.00000   23.54911  26.4%   424 3220s
 308847 17444 infeasible   51        32.00000   23.61492  26.2%   423 3225s
 309821 17217   26.05457   53  328   32.00000   23.68638  26.0%   422 3230s
 310757 17015   25.46960   53  324   32.00000   23.74372  25.8%   422 3235s
 311606 16809     cutoff   47        32.00000   23.78138  25.7%   421 3240s
 312496 16604   25.85565   57   81   32.00000   23.84631  25.5%   421 3245s
 313341 16380   27.08825   55   86   32.00000   23.90539  25.3%   420 3251s
 314208 16161 infeasible   46        32.00000   23.95331  25.1%   420 3256s
 315194 15904   25.71451   44  346   32.00000   23.99870  25.0%   419 3261s
 316148 15632   26.70311   51  205   32.00000   24.06896  24.8%   418 3266s
 316975 15395   27.91694   48  277   32.00000   24.12629  24.6%   418 3270s
 317793 15138     cutoff   49        32.00000   24.20213  24.4%   418 3275s
 318773 14844     cutoff   51        32.00000   24.26319  24.2%   417 3280s
 319724 14541 infeasible   47        32.00000   24.31594  24.0%   416 3285s
 321616 14018     cutoff   44        32.00000   24.48324  23.5%   415 3294s
 322449 13790   29.66567   47  213   32.00000   24.53285  23.3%   414 3299s
 323432 13480 infeasible   46        32.00000   24.60205  23.1%   414 3304s
 324606 13222   26.76367   49  112   32.00000   24.69148  22.8%   413 3308s
 325642 12919   25.04542   48  263   32.00000   24.74649  22.7%   412 3312s
 326617 12651 infeasible   46        32.00000   24.80212  22.5%   411 3317s
 327459 12342 infeasible   51        32.00000   24.89017  22.2%   411 3321s
 328494 12071   29.16854   56  254   32.00000   24.96544  22.0%   410 3325s
 330532 11380   28.54329   54  307   32.00000   25.15504  21.4%   409 3333s
 331651 11095     cutoff   63        32.00000   25.24208  21.1%   408 3337s
 332549 10810   29.11194   58  326   32.00000   25.33179  20.8%   407 3341s
 334509 10217     cutoff   57        32.00000   25.49693  20.3%   406 3348s
 335513  9898   27.47476   50  318   32.00000   25.58473  20.0%   405 3352s
 336538  9597     cutoff   57        32.00000   25.65176  19.8%   404 3355s
 338108  9038   28.20514   52  314   32.00000   25.77561  19.5%   403 3363s
 339098  8703   28.15554   50  160   32.00000   25.80272  19.4%   402 3366s
 340051  8355 infeasible   50        32.00000   25.88887  19.1%   401 3370s
 341843  7740     cutoff   53        32.00000   26.06941  18.5%   400 3377s
 342645  7386     cutoff   49        32.00000   26.14739  18.3%   399 3380s
 344636  6414 infeasible   51        32.00000   26.49217  17.2%   397 3387s
 345955  5870 infeasible   54        32.00000   26.74161  16.4%   396 3390s
 348397  4620   28.32452   58  241   32.00000   27.17911  15.1%   394 3396s
 351248  3017 infeasible   51        32.00000   27.88230  12.9%   392 3401s
 353926   807   29.70336   53  175   32.00000   28.55691  10.8%   389 3405s

Cutting planes:
  Gomory: 1
  Lift-and-project: 1
  Cover: 25
  Clique: 10
  MIR: 1
  StrongCG: 1
  Flow cover: 20
  Inf proof: 20
  Zero half: 7
  Mod-K: 1
  RLT: 3

Explored 356282 nodes (137852104 simplex iterations) in 3406.53 seconds (5767.74 work units)
Thread count was 16 (of 16 available processors)

Solution count 7: 32 38 40 ... 52

Optimal solution found (tolerance 1.00e-04)
Best objective 3.200000000000e+01, best bound 3.200000000000e+01, gap 0.0000%
