Set parameter WLSAccessID
Set parameter WLSSecret
Set parameter LicenseID to value 2831685
Academic license 2831685 - for non-commercial use only - registered to fl___@protonmail.com
Warning: unknown variable 'y3_0' in binary section
Warning: unknown variable 'y3_1' in binary section
Warning: unknown variable 'y3_2' in binary section
Warning: unknown variable 'y3_3' in binary section
Warning: unknown variable 'y3_4' in binary section
Warning: unknown variable 'y3_5' in binary section
Warning: unknown variable 'y3_6' in binary section
Warning: unknown variable 'y3_7' in binary section
Warning: unknown variable 'y3_8' in binary section
Warning: unknown variable 'y3_9' in binary section
Warning: unknown variable 'y3_10' in binary section
Warning: unknown variable 'y3_11' in binary section
Warning: unknown variable 'y3_12' in binary section
Warning: unknown variable 'y3_13' in binary section
Warning: unknown variable 'y3_14' in binary section
Warning: unknown variable 'y3_15' in binary section
Warning: unknown variable 'y3_16' in binary section
Warning: unknown variable 'y3_17' in binary section
Warning: unknown variable 'y3_18' in binary section
Warning: unknown variable 'y3_19' in binary section
Warning: unknown variable 'y3_20' in binary section
Warning: unknown variable 'y3_21' in binary section
Warning: unknown variable 'y3_22' in binary section
Warning: unknown variable 'y3_23' in binary section
Warning: unknown variable 'y3_24' in binary section
Warning: unknown variable 'y3_25' in binary section
Warning: unknown variable 'y3_26' in binary section
Warning: unknown variable 'y3_27' in binary section
Warning: unknown variable 'y3_28' in binary section
Warning: unknown variable 'y3_29' in binary section
Warning: unknown variable 'y3_30' in binary section
Warning: unknown variable 'y3_31' in binary section
Warning: unknown variable 'y3_32' in binary section
Warning: unknown variable 'y3_33' in binary section
Warning: unknown variable 'y3_34' in binary section
Warning: unknown variable 'y3_35' in binary section
Warning: unknown variable 'y3_36' in binary section
Warning: unknown variable 'y3_37' in binary section
Warning: unknown variable 'y3_38' in binary section
Warning: unknown variable 'y3_39' in binary section
Warning: unknown variable 'y3_40' in binary section
Warning: unknown variable 'y3_41' in binary section
Warning: unknown variable 'y3_42' in binary section
Warning: unknown variable 'y3_43' in binary section
Warning: unknown variable 'y3_44' in binary section
Warning: unknown variable 'y3_45' in binary section
Warning: unknown variable 'y3_46' in binary section
Warning: unknown variable 'y3_47' in binary section
Warning: unknown variable 'y3_48' in binary section
Warning: unknown variable 'y3_49' in binary section
Warning: unknown variable 'y3_50' in binary section
Warning: unknown variable 'y3_51' in binary section
Warning: unknown variable 'y3_52' in binary section
Warning: unknown variable 'y3_53' in binary section
Warning: unknown variable 'y3_54' in binary section
Warning: unknown variable 'y3_55' in binary section
Warning: unknown variable 'y3_56' in binary section
Warning: unknown variable 'y3_57' in binary section
Warning: unknown variable 'y3_58' in binary section
Warning: unknown variable 'y3_59' in binary section
Warning: unknown variable 'y3_60' in binary section
Warning: unknown variable 'y3_61' in binary section
Warning: unknown variable 'y3_62' in binary section
Warning: unknown variable 'y3_63' in binary section
Read LP format model from file models/prince_2_4_reduced.lp
Reading time = 0.09 seconds
: 708 rows, 1280 columns, 2480 nonzeros
Set parameter LazyConstraints to value 1
Gurobi Optimizer version 13.0.2 build v13.0.2rc1 (linux64 - "Ubuntu 24.04.4 LTS")

CPU model: 13th Gen Intel(R) Core(TM) i5-1340P, instruction set [SSE2|AVX|AVX2]
Thread count: 8 physical cores, 16 logical processors, using up to 16 threads

Non-default parameters:
LazyConstraints  1

Academic license 2831685 - for non-commercial use only - registered to fl___@protonmail.com
Optimize a model with 1796 rows, 1280 columns and 6704 nonzeros (Min)
Model fingerprint: 0xfb8884d3
Model has 128 linear objective coefficients
Variable types: 0 continuous, 1280 integer (1280 binary)
Coefficient statistics:
  Matrix range     [1e+00, 4e+00]
  Objective range  [2e+00, 4e+00]
  Bounds range     [1e+00, 1e+00]
  RHS range        [1e+00, 4e+00]

Presolve removed 192 rows and 192 columns
Presolve time: 0.01s
Presolved: 1604 rows, 1088 columns, 6320 nonzeros
Variable types: 0 continuous, 1088 integer (1088 binary)

Root relaxation: objective 5.000000e-01, 97 iterations, 0.00 seconds (0.00 work units)

    Nodes    |    Current Node    |     Objective Bounds      |     Work
 Expl Unexpl |  Obj  Depth IntInf | Incumbent    BestBd   Gap | It/Node Time

     0     0    0.50000    0    9          -    0.50000      -     -    0s
     0     0    2.00000    0    7          -    2.00000      -     -    0s
     0     0    2.00000    0    6          -    2.00000      -     -    0s
     0     0    2.00000    0   10          -    2.00000      -     -    0s
     0     0    2.00000    0   10          -    2.00000      -     -    0s
     0     0    2.00000    0    4          -    2.00000      -     -    0s
     0     0    2.00000    0   18          -    2.00000      -     -    0s
     0     0    2.00000    0   17          -    2.00000      -     -    0s
     0     0    2.00000    0   17          -    2.00000      -     -    0s
     0     0    2.00000    0    3          -    2.00000      -     -    0s
     0     0    2.00000    0    6          -    2.00000      -     -    0s
     0     0    2.00000    0   18          -    2.00000      -     -    0s
     0     0    2.00000    0   12          -    2.00000      -     -    0s
     0     0    2.00000    0    6          -    2.00000      -     -    0s
     0     0    2.00000    0   11          -    2.00000      -     -    0s
     0     0    2.00000    0   11          -    2.00000      -     -    0s
     0     0    2.00000    0   11          -    2.00000      -     -    0s
     0     0    2.00000    0   11          -    2.00000      -     -    0s
     0     0    2.00000    0   11          -    2.00000      -     -    0s
     0     2    2.00000    0   11          -    2.00000      -     -    0s
  6254  3106   20.00000   54   17          -    6.00000      -  17.6    5s
 15181  8837 infeasible   60               -    8.00000      -  18.2   10s
H15567  9016                      50.0000000    8.00000  84.0%  18.3   11s
 22313 13321   26.00000   44   51   50.00000    8.00000  84.0%  18.6   15s
H30697 16871                      48.0000000    8.00000  83.3%  17.5   18s
*31562 17257              63      46.0000000    8.00000  82.6%  17.5   19s
 31829 17831 infeasible   56        46.00000    8.00000  82.6%  17.6   20s
H33131 17876                      44.0000000    8.00000  81.8%  17.7   20s
 37966 20760 infeasible   36        44.00000    8.00000  81.8%  17.8   25s
 47680 25823 infeasible   53        44.00000    9.00000  79.5%  17.5   30s
 55982 29319   18.66667   38   78   44.00000   10.00000  77.3%  17.6   35s
*63256 32287              76      42.0000000   10.00000  76.2%  17.4   39s
 63942 33507   10.00000   30   23   42.00000   10.00000  76.2%  17.4   40s
H66807 32917                      38.0000000   10.00000  73.7%  17.2   41s
 70544 35014 infeasible   43        38.00000   10.00000  73.7%  17.4   45s
 79706 39679   16.00000   47   44   38.00000   10.00000  73.7%  17.5   51s
*84852 39666              68      34.0000000   10.00000  70.6%  17.4   53s
 87039 41717   10.00000   37   25   34.00000   10.00000  70.6%  17.5   55s
 96123 44271 infeasible   37        34.00000   10.00000  70.6%  17.7   60s
 103789 48218   10.00000   26   24   34.00000   10.00000  70.6%  17.6   65s
 114091 51510   25.00000   40   80   34.00000   10.50000  69.1%  17.5   70s
 123003 55025 infeasible   40        34.00000   11.00000  67.6%  17.5   75s
 131711 59242   18.00000   38   47   34.00000   12.00000  64.7%  17.6   80s
 141823 62071   22.00000   34   65   34.00000   12.00000  64.7%  17.5   85s
 150527 64838 infeasible   33        34.00000   12.00000  64.7%  17.5   90s
 159043 67751   20.00000   46   37   34.00000   12.00000  64.7%  17.6   95s
 168505 70476   16.00000   34   33   34.00000   12.00000  64.7%  17.7  100s
 176595 73509   24.00000   28   33   34.00000   12.00000  64.7%  17.8  105s
 185907 76072   18.00000   35   43   34.00000   12.00000  64.7%  17.7  110s
H190964 76163                      32.0000000   12.00000  62.5%  17.9  114s
 191166 76172   12.00000   31   30   32.00000   12.00000  62.5%  17.9  115s
 192476 76656   14.00000   37   18   32.00000   12.00000  62.5%  17.9  120s
 197519 78180 infeasible   43        32.00000   12.00000  62.5%  18.1  125s
 203466 79965   24.00000   47   36   32.00000   12.00000  62.5%  18.2  130s
 209968 81685 infeasible   38        32.00000   12.00000  62.5%  18.4  135s
 216547 83352   12.00000   25   33   32.00000   12.00000  62.5%  18.5  140s
 223161 85107   22.00000   37   51   32.00000   12.00000  62.5%  18.7  145s
 228646 86533   14.00000   40   20   32.00000   12.00000  62.5%  18.8  150s
 235971 89389 infeasible   52        32.00000   12.00000  62.5%  18.9  155s
 245393 91364 infeasible   45        32.00000   12.00000  62.5%  18.9  160s
 252959 93795 infeasible   58        32.00000   12.00000  62.5%  18.9  165s
 260601 95751 infeasible   35        32.00000   12.00000  62.5%  19.0  171s
 268167 98075 infeasible   46        32.00000   12.00000  62.5%  19.0  175s
 275632 100377   16.00000   38   42   32.00000   12.00000  62.5%  19.0  180s
 279064 101043   16.00000   38   29   32.00000   12.00000  62.5%  19.0  185s
 284306 102510   16.00000   40   34   32.00000   12.00000  62.5%  19.1  190s
 291191 104099     cutoff   51        32.00000   12.00000  62.5%  19.3  195s
 296700 105424   18.00000   42   36   32.00000   12.00000  62.5%  19.4  200s
 303496 106737   22.00000   36   60   32.00000   12.00000  62.5%  19.5  205s
 308944 108415   15.50000   42   33   32.00000   12.66667  60.4%  19.6  210s
 317759 110689   17.00000   31   59   32.00000   13.00000  59.4%  19.6  216s
 325369 112036 infeasible   35        32.00000   13.00000  59.4%  19.6  220s
 333005 114178   28.00000   38   47   32.00000   13.00000  59.4%  19.6  225s
 340849 116002   18.66667   46   57   32.00000   13.00000  59.4%  19.6  231s
 346055 116638   20.00000   43   43   32.00000   13.50000  57.8%  19.7  235s
 351545 118022   16.00000   37   52   32.00000   14.00000  56.2%  19.8  240s
 360004 119962 infeasible   37        32.00000   14.00000  56.2%  19.7  245s
 367069 121126   15.00000   43   32   32.00000   14.00000  56.2%  19.8  250s
 374859 122919 infeasible   38        32.00000   14.00000  56.2%  19.8  255s
 380424 124031 infeasible   37        32.00000   14.00000  56.2%  19.8  260s
 386057 125010   18.00000   47   59   32.00000   14.00000  56.2%  19.9  265s
 393893 126632 infeasible   30        32.00000   14.00000  56.2%  19.9  270s
 399319 127486 infeasible   42        32.00000   14.00000  56.2%  20.0  275s
 406161 128394   14.00000   29   24   32.00000   14.00000  56.2%  20.1  280s
 411641 130090   20.00000   38   66   32.00000   14.00000  56.2%  20.1  285s
 419233 130957 infeasible   44        32.00000   14.00000  56.2%  20.1  290s
 424368 131700   16.00000   40   29   32.00000   14.00000  56.2%  20.2  295s
 429831 132656   20.00000   47   63   32.00000   14.00000  56.2%  20.3  300s
 436009 133475   16.00000   43   38   32.00000   14.00000  56.2%  20.3  305s
 437030 133635 infeasible   42        32.00000   14.00000  56.2%  20.3  310s
 440737 134396   14.00000   48   50   32.00000   14.00000  56.2%  20.4  315s
 447839 135564   19.00000   34   66   32.00000   14.00000  56.2%  20.4  321s
 453311 136256 infeasible   47        32.00000   14.00000  56.2%  20.5  325s
 459222 137403 infeasible   33        32.00000   14.00000  56.2%  20.5  330s
 464748 138327   21.00000   43   85   32.00000   14.00000  56.2%  20.6  335s
 470904 139259   22.00000   42   57   32.00000   14.00000  56.2%  20.6  340s
 478219 140835   22.00000   44   93   32.00000   14.00000  56.2%  20.7  346s
 484289 141837   20.00000   34   46   32.00000   14.00000  56.2%  20.7  350s
 490264 142889   16.00000   39   36   32.00000   14.00000  56.2%  20.8  355s
 496322 144467   16.00000   35   34   32.00000   14.00000  56.2%  20.8  360s
 503184 145614   28.00000   54   35   32.00000   14.00000  56.2%  20.8  365s
 511095 147372 infeasible   30        32.00000   14.00000  56.2%  20.8  370s
 517069 148371   14.00000   41   12   32.00000   14.00000  56.2%  20.8  375s
 524764 150036 infeasible   41        32.00000   14.00000  56.2%  20.8  380s
 530551 151008   18.00000   40   45   32.00000   14.00000  56.2%  20.8  385s
 538416 152814 infeasible   38        32.00000   14.00000  56.2%  20.8  390s
 543952 153711   17.00000   36   52   32.00000   14.00000  56.2%  20.8  395s
 549695 154968   20.00000   33   41   32.00000   14.00000  56.2%  20.9  400s
 557918 156810 infeasible   37        32.00000   14.00000  56.2%  20.9  405s
 563985 157731 infeasible   49        32.00000   14.00000  56.2%  20.9  410s
 572266 159721   24.50000   39   52   32.00000   14.00000  56.2%  20.8  415s
 578033 160602 infeasible   41        32.00000   14.00000  56.2%  20.9  420s
 583858 162482   20.00000   30   67   32.00000   14.00000  56.2%  20.9  425s
 592052 163478 infeasible   23        32.00000   14.00000  56.2%  20.9  430s
 598418 164741   20.00000   35   75   32.00000   14.00000  56.2%  20.9  435s
 606399 166572   17.00000   41   44   32.00000   14.00000  56.2%  20.9  440s
 612118 167494   22.00000   41   84   32.00000   14.00000  56.2%  20.9  445s
 617811 168233 infeasible   43        32.00000   14.00000  56.2%  20.9  450s
 624910 169266   18.00000   45   44   32.00000   14.00000  56.2%  21.0  455s
 630234 169587   20.00000   53   61   32.00000   14.33333  55.2%  21.0  460s
 635654 170018   20.00000   46   32   32.00000   14.66667  54.2%  21.1  466s
 641038 170623   18.00000   42   29   32.00000   15.00000  53.1%  21.1  471s
 645249 171851   17.33333   50   69   32.00000   15.00000  53.1%  21.1  475s
 652710 172641   26.00000   62   46   32.00000   15.00000  53.1%  21.1  480s
 660524 174356   22.00000   40   81   32.00000   15.00000  53.1%  21.1  485s
 666047 175624   17.00000   51   47   32.00000   15.00000  53.1%  21.1  490s
 672535 176571   26.00000   49   34   32.00000   15.00000  53.1%  21.1  496s
 678980 177896   21.00000   36   58   32.00000   15.00000  53.1%  21.1  500s
 684297 178186   16.00000   41   24   32.00000   15.33333  52.1%  21.1  505s
 689802 178920   19.00000   34   48   32.00000   16.00000  50.0%  21.1  510s
 695272 179516 infeasible   41        32.00000   16.00000  50.0%  21.1  515s
 701244 179972 infeasible   40        32.00000   16.00000  50.0%  21.2  520s
 707094 180624     cutoff   43        32.00000   16.00000  50.0%  21.2  525s
 713151 181213 infeasible   36        32.00000   16.00000  50.0%  21.2  531s
 717533 181767 infeasible   36        32.00000   16.00000  50.0%  21.2  535s
 723598 183247   16.00000   45   58   32.00000   16.00000  50.0%  21.2  540s
 731361 183848   16.00000   40   43   32.00000   16.00000  50.0%  21.2  546s
 735959 184140   24.00000   42   51   32.00000   16.00000  50.0%  21.2  550s
 742103 184815 infeasible   42        32.00000   16.00000  50.0%  21.2  555s
 745017 184993   26.00000   45   81   32.00000   16.00000  50.0%  21.2  560s
 748308 185342 infeasible   46        32.00000   16.00000  50.0%  21.2  565s
 754023 186028   20.00000   54   41   32.00000   16.00000  50.0%  21.2  571s
 758664 186710   26.00000   34   34   32.00000   16.00000  50.0%  21.3  575s
 764146 187320   21.00000   43   41   32.00000   16.00000  50.0%  21.3  580s
 769990 187948 infeasible   35        32.00000   16.00000  50.0%  21.3  586s
 774514 188547   16.00000   47   44   32.00000   16.00000  50.0%  21.3  590s
 780232 189204   20.00000   36   52   32.00000   16.00000  50.0%  21.3  595s
 784854 189742 infeasible   35        32.00000   16.00000  50.0%  21.3  600s
 790482 190400 infeasible   32        32.00000   16.00000  50.0%  21.3  605s
 796315 191012   22.00000   40   66   32.00000   16.00000  50.0%  21.3  611s
 800871 191492 infeasible   49        32.00000   16.00000  50.0%  21.4  615s
 806562 192085 infeasible   45        32.00000   16.00000  50.0%  21.4  620s
 810955 192540   18.00000   39   40   32.00000   16.00000  50.0%  21.4  625s
 816774 193196   18.00000   48   36   32.00000   16.00000  50.0%  21.4  630s
 821526 193629   22.00000   49   71   32.00000   16.00000  50.0%  21.4  635s
 825927 194892   20.00000   49   37   32.00000   16.00000  50.0%  21.4  640s
 834047 195385 infeasible   38        32.00000   16.00000  50.0%  21.4  645s
 838660 195901   18.00000   51   45   32.00000   16.00000  50.0%  21.4  650s
 844594 196547 infeasible   50        32.00000   16.00000  50.0%  21.4  655s
 849280 197746   20.00000   44   38   32.00000   16.00000  50.0%  21.4  660s
 856869 198302   24.00000   44   63   32.00000   16.00000  50.0%  21.4  666s
 861462 198833 infeasible   34        32.00000   16.00000  50.0%  21.4  670s
 867506 199795   22.00000   34   52   32.00000   16.00000  50.0%  21.4  676s
 874487 201106 infeasible   46        32.00000   16.00000  50.0%  21.4  681s
 879294 201576 infeasible   45        32.00000   16.00000  50.0%  21.4  685s
 885020 202108   22.00000   31   50   32.00000   16.00000  50.0%  21.4  691s
 889330 202565   18.00000   24   56   32.00000   16.00000  50.0%  21.4  695s
 895765 203596   28.00000   45   51   32.00000   16.00000  50.0%  21.4  700s
 901437 204148 infeasible   42        32.00000   16.00000  50.0%  21.4  706s
 905807 204559 infeasible   43        32.00000   16.00000  50.0%  21.4  710s
 910473 205076 infeasible   41        32.00000   16.00000  50.0%  21.4  715s
 916961 205729 infeasible   40        32.00000   16.00000  50.0%  21.5  721s
 921901 206453 infeasible   44        32.00000   16.00000  50.0%  21.4  725s
 926402 206792   18.00000   43   40   32.00000   16.00000  50.0%  21.5  730s
 932747 207436   25.00000   47   61   32.00000   16.00000  50.0%  21.5  736s
 937148 207953 infeasible   42        32.00000   16.00000  50.0%  21.5  741s
 941660 209194 infeasible   43        32.00000   16.00000  50.0%  21.5  745s
 948577 209733   20.00000   30   44   32.00000   16.00000  50.0%  21.5  750s
 953172 210184   22.00000   38   53   32.00000   16.00000  50.0%  21.5  755s
 960431 211281 infeasible   37        32.00000   16.00000  50.0%  21.4  761s
 964867 211735 infeasible   47        32.00000   16.00000  50.0%  21.4  765s
 969509 212919   22.00000   51   66   32.00000   16.00000  50.0%  21.5  770s
 975930 213368   24.00000   53   27   32.00000   16.00000  50.0%  21.4  775s
 980824 213901   20.00000   49   34   32.00000   16.00000  50.0%  21.4  780s
 986936 214807   25.00000   48   54   32.00000   16.00000  50.0%  21.4  786s
 991987 215963   18.00000   45   15   32.00000   16.00000  50.0%  21.4  791s
 997761 216429 infeasible   30        32.00000   16.00000  50.0%  21.4  796s
 1002493 216933   28.00000   39   40   32.00000   16.00000  50.0%  21.4  801s
 1007144 217427   24.00000   40   36   32.00000   16.00000  50.0%  21.4  805s
 1013917 218623 infeasible   41        32.00000   16.00000  50.0%  21.4  810s
 1018622 219293   16.00000   40   21   32.00000   16.00000  50.0%  21.4  815s
 1022711 219629 infeasible   33        32.00000   16.00000  50.0%  21.4  820s
 1027209 220006 infeasible   40        32.00000   16.00000  50.0%  21.4  825s
 1032515 220878 infeasible   26        32.00000   16.00000  50.0%  21.4  830s
 1037334 221333 infeasible   37        32.00000   16.00000  50.0%  21.4  835s
 1043836 222471 infeasible   42        32.00000   16.00000  50.0%  21.4  840s
 1047777 223052 infeasible   56        32.00000   16.00000  50.0%  21.4  845s
 1052406 223527   20.00000   35   38   32.00000   16.00000  50.0%  21.4  850s
 1057086 224053   16.00000   31   71   32.00000   16.00000  50.0%  21.4  855s
 1062620 225107 infeasible   47        32.00000   16.00000  50.0%  21.4  860s
 1067224 225588 infeasible   41        32.00000   16.00000  50.0%  21.4  865s
 1071958 226060   18.00000   31   36   32.00000   16.00000  50.0%  21.4  870s
 1076581 226622 infeasible   40        32.00000   16.00000  50.0%  21.4  875s
 1082630 227694 infeasible   34        32.00000   16.00000  50.0%  21.4  880s
 1087269 228236   28.00000   45   41   32.00000   16.00000  50.0%  21.4  885s
 1090310 228516 infeasible   57        32.00000   16.00000  50.0%  21.4  890s
 1091707 228790 infeasible   42        32.00000   16.00000  50.0%  21.4  896s
 1094361 229236 infeasible   34        32.00000   16.00000  50.0%  21.4  901s
 1098485 229762 infeasible   48        32.00000   16.00000  50.0%  21.4  905s
 1103005 230377   28.00000   55   34   32.00000   16.00000  50.0%  21.4  910s
 1107685 230854   16.00000   28   44   32.00000   16.00000  50.0%  21.4  915s
 1112106 231424   26.00000   55   55   32.00000   16.00000  50.0%  21.4  920s
 1116758 231963 infeasible   32        32.00000   16.00000  50.0%  21.4  925s
 1121221 232570   20.00000   49   41   32.00000   16.00000  50.0%  21.5  930s
 1125744 233140   16.00000   28   41   32.00000   16.00000  50.0%  21.5  935s
 1130325 233596 infeasible   41        32.00000   16.00000  50.0%  21.5  940s
 1135122 234086   18.00000   42   50   32.00000   16.00000  50.0%  21.5  945s
 1139226 234398   19.00000   41   45   32.00000   16.00000  50.0%  21.5  950s
 1143964 234490   22.00000   31   65   32.00000   16.50000  48.4%  21.5  956s
 1147119 234451 infeasible   43        32.00000   16.50000  48.4%  21.5  960s
 1151654 234602   28.00000   57   54   32.00000   16.66667  47.9%  21.5  965s
 1156520 234793   28.00000   47   52   32.00000   17.00000  46.9%  21.5  971s
 1160786 235006   30.00000   57   38   32.00000   17.00000  46.9%  21.6  976s
 1164782 235268 infeasible   44        32.00000   17.00000  46.9%  21.6  981s
 1169623 235475   20.00000   47   24   32.00000   17.00000  46.9%  21.6  986s
 1173984 235691   21.00000   33   58   32.00000   17.00000  46.9%  21.6  991s
 1176471 235781   18.00000   41   26   32.00000   17.00000  46.9%  21.6  995s
 1180971 235997   22.00000   44   47   32.00000   17.00000  46.9%  21.6 1000s
 1185619 237064   17.00000   43   46   32.00000   17.00000  46.9%  21.6 1005s
 1191300 237287   24.00000   41   63   32.00000   17.00000  46.9%  21.6 1010s
 1195660 238321 infeasible   37        32.00000   17.00000  46.9%  21.6 1015s
 1202333 238504   24.00000   49   56   32.00000   17.00000  46.9%  21.6 1021s
 1206536 239404   26.00000   34   53   32.00000   17.00000  46.9%  21.6 1026s
 1212315 239566 infeasible   39        32.00000   17.00000  46.9%  21.6 1031s
 1216619 239431 infeasible   37        32.00000   17.33333  45.8%  21.6 1036s
 1220412 239489   18.00000   32   37   32.00000   18.00000  43.8%  21.6 1040s
 1225640 239554 infeasible   41        32.00000   18.00000  43.8%  21.6 1046s
 1229068 239664 infeasible   42        32.00000   18.00000  43.8%  21.6 1050s
 1234091 239603 infeasible   53        32.00000   18.00000  43.8%  21.6 1056s
 1238882 239695   26.00000   41   67   32.00000   18.00000  43.8%  21.6 1061s
 1242248 239856   25.00000   37   74   32.00000   18.00000  43.8%  21.7 1065s
 1246639 239783   22.00000   42   36   32.00000   18.00000  43.8%  21.7 1070s
 1251507 239942   25.00000   43   60   32.00000   18.00000  43.8%  21.7 1076s
 1256650 240006   18.00000   40   51   32.00000   18.00000  43.8%  21.7 1081s
 1259530 239943 infeasible   39        32.00000   18.00000  43.8%  21.7 1085s
 1264016 239907   25.00000   39   71   32.00000   18.00000  43.8%  21.7 1090s
 1267580 240046   26.00000   45   33   32.00000   18.00000  43.8%  21.7 1095s
 1272967 239932     cutoff   61        32.00000   18.00000  43.8%  21.7 1100s
 1277937 240011     cutoff   54        32.00000   18.00000  43.8%  21.7 1106s
 1281020 240136   18.00000   34   42   32.00000   18.00000  43.8%  21.7 1110s
 1285736 240123   24.00000   39   38   32.00000   18.00000  43.8%  21.7 1115s
 1290549 240258 infeasible   52        32.00000   18.00000  43.8%  21.7 1121s
 1295329 240489   26.00000   45   62   32.00000   18.00000  43.8%  21.7 1126s
 1300061 240853   18.66667   39   59   32.00000   18.00000  43.8%  21.8 1131s
 1303254 240947 infeasible   43        32.00000   18.00000  43.8%  21.8 1135s
 1305744 241031   20.00000   44   27   32.00000   18.00000  43.8%  21.8 1141s
 1308830 241202 infeasible   40        32.00000   18.00000  43.8%  21.8 1145s
 1312954 241320   24.00000   42   39   32.00000   18.00000  43.8%  21.8 1151s
 1316184 241347 infeasible   52        32.00000   18.00000  43.8%  21.8 1155s
 1320391 241471   19.00000   43   76   32.00000   18.00000  43.8%  21.8 1160s
 1326182 241673   22.00000   45   58   32.00000   18.00000  43.8%  21.8 1166s
 1329054 241627 infeasible   39        32.00000   18.00000  43.8%  21.8 1170s
 1334774 241668 infeasible   51        32.00000   18.00000  43.8%  21.8 1176s
 1339383 241822   29.20000   54   93   32.00000   18.00000  43.8%  21.8 1181s
 1342698 241905 infeasible   44        32.00000   18.00000  43.8%  21.8 1185s
 1347570 241991   18.00000   37   50   32.00000   18.00000  43.8%  21.8 1190s
 1352169 242221 infeasible   37        32.00000   18.00000  43.8%  21.8 1195s
 1357302 242276   18.00000   31   59   32.00000   18.00000  43.8%  21.8 1201s
 1360806 242357 infeasible   54        32.00000   18.00000  43.8%  21.8 1205s
 1365872 242435 infeasible   38        32.00000   18.00000  43.8%  21.8 1211s
 1368748 242326 infeasible   49        32.00000   18.00000  43.8%  21.8 1215s
 1374505 242459 infeasible   47        32.00000   18.00000  43.8%  21.8 1221s
 1377932 242471   20.00000   46   47   32.00000   18.00000  43.8%  21.8 1225s
 1383335 242507   24.00000   41   52   32.00000   18.00000  43.8%  21.8 1230s
 1388599 242360   20.00000   45   37   32.00000   18.00000  43.8%  21.8 1236s
 1391688 242230 infeasible   48        32.00000   18.00000  43.8%  21.9 1240s
 1397317 242230 infeasible   38        32.00000   18.00000  43.8%  21.9 1246s
 1400567 242276   26.00000   53   60   32.00000   18.00000  43.8%  21.9 1250s
 1405005 242275 infeasible   40        32.00000   18.00000  43.8%  21.9 1255s
 1409605 242384   22.00000   46   61   32.00000   18.00000  43.8%  21.9 1260s
 1414902 242454 infeasible   44        32.00000   18.00000  43.8%  21.9 1266s
 1417701 242551     cutoff   64        32.00000   18.00000  43.8%  21.9 1270s
 1422643 242773   18.00000   42   29   32.00000   18.00000  43.8%  21.9 1275s
 1427023 242823 infeasible   39        32.00000   18.00000  43.8%  21.9 1280s
 1431362 242796     cutoff   40        32.00000   18.00000  43.8%  21.9 1286s
 1436793 242775 infeasible   35        32.00000   18.00000  43.8%  21.9 1291s
 1440010 242861   24.00000   45   48   32.00000   18.00000  43.8%  21.9 1295s
 1445110 242855 infeasible   37        32.00000   18.00000  43.8%  21.9 1301s
 1448704 242811   18.00000   47   41   32.00000   18.00000  43.8%  21.9 1305s
 1452257 242811   18.00000   33   35   32.00000   18.00000  43.8%  21.9 1312s
 1454146 242888 infeasible   49        32.00000   18.00000  43.8%  21.9 1315s
 1458960 242943 infeasible   52        32.00000   18.00000  43.8%  21.9 1322s
 1462705 243027   18.00000   35   37   32.00000   18.00000  43.8%  21.9 1326s
 1467349 243047   24.00000   54   25   32.00000   18.00000  43.8%  21.9 1332s
 1471060 243103 infeasible   55        32.00000   18.00000  43.8%  21.9 1335s
 1473815 243109 infeasible   43        32.00000   18.00000  43.8%  21.9 1340s
 1478765 243335 infeasible   34        32.00000   18.00000  43.8%  21.9 1345s
 1483589 243541 infeasible   64        32.00000   18.00000  43.8%  22.0 1350s
 1488262 243555   28.00000   52   45   32.00000   18.00000  43.8%  22.0 1355s
 1493117 243721   20.00000   35   63   32.00000   18.00000  43.8%  22.0 1361s
 1497900 243881   24.00000   39   32   32.00000   18.00000  43.8%  22.0 1366s
 1501602 243793     cutoff   49        32.00000   18.00000  43.8%  22.0 1370s
 1506923 243941   20.00000   37   71   32.00000   18.00000  43.8%  22.0 1376s
 1509869 243829   24.00000   44   50   32.00000   18.00000  43.8%  22.0 1380s
 1514849 243867 infeasible   47        32.00000   18.00000  43.8%  22.0 1385s
 1519867 243915 infeasible   49        32.00000   18.00000  43.8%  22.0 1391s
 1523066 243940 infeasible   42        32.00000   18.00000  43.8%  22.0 1395s
 1528042 243808   22.00000   55   61   32.00000   18.00000  43.8%  22.0 1401s
 1532642 243814   20.00000   44   35   32.00000   18.00000  43.8%  22.0 1406s
 1536173 243939     cutoff   46        32.00000   18.00000  43.8%  22.0 1410s
 1541004 244181   26.50000   44   56   32.00000   18.00000  43.8%  22.0 1415s
 1545767 244177   22.00000   50   36   32.00000   18.00000  43.8%  22.0 1421s
 1549690 244315   18.00000   47   44   32.00000   18.00000  43.8%  22.0 1425s
 1554207 244405   26.00000   51   74   32.00000   18.00000  43.8%  22.0 1430s
 1558788 244405 infeasible   34        32.00000   18.00000  43.8%  22.0 1436s
 1560222 244533 infeasible   34        32.00000   18.00000  43.8%  22.0 1440s
 1564532 244681 infeasible   40        32.00000   18.00000  43.8%  22.0 1446s
 1569090 244704   28.00000   57   51   32.00000   18.00000  43.8%  22.0 1451s
 1572485 244673   28.00000   46   43   32.00000   18.00000  43.8%  22.0 1455s
 1577667 244609     cutoff   49        32.00000   18.00000  43.8%  22.0 1461s
 1582585 244563   22.00000   43   57   32.00000   18.00000  43.8%  22.1 1466s
 1585888 244719 infeasible   46        32.00000   18.00000  43.8%  22.1 1470s
 1590481 244925     cutoff   41        32.00000   18.00000  43.8%  22.1 1475s
 1595818 244994 infeasible   37        32.00000   18.00000  43.8%  22.1 1481s
 1599310 245146   28.00000   48   55   32.00000   18.00000  43.8%  22.1 1485s
 1604043 245119 infeasible   39        32.00000   18.00000  43.8%  22.1 1490s
 1608610 245286   22.00000   41   36   32.00000   18.00000  43.8%  22.1 1496s
 1613116 245608   26.00000   48   19   32.00000   18.00000  43.8%  22.1 1501s
 1616354 245758   24.00000   39   45   32.00000   18.00000  43.8%  22.1 1505s
 1621090 245901     cutoff   43        32.00000   18.00000  43.8%  22.1 1510s
 1626279 246060 infeasible   42        32.00000   18.00000  43.8%  22.1 1515s
 1631125 246217   20.00000   39   38   32.00000   18.00000  43.8%  22.1 1521s
 1634870 246178   18.00000   39   33   32.00000   18.00000  43.8%  22.1 1525s
 1640193 246266   26.00000   43   26   32.00000   18.00000  43.8%  22.1 1531s
 1643110 246313 infeasible   38        32.00000   18.00000  43.7%  22.1 1535s
 1648415 246235 infeasible   44        32.00000   18.00000  43.7%  22.1 1540s
 1653272 245846   28.00000   50   68   32.00000   18.33333  42.7%  22.1 1546s
 1656899 245757 infeasible   38        32.00000   18.50000  42.2%  22.1 1550s
 1661279 245706   24.00000   49   58   32.00000   18.66667  41.7%  22.1 1555s
 1665001 245571   19.00000   40   31   32.00000   19.00000  40.6%  22.1 1560s
 1669725 245450   26.66667   49   58   32.00000   19.00000  40.6%  22.1 1567s
 1673615 245465   25.00000   49   55   32.00000   19.00000  40.6%  22.1 1570s
 1677208 245504   26.00000   39   46   32.00000   19.00000  40.6%  22.1 1575s
 1681771 245332   20.00000   44   44   32.00000   19.00000  40.6%  22.1 1581s
 1685750 245231 infeasible   43        32.00000   19.00000  40.6%  22.1 1585s
 1690317 245186   20.50000   43   68   32.00000   19.00000  40.6%  22.1 1591s
 1693649 245029 infeasible   41        32.00000   19.00000  40.6%  22.1 1595s
 1697208 245099 infeasible   44        32.00000   19.00000  40.6%  22.1 1600s
 1702734 244995 infeasible   47        32.00000   19.00000  40.6%  22.2 1606s
 1705760 244870   21.00000   39   79   32.00000   19.00000  40.6%  22.2 1610s
 1709865 244825     cutoff   52        32.00000   19.00000  40.6%  22.2 1615s
 1714787 244552 infeasible   52        32.00000   19.00000  40.6%  22.2 1621s
 1718111 244263   26.00000   47   39   32.00000   19.33333  39.6%  22.2 1626s
 1721371 244203   20.00000   32   61   32.00000   20.00000  37.5%  22.2 1630s
 1727195 243847 infeasible   52        32.00000   20.00000  37.5%  22.2 1636s
 1730588 243520   20.00000   48   30   32.00000   20.00000  37.5%  22.2 1641s
 1734592 243426 infeasible   52        32.00000   20.00000  37.5%  22.2 1645s
 1739791 243075 infeasible   38        32.00000   20.00000  37.5%  22.2 1651s
 1743333 242842 infeasible   41        32.00000   20.00000  37.5%  22.2 1655s
 1748478 242537 infeasible   38        32.00000   20.00000  37.5%  22.2 1660s
 1751786 242252   21.00000   53   45   32.00000   20.00000  37.5%  22.2 1665s
 1757095 242098   28.00000   36   48   32.00000   20.00000  37.5%  22.2 1671s
 1760494 242057 infeasible   50        32.00000   20.00000  37.5%  22.2 1675s
 1765795 241765   21.00000   56   53   32.00000   20.00000  37.5%  22.2 1680s
 1770653 241703 infeasible   43        32.00000   20.00000  37.5%  22.2 1686s
 1774013 241597   26.00000   45   67   32.00000   20.00000  37.5%  22.2 1690s
 1779076 241537 infeasible   53        32.00000   20.00000  37.5%  22.2 1696s
 1782538 241381 infeasible   39        32.00000   20.00000  37.5%  22.2 1700s
 1786243 241132   26.00000   46   53   32.00000   20.00000  37.5%  22.2 1705s
 1791732 240757   24.00000   51   41   32.00000   20.00000  37.5%  22.2 1711s
 1795018 240700   24.00000   46   29   32.00000   20.00000  37.5%  22.2 1715s
 1800200 240291 infeasible   37        32.00000   20.00000  37.5%  22.2 1721s
 1802259 240311   26.00000   42   70   32.00000   20.00000  37.5%  22.2 1725s
 1803463 240078   20.00000   37   28   32.00000   20.00000  37.5%  22.2 1731s
 1805341 240105   26.00000   46   49   32.00000   20.00000  37.5%  22.2 1735s
 1811593 239947 infeasible   44        32.00000   20.00000  37.5%  22.2 1741s
 1815145 239885   22.00000   51   43   32.00000   20.00000  37.5%  22.2 1745s
 1819054 239653   23.00000   38   73   32.00000   20.00000  37.5%  22.2 1750s
 1823879 239532   24.00000   41   81   32.00000   20.00000  37.5%  22.2 1756s
 1827821 239421 infeasible   36        32.00000   20.00000  37.5%  22.2 1760s
 1832712 239148 infeasible   43        32.00000   20.00000  37.5%  22.2 1766s
 1836276 239026   28.00000   55   38   32.00000   20.00000  37.5%  22.2 1770s
 1840974 238493   28.00000   43   40   32.00000   20.00000  37.5%  22.2 1776s
 1844411 238424   25.00000   49   70   32.00000   20.00000  37.5%  22.2 1780s
 1849452 238287   28.00000   62   50   32.00000   20.00000  37.5%  22.2 1787s
 1853548 237981   22.00000   40   47   32.00000   20.00000  37.5%  22.2 1791s
 1857114 237769 infeasible   41        32.00000   20.00000  37.5%  22.2 1795s
 1861919 237484 infeasible   53        32.00000   20.00000  37.5%  22.2 1801s
 1865579 237379 infeasible   41        32.00000   20.00000  37.5%  22.2 1805s
 1871062 236942 infeasible   40        32.00000   20.00000  37.5%  22.2 1811s
 1874854 236693   26.00000   48   54   32.00000   20.00000  37.5%  22.2 1815s
 1879907 236384   26.00000   51   63   32.00000   20.00000  37.5%  22.2 1821s
 1883150 236079 infeasible   51        32.00000   20.00000  37.5%  22.2 1826s
 1886958 235912   20.00000   44   44   32.00000   20.00000  37.5%  22.2 1830s
 1892091 235551 infeasible   35        32.00000   20.00000  37.5%  22.2 1836s
 1895496 235223   26.00000   33   42   32.00000   20.00000  37.5%  22.2 1840s
 1901151 234825     cutoff   53        32.00000   20.00000  37.5%  22.2 1847s
 1905104 234789 infeasible   50        32.00000   20.00000  37.5%  22.2 1850s
 1910105 234446 infeasible   47        32.00000   20.00000  37.5%  22.2 1856s
 1913564 234234   30.00000   61   14   32.00000   20.00000  37.5%  22.2 1860s
 1917068 233986     cutoff   43        32.00000   20.00000  37.5%  22.2 1865s
 1922202 233794   28.00000   36   46   32.00000   20.00000  37.5%  22.2 1871s
 1925935 233474 infeasible   39        32.00000   20.00000  37.5%  22.2 1875s
 1930898 233025   22.00000   33   56   32.00000   20.00000  37.5%  22.2 1880s
 1933944 232769 infeasible   35        32.00000   20.00000  37.5%  22.2 1885s
 1939664 232395   26.00000   31   63   32.00000   20.00000  37.5%  22.2 1891s
 1943093 232103 infeasible   49        32.00000   20.00000  37.5%  22.2 1895s
 1948237 232005   27.50000   45   67   32.00000   20.00000  37.5%  22.2 1901s
 1952832 231815 infeasible   57        32.00000   20.00000  37.5%  22.2 1907s
 1956767 231630     cutoff   60        32.00000   20.00000  37.5%  22.2 1911s
 1960157 231392 infeasible   41        32.00000   20.00000  37.5%  22.2 1915s
 1965091 230988 infeasible   48        32.00000   20.00000  37.5%  22.2 1921s
 1968943 230797 infeasible   38        32.00000   20.00000  37.5%  22.2 1926s
 1971901 230484 infeasible   35        32.00000   20.00000  37.5%  22.2 1930s
 1977015 229914   22.00000   45   87   32.00000   20.00000  37.5%  22.2 1936s
 1980691 229607     cutoff   40        32.00000   20.00000  37.5%  22.2 1941s
 1984559 229405   27.00000   52   60   32.00000   20.00000  37.5%  22.2 1945s
 1989701 228831   28.00000   44   53   32.00000   20.00000  37.5%  22.2 1951s
 1993457 228539 infeasible   37        32.00000   20.00000  37.5%  22.2 1955s
 1996756 228105   26.00000   43   35   32.00000   20.00000  37.5%  22.2 1960s
 2002074 227615 infeasible   56        32.00000   20.00000  37.5%  22.2 1966s
 2005412 227326   20.00000   38   33   32.00000   20.00000  37.5%  22.2 1970s
 2010584 226784   22.00000   42   19   32.00000   20.00000  37.5%  22.2 1976s
 2014384 226546   26.00000   38   49   32.00000   20.00000  37.5%  22.2 1980s
 2019535 226259   22.00000   41   50   32.00000   20.00000  37.5%  22.2 1986s
 2023116 225820   20.00000   49   43   32.00000   20.00000  37.5%  22.2 1990s
 2028417 225402 infeasible   45        32.00000   20.00000  37.5%  22.2 1996s
 2031711 225036   26.00000   40   50   32.00000   20.00000  37.5%  22.2 2000s
 2037166 224633 infeasible   45        32.00000   20.00000  37.5%  22.2 2006s
 2040377 224257   28.00000   50   54   32.00000   20.00000  37.5%  22.2 2010s
 2045710 223804   26.00000   44   57   32.00000   20.00000  37.5%  22.2 2016s
 2049040 223512 infeasible   45        32.00000   20.00000  37.5%  22.2 2021s
 2052677 223280 infeasible   42        32.00000   20.00000  37.5%  22.2 2025s
 2057594 222806 infeasible   34        32.00000   20.00000  37.5%  22.2 2031s
 2061489 222548   24.00000   35   60   32.00000   20.00000  37.5%  22.2 2035s
 2066928 222249 infeasible   43        32.00000   20.00000  37.5%  22.2 2041s
 2070105 222103   26.00000   39   47   32.00000   20.00000  37.5%  22.2 2045s
 2075345 221642 infeasible   51        32.00000   20.00000  37.5%  22.2 2051s
 2078557 221397 infeasible   50        32.00000   20.00000  37.5%  22.2 2055s
 2084038 220991   24.00000   46   71   32.00000   20.00000  37.5%  22.2 2061s
 2087422 220721   24.00000   49   28   32.00000   20.00000  37.5%  22.2 2065s
 2092694 220330 infeasible   47        32.00000   20.00000  37.5%  22.2 2071s
 2095959 220195   26.00000   48   63   32.00000   20.00000  37.5%  22.2 2075s
 2101168 219666   22.00000   46   28   32.00000   20.00000  37.5%  22.2 2081s
 2104308 219293   26.00000   56   56   32.00000   20.00000  37.5%  22.2 2085s
 2107709 219001 infeasible   43        32.00000   20.00000  37.5%  22.2 2090s
 2112651 218296 infeasible   39        32.00000   20.50000  35.9%  22.2 2096s
 2116180 217954 infeasible   57        32.00000   20.66667  35.4%  22.2 2100s
 2119077 217747   22.00000   39   69   32.00000   20.66667  35.4%  22.2 2105s
 2122287 217460   24.00000   44   50   32.00000   21.00000  34.4%  22.2 2110s
 2125706 217140   25.00000   54   46   32.00000   21.00000  34.4%  22.2 2115s
 2131136 216814   26.00000   51   50   32.00000   21.00000  34.4%  22.2 2121s
 2134580 216361   24.00000   46   55   32.00000   21.00000  34.4%  22.2 2126s
 2137923 216025   26.00000   44   43   32.00000   21.00000  34.4%  22.2 2130s
 2141712 215575 infeasible   45        32.00000   21.00000  34.4%  22.2 2135s
 2146823 215010   22.00000   44   54   32.00000   21.00000  34.4%  22.2 2142s
 2150243 214641 infeasible   43        32.00000   21.00000  34.4%  22.2 2146s
 2153618 214281   25.00000   51   42   32.00000   21.00000  34.4%  22.2 2151s
 2156984 213788 infeasible   56        32.00000   21.00000  34.4%  22.2 2155s
 2162269 213130 infeasible   43        32.00000   21.00000  34.4%  22.2 2162s
 2165472 212688 infeasible   52        32.00000   21.33333  33.3%  22.2 2166s
 2168946 212225   22.00000   38   30   32.00000   22.00000  31.3%  22.2 2171s
 2172404 211972   22.50000   45   73   32.00000   22.00000  31.3%  22.2 2175s
 2176296 211334   27.00000   41   36   32.00000   22.00000  31.2%  22.2 2180s
 2181875 210445     cutoff   47        32.00000   22.00000  31.2%  22.2 2186s
 2185218 209863   26.00000   55   27   32.00000   22.00000  31.2%  22.2 2191s
 2188965 209377     cutoff   42        32.00000   22.00000  31.2%  22.2 2195s
 2194737 208735 infeasible   40        32.00000   22.00000  31.2%  22.2 2202s
 2198253 208279 infeasible   49        32.00000   22.00000  31.2%  22.2 2206s
 2200530 208123   22.00000   38   47   32.00000   22.00000  31.2%  22.2 2210s
 2204198 207820   26.00000   40   28   32.00000   22.00000  31.2%  22.2 2216s
 2206189 207759   24.00000   41   70   32.00000   22.00000  31.2%  22.2 2221s
 2207525 207593   24.00000   43   55   32.00000   22.00000  31.2%  22.2 2226s
 2210749 207233   28.00000   45   34   32.00000   22.00000  31.2%  22.2 2232s
 2213016 206973   28.00000   46   34   32.00000   22.00000  31.2%  22.2 2235s
 2217238 206553   24.00000   43   83   32.00000   22.00000  31.2%  22.2 2240s
 2220959 206104     cutoff   53        32.00000   22.00000  31.2%  22.2 2245s
 2225019 205685   28.00000   63   60   32.00000   22.00000  31.2%  22.2 2250s
 2228875 205335   28.00000   65   41   32.00000   22.00000  31.2%  22.2 2255s
 2233066 204961 infeasible   67        32.00000   22.00000  31.2%  22.2 2260s
 2236820 204546   30.00000   40   56   32.00000   22.00000  31.2%  22.2 2265s
 2240708 204234   26.00000   52   40   32.00000   22.00000  31.2%  22.2 2270s
 2244324 203996 infeasible   54        32.00000   22.00000  31.2%  22.2 2275s
 2247983 203589 infeasible   54        32.00000   22.00000  31.2%  22.2 2280s
 2251512 203328 infeasible   51        32.00000   22.00000  31.2%  22.2 2285s
 2255552 202979   22.00000   47   34   32.00000   22.00000  31.2%  22.2 2290s
 2260557 202402   24.00000   50   36   32.00000   22.00000  31.2%  22.2 2297s
 2264045 201928   28.00000   52   34   32.00000   22.00000  31.2%  22.2 2302s
 2266037 201738   28.00000   53   34   32.00000   22.00000  31.2%  22.1 2305s
 2271347 200985   28.00000   47    9   32.00000   22.00000  31.2%  22.1 2312s
 2275228 200515 infeasible   48        32.00000   22.00000  31.2%  22.1 2316s
 2278482 199994 infeasible   43        32.00000   22.00000  31.2%  22.1 2321s
 2282382 199477 infeasible   39        32.00000   22.00000  31.2%  22.1 2325s
 2285930 199098 infeasible   45        32.00000   22.00000  31.2%  22.1 2330s
 2291308 198529 infeasible   45        32.00000   22.00000  31.2%  22.1 2336s
 2294790 198118   22.00000   48   42   32.00000   22.00000  31.2%  22.1 2340s
 2298714 197743   26.66667   41   60   32.00000   22.00000  31.2%  22.1 2345s
 2304162 197031   22.00000   47   77   32.00000   22.00000  31.2%  22.1 2351s
 2307710 196509   26.00000   49   44   32.00000   22.00000  31.2%  22.1 2355s
 2313029 195676 infeasible   33        32.00000   22.00000  31.2%  22.1 2362s
 2316793 195197   28.00000   47   35   32.00000   22.00000  31.2%  22.1 2366s
 2320280 194793     cutoff   58        32.00000   22.00000  31.2%  22.1 2370s
 2325576 194215   24.00000   36   49   32.00000   22.00000  31.2%  22.1 2376s
 2329421 193830   26.00000   52   47   32.00000   22.00000  31.2%  22.1 2380s
 2334631 193319 infeasible   40        32.00000   22.00000  31.2%  22.1 2386s
 2338048 192847   28.00000   47   63   32.00000   22.00000  31.2%  22.1 2390s
 2343295 192143 infeasible   42        32.00000   22.00000  31.2%  22.1 2396s
 2346632 191726 infeasible   49        32.00000   22.00000  31.2%  22.1 2400s
 2352296 191103 infeasible   44        32.00000   22.00000  31.2%  22.1 2406s
 2355693 190731   26.50000   52   38   32.00000   22.00000  31.2%  22.1 2410s
 2360803 189844 infeasible   31        32.00000   22.00000  31.2%  22.1 2416s
 2364056 189342 infeasible   48        32.00000   22.00000  31.2%  22.1 2420s
 2369497 188817 infeasible   43        32.00000   22.00000  31.2%  22.1 2426s
 2372912 188380   22.00000   46   42   32.00000   22.00000  31.2%  22.1 2430s
 2378262 187949 infeasible   58        32.00000   22.00000  31.2%  22.1 2436s
 2381464 187515   28.00000   53   70   32.00000   22.00000  31.2%  22.1 2440s
 2385536 187092   22.00000   46   42   32.00000   22.00000  31.2%  22.1 2446s
 2386996 186759 infeasible   39        32.00000   22.00000  31.2%  22.1 2450s
 2389993 186362 infeasible   43        32.00000   22.00000  31.2%  22.1 2455s
 2393881 185769   22.00000   40   52   32.00000   22.00000  31.2%  22.1 2460s
 2397269 185399   26.00000   51   50   32.00000   22.00000  31.2%  22.1 2466s
 2399837 184753   24.00000   49   46   32.00000   22.00000  31.2%  22.1 2471s
 2404289 184154 infeasible   35        32.00000   22.00000  31.2%  22.1 2476s
 2408449 183436   24.00000   39   33   32.00000   22.00000  31.2%  22.1 2481s
 2412576 182838   22.66667   38   67   32.00000   22.00000  31.2%  22.1 2486s
 2416371 182047   28.00000   52   21   32.00000   22.00000  31.2%  22.1 2490s
 2421827 181061     cutoff   36        32.00000   22.00000  31.2%  22.1 2497s
 2425868 180564   24.00000   39   91   32.00000   22.00000  31.2%  22.1 2501s
 2429439 180026 infeasible   52        32.00000   22.00000  31.2%  22.1 2505s
 2434811 179305   27.00000   53   38   32.00000   22.00000  31.2%  22.0 2511s
 2438229 178835 infeasible   52        32.00000   22.00000  31.2%  22.0 2515s
 2443805 178060   28.00000   49   44   32.00000   22.00000  31.2%  22.0 2521s
 2447004 177412 infeasible   52        32.00000   22.00000  31.2%  22.0 2525s
 2452239 176718   28.00000   53   60   32.00000   22.00000  31.2%  22.0 2531s
 2456029 176079   26.00000   49   23   32.00000   22.00000  31.2%  22.0 2535s
 2461143 175292 infeasible   46        32.00000   22.00000  31.2%  22.0 2541s
 2464642 174923 infeasible   34        32.00000   22.00000  31.2%  22.0 2545s
 2469889 173969 infeasible   46        32.00000   22.00000  31.2%  22.0 2551s
 2473231 173477 infeasible   47        32.00000   22.00000  31.2%  22.0 2555s
 2477089 172903   26.00000   47   33   32.00000   22.00000  31.2%  22.0 2560s
 2481988 172184   24.33333   54   54   32.00000   22.00000  31.2%  22.0 2566s
 2485387 171573   26.00000   36   34   32.00000   22.00000  31.2%  22.0 2570s
 2491051 170895 infeasible   44        32.00000   22.00000  31.2%  22.0 2576s
 2494304 170235   24.00000   38   39   32.00000   22.00000  31.2%  22.0 2580s
 2499806 169456   27.00000   53   64   32.00000   22.00000  31.2%  22.0 2586s
 2503151 168797 infeasible   35        32.00000   22.00000  31.2%  22.0 2590s
 2508365 167982   27.00000   49   63   32.00000   22.00000  31.2%  22.0 2596s
 2511593 167471 infeasible   52        32.00000   22.00000  31.2%  22.0 2600s
 2514896 166806   27.00000   48   40   32.00000   22.00000  31.2%  22.0 2605s
 2520116 165886     cutoff   42        32.00000   22.00000  31.2%  22.0 2611s
 2523792 165329 infeasible   43        32.00000   22.50000  29.7%  22.0 2615s
 2526867 165049   26.00000   43   33   32.00000   22.66667  29.2%  22.0 2620s
 2531967 164201     cutoff   51        32.00000   23.00000  28.1%  22.0 2626s
 2535516 163739 infeasible   44        32.00000   23.00000  28.1%  22.0 2631s
 2538851 163138   26.00000   44   43   32.00000   23.00000  28.1%  22.0 2635s
 2542712 162532 infeasible   47        32.00000   23.00000  28.1%  22.0 2640s
 2548204 161419   28.00000   55   30   32.00000   23.00000  28.1%  22.0 2646s
 2551787 160823   28.00000   45   42   32.00000   23.00000  28.1%  22.0 2651s
 2555483 160074   26.00000   48   42   32.00000   23.00000  28.1%  22.0 2655s
 2560746 158834 infeasible   47        32.00000   23.00000  28.1%  22.0 2662s
 2564354 158124     cutoff   47        32.00000   23.00000  28.1%  22.0 2666s
 2567906 157529 infeasible   51        32.00000   23.33333  27.1%  22.0 2670s
 2573099 156803 infeasible   42        32.00000   24.00000  25.0%  21.9 2677s
 2576745 156098 infeasible   48        32.00000   24.00000  25.0%  21.9 2681s
 2580451 155340 infeasible   62        32.00000   24.00000  25.0%  21.9 2685s
 2585808 154193     cutoff   45        32.00000   24.00000  25.0%  21.9 2692s
 2589359 153452   28.00000   47   50   32.00000   24.00000  25.0%  21.9 2696s
 2593382 152544 infeasible   50        32.00000   24.00000  25.0%  21.9 2700s
 2596806 151699 infeasible   46        32.00000   24.00000  25.0%  21.9 2705s
 2602253 150753   28.00000   40   31   32.00000   24.00000  25.0%  21.9 2711s
 2606066 149881   28.00000   49   37   32.00000   24.00000  25.0%  21.9 2715s
 2611667 148742 infeasible   50        32.00000   24.00000  25.0%  21.9 2721s
 2615395 148036   28.00000   48   43   32.00000   24.00000  25.0%  21.9 2725s
 2618545 147205   28.00000   49   25   32.00000   24.00000  25.0%  21.9 2730s
 2624244 146161   28.00000   46   63   32.00000   24.00000  25.0%  21.9 2736s
 2627588 145378   26.00000   43   34   32.00000   24.00000  25.0%  21.9 2740s
 2633211 144411   28.00000   38   68   32.00000   24.00000  25.0%  21.8 2746s
 2637054 143742 infeasible   49        32.00000   24.00000  25.0%  21.8 2750s
 2642125 142742   28.50000   55   91   32.00000   24.00000  25.0%  21.8 2756s
 2645507 142073     cutoff   49        32.00000   24.00000  25.0%  21.8 2760s
 2651306 141158     cutoff   56        32.00000   24.00000  25.0%  21.8 2766s
 2654833 140489 infeasible   54        32.00000   24.00000  25.0%  21.8 2770s
 2660574 139281   26.00000   41   61   32.00000   24.00000  25.0%  21.8 2776s
 2664142 138603   26.00000   37   48   32.00000   24.00000  25.0%  21.8 2780s
 2669234 137505   24.00000   50   77   32.00000   24.00000  25.0%  21.8 2786s
 2672857 136868 infeasible   50        32.00000   24.00000  25.0%  21.8 2790s
 2678204 135923   28.00000   56   36   32.00000   24.00000  25.0%  21.8 2796s
 2681777 135213 infeasible   43        32.00000   24.00000  25.0%  21.8 2800s
 2687026 134117 infeasible   37        32.00000   24.00000  25.0%  21.8 2806s
 2690731 133442   28.00000   59   60   32.00000   24.00000  25.0%  21.8 2810s
 2695960 132846 infeasible   48        32.00000   24.00000  25.0%  21.8 2816s
 2696239 132709   26.00000   35   28   32.00000   24.00000  25.0%  21.8 2820s
 2698701 132061   26.00000   49   45   32.00000   24.00000  25.0%  21.8 2826s
 2701965 131458   28.00000   45   43   32.00000   24.00000  25.0%  21.7 2831s
 2706292 130670 infeasible   53        32.00000   24.00000  25.0%  21.7 2836s
 2710546 129840   28.00000   59   30   32.00000   24.00000  25.0%  21.7 2841s
 2714580 129151   28.00000   51   46   32.00000   24.00000  25.0%  21.7 2845s
 2718496 128253   26.00000   49   48   32.00000   24.00000  25.0%  21.7 2850s
 2723930 127025   28.00000   39   44   32.00000   24.00000  25.0%  21.7 2856s
 2727735 126244   28.00000   48   36   32.00000   24.00000  25.0%  21.7 2860s
 2731771 125412 infeasible   58        32.00000   24.00000  25.0%  21.7 2865s
 2737079 124077 infeasible   43        32.00000   24.00000  25.0%  21.7 2871s
 2740773 123310 infeasible   53        32.00000   24.00000  25.0%  21.7 2875s
 2746279 122056 infeasible   46        32.00000   24.00000  25.0%  21.7 2881s
 2749878 121198   26.00000   47   30   32.00000   24.00000  25.0%  21.7 2885s
 2755451 120096   26.00000   50   30   32.00000   24.00000  25.0%  21.7 2891s
 2758922 119310 infeasible   46        32.00000   24.00000  25.0%  21.7 2895s
 2764571 118350 infeasible   56        32.00000   24.00000  25.0%  21.7 2901s
 2769807 117238 infeasible   55        32.00000   24.00000  25.0%  21.7 2906s
 2773485 116548 infeasible   44        32.00000   24.00000  25.0%  21.7 2910s
 2778901 115434   24.00000   56   35   32.00000   24.00000  25.0%  21.6 2916s
 2782401 114542     cutoff   53        32.00000   24.00000  25.0%  21.6 2920s
 2787894 113480 infeasible   34        32.00000   24.00000  25.0%  21.6 2926s
 2791350 112706 infeasible   46        32.00000   24.00000  25.0%  21.6 2930s
 2796794 111563   28.00000   49   55   32.00000   24.00000  25.0%  21.6 2936s
 2800395 110890 infeasible   58        32.00000   24.00000  25.0%  21.6 2940s
 2806279 109849 infeasible   50        32.00000   24.00000  25.0%  21.6 2945s
 2811311 108683 infeasible   47        32.00000   24.00000  25.0%  21.6 2951s
 2815138 108046   26.00000   45   61   32.00000   24.00000  25.0%  21.6 2955s
 2820124 107030   28.00000   49   50   32.00000   24.00000  25.0%  21.6 2961s
 2823924 106332   26.00000   48   31   32.00000   24.00000  25.0%  21.6 2965s
 2829202 105029 infeasible   49        32.00000   24.00000  25.0%  21.6 2971s
 2832821 104176     cutoff   52        32.00000   24.00000  25.0%  21.6 2975s
 2838101 103103 infeasible   40        32.00000   24.00000  25.0%  21.6 2981s
 2843209 102093 infeasible   45        32.00000   24.00000  25.0%  21.6 2987s
 2846883 101511   24.00000   35   86   32.00000   24.00000  25.0%  21.6 2991s
 2850179 100699 infeasible   40        32.00000   24.00000  25.0%  21.6 2995s
 2855722 99465   25.00000   43   48   32.00000   25.00000  21.9%  21.5 3001s
 2859256 98567 infeasible   49        32.00000   25.00000  21.9%  21.5 3005s
 2864820 97244     cutoff   38        32.00000   25.00000  21.9%  21.5 3012s
 2868217 96413 infeasible   49        32.00000   25.00000  21.9%  21.5 3016s
 2872145 95439   26.00000   40   36   32.00000   25.00000  21.9%  21.5 3021s
 2875977 94353   27.00000   53   58   32.00000   25.00000  21.9%  21.5 3025s
 2881031 92950   26.00000   48   43   32.00000   25.00000  21.9%  21.5 3031s
 2884406 92155 infeasible   46        32.00000   26.00000  18.8%  21.5 3035s
 2887990 91190     cutoff   43        32.00000   26.00000  18.8%  21.5 3040s
 2893762 89479 infeasible   51        32.00000   26.00000  18.8%  21.5 3046s
 2897590 88441 infeasible   49        32.00000   26.00000  18.8%  21.5 3051s
 2901271 87348 infeasible   59        32.00000   26.00000  18.8%  21.5 3055s
 2906892 85740 infeasible   43        32.00000   26.00000  18.8%  21.4 3061s
 2910621 84682 infeasible   61        32.00000   26.00000  18.8%  21.4 3066s
 2914280 83595 infeasible   62        32.00000   26.00000  18.8%  21.4 3070s
 2919977 82184 infeasible   53        32.00000   26.00000  18.8%  21.4 3076s
 2923696 81171   30.00000   47   34   32.00000   26.00000  18.8%  21.4 3080s
 2929240 79545 infeasible   45        32.00000   26.00000  18.8%  21.4 3086s
 2932790 78429 infeasible   43        32.00000   26.00000  18.8%  21.4 3091s
 2936478 77412   26.00000   42   26   32.00000   26.00000  18.8%  21.4 3095s
 2942196 75826 infeasible   64        32.00000   26.00000  18.8%  21.4 3101s
 2945856 74884 infeasible   49        32.00000   26.00000  18.8%  21.4 3106s
 2949480 73863   26.00000   42   46   32.00000   26.00000  18.8%  21.3 3110s
 2954880 72416   26.00000   33   28   32.00000   26.00000  18.8%  21.3 3116s
 2958670 71300 infeasible   56        32.00000   26.00000  18.8%  21.3 3121s
 2962497 70294   26.00000   40   25   32.00000   26.00000  18.8%  21.3 3125s
 2968148 68616 infeasible   56        32.00000   26.00000  18.8%  21.3 3131s
 2971821 67540   28.00000   49   34   32.00000   26.00000  18.8%  21.3 3136s
 2975493 66535   28.00000   39   36   32.00000   26.00000  18.8%  21.3 3140s
 2981000 65084   28.00000   40   38   32.00000   26.00000  18.8%  21.3 3146s
 2984562 64145 infeasible   46        32.00000   26.00000  18.8%  21.3 3150s
 2988288 62932 infeasible   46        32.00000   26.00000  18.8%  21.3 3155s
 2994032 61300 infeasible   46        32.00000   26.00000  18.8%  21.2 3161s
 2997650 60273   26.40000   54   58   32.00000   26.00000  18.8%  21.2 3165s
 3001477 59272 infeasible   49        32.00000   26.00000  18.8%  21.2 3170s
 3007106 57652 infeasible   55        32.00000   26.00000  18.8%  21.2 3176s
 3010690 56601   26.00000   46   43   32.00000   26.00000  18.8%  21.2 3180s
 3016388 54923   28.00000   51   38   32.00000   26.00000  18.8%  21.2 3187s
 3019994 54008 infeasible   48        32.00000   26.00000  18.8%  21.2 3191s
 3023672 53071 infeasible   45        32.00000   26.00000  18.8%  21.2 3195s
 3027381 51890 infeasible   44        32.00000   26.00000  18.8%  21.2 3200s
 3033044 50305 infeasible   46        32.00000   26.00000  18.8%  21.2 3206s
 3036644 49308 infeasible   50        32.00000   26.00000  18.8%  21.2 3210s
 3040375 48265 infeasible   47        32.00000   26.00000  18.8%  21.1 3215s
 3046071 46599 infeasible   44        32.00000   26.00000  18.8%  21.1 3221s
 3049676 45576 infeasible   50        32.00000   26.00000  18.8%  21.1 3225s
 3053417 44464 infeasible   58        32.00000   26.00000  18.8%  21.1 3230s
 3059080 42812 infeasible   47        32.00000   26.00000  18.7%  21.1 3236s
 3062611 41719   28.00000   48   50   32.00000   26.00000  18.7%  21.1 3240s
 3066191 40171     cutoff   44        32.00000   27.00000  15.6%  21.1 3245s
 3071778 37576 infeasible   46        32.00000   27.00000  15.6%  21.1 3251s
 3075370 35786 infeasible   49        32.00000   27.00000  15.6%  21.1 3255s
 3080970 32430 infeasible   52        32.00000   28.00000  12.5%  21.1 3261s
 3084680 30239 infeasible   35        32.00000   28.00000  12.5%  21.0 3265s
 3090582 26704     cutoff   61        32.00000   28.00000  12.5%  21.0 3271s
 3094584 24276   28.00000   52   49   32.00000   28.00000  12.5%  21.0 3275s
 3098747 21707     cutoff   59        32.00000   28.00000  12.5%  21.0 3280s
 3105152 17806 infeasible   44        32.00000   28.00000  12.5%  21.0 3287s
 3109599 15175 infeasible   51        32.00000   28.00000  12.5%  21.0 3291s
 3113869 12665 infeasible   57        32.00000   28.00000  12.5%  21.0 3296s
 3118265 10054 infeasible   47        32.00000   28.00000  12.5%  21.0 3300s
 3122878  7294 infeasible   42        32.00000   28.00000  12.5%  20.9 3306s
 3127676  4644     cutoff   58        32.00000   28.00000  12.5%  20.9 3310s

Cutting planes:
  Gomory: 4
  Cover: 14
  StrongCG: 3
  Zero half: 3
  RLT: 1

Explored 3134843 nodes (65548140 simplex iterations) in 3314.82 seconds (1713.83 work units)
Thread count was 16 (of 16 available processors)

Solution count 8: 32 34 38 ... 50

Optimal solution found (tolerance 1.00e-04)
Best objective 3.200000000000e+01, best bound 3.200000000000e+01, gap 0.0000%

User-callback calls 6810089, time in user-callback 28.94 sec
