Set parameter WLSAccessID
Set parameter WLSSecret
Set parameter LicenseID to value 2831685
Academic license 2831685 - for non-commercial use only - registered to fl___@protonmail.com
Warning: unknown variable 'y3_0' in binary section
Warning: unknown variable 'y3_1' in binary section
Warning: unknown variable 'y3_2' in binary section
Warning: unknown variable 'y3_3' in binary section
Warning: unknown variable 'y3_4' in binary section
Warning: unknown variable 'y3_5' in binary section
Warning: unknown variable 'y3_6' in binary section
Warning: unknown variable 'y3_7' in binary section
Warning: unknown variable 'y3_8' in binary section
Warning: unknown variable 'y3_9' in binary section
Warning: unknown variable 'y3_10' in binary section
Warning: unknown variable 'y3_11' in binary section
Warning: unknown variable 'y3_12' in binary section
Warning: unknown variable 'y3_13' in binary section
Warning: unknown variable 'y3_14' in binary section
Warning: unknown variable 'y3_15' in binary section
Warning: unknown variable 'y3_16' in binary section
Warning: unknown variable 'y3_17' in binary section
Warning: unknown variable 'y3_18' in binary section
Warning: unknown variable 'y3_19' in binary section
Warning: unknown variable 'y3_20' in binary section
Warning: unknown variable 'y3_21' in binary section
Warning: unknown variable 'y3_22' in binary section
Warning: unknown variable 'y3_23' in binary section
Warning: unknown variable 'y3_24' in binary section
Warning: unknown variable 'y3_25' in binary section
Warning: unknown variable 'y3_26' in binary section
Warning: unknown variable 'y3_27' in binary section
Warning: unknown variable 'y3_28' in binary section
Warning: unknown variable 'y3_29' in binary section
Warning: unknown variable 'y3_30' in binary section
Warning: unknown variable 'y3_31' in binary section
Warning: unknown variable 'y3_32' in binary section
Warning: unknown variable 'y3_33' in binary section
Warning: unknown variable 'y3_34' in binary section
Warning: unknown variable 'y3_35' in binary section
Warning: unknown variable 'y3_36' in binary section
Warning: unknown variable 'y3_37' in binary section
Warning: unknown variable 'y3_38' in binary section
Warning: unknown variable 'y3_39' in binary section
Warning: unknown variable 'y3_40' in binary section
Warning: unknown variable 'y3_41' in binary section
Warning: unknown variable 'y3_42' in binary section
Warning: unknown variable 'y3_43' in binary section
Warning: unknown variable 'y3_44' in binary section
Warning: unknown variable 'y3_45' in binary section
Warning: unknown variable 'y3_46' in binary section
Warning: unknown variable 'y3_47' in binary section
Warning: unknown variable 'y3_48' in binary section
Warning: unknown variable 'y3_49' in binary section
Warning: unknown variable 'y3_50' in binary section
Warning: unknown variable 'y3_51' in binary section
Warning: unknown variable 'y3_52' in binary section
Warning: unknown variable 'y3_53' in binary section
Warning: unknown variable 'y3_54' in binary section
Warning: unknown variable 'y3_55' in binary section
Warning: unknown variable 'y3_56' in binary section
Warning: unknown variable 'y3_57' in binary section
Warning: unknown variable 'y3_58' in binary section
Warning: unknown variable 'y3_59' in binary section
Warning: unknown variable 'y3_60' in binary section
Warning: unknown variable 'y3_61' in binary section
Warning: unknown variable 'y3_62' in binary section
Warning: unknown variable 'y3_63' in binary section
Read LP format model from file models/prince_1_4_reduced.lp
Reading time = 0.10 seconds
: 2052 rows, 896 columns, 7472 nonzeros
Set parameter LazyConstraints to value 1
Gurobi Optimizer version 13.0.2 build v13.0.2rc1 (linux64 - "Ubuntu 24.04.4 LTS")

CPU model: 13th Gen Intel(R) Core(TM) i5-1340P, instruction set [SSE2|AVX|AVX2]
Thread count: 8 physical cores, 16 logical processors, using up to 16 threads

Non-default parameters:
LazyConstraints  1

Academic license 2831685 - for non-commercial use only - registered to fl___@protonmail.com
Optimize a model with 3204 rows, 896 columns and 12336 nonzeros (Min)
Model fingerprint: 0xbe75ba8f
Model has 128 linear objective coefficients
Variable types: 0 continuous, 896 integer (896 binary)
Coefficient statistics:
  Matrix range     [1e+00, 1e+00]
  Objective range  [2e+00, 4e+00]
  Bounds range     [1e+00, 1e+00]
  RHS range        [1e+00, 4e+00]

Presolve removed 192 rows and 192 columns
Presolve time: 0.01s
Presolved: 3012 rows, 704 columns, 11952 nonzeros
Variable types: 0 continuous, 704 integer (704 binary)

Root relaxation: objective 5.000000e-01, 99 iterations, 0.00 seconds (0.00 work units)

    Nodes    |    Current Node    |     Objective Bounds      |     Work
 Expl Unexpl |  Obj  Depth IntInf | Incumbent    BestBd   Gap | It/Node Time

     0     0    0.50000    0   21          -    0.50000      -     -    0s
     0     0    2.00000    0   20          -    2.00000      -     -    0s
     0     0    2.00000    0   20          -    2.00000      -     -    0s
     0     0    2.00000    0   20          -    2.00000      -     -    0s
     0     0    2.00000    0   19          -    2.00000      -     -    0s
     0     0    2.00000    0   18          -    2.00000      -     -    0s
     0     0    2.00000    0   18          -    2.00000      -     -    0s
     0     0    2.00000    0   16          -    2.00000      -     -    0s
     0     0    2.00000    0   13          -    2.00000      -     -    0s
     0     0    2.00000    0   13          -    2.00000      -     -    0s
     0     0    2.00000    0   34          -    2.00000      -     -    0s
     0     0    2.00000    0   12          -    2.00000      -     -    0s
     0     0    2.00000    0   12          -    2.00000      -     -    0s
     0     0    2.00000    0   34          -    2.00000      -     -    0s
     0     0    2.00000    0   34          -    2.00000      -     -    0s
     0     0    2.00000    0   34          -    2.00000      -     -    0s
     0     0    2.00000    0   34          -    2.00000      -     -    0s
     0     0    2.00000    0   34          -    2.00000      -     -    0s
     0     0    2.00000    0   34          -    2.00000      -     -    0s
     0     0    2.00000    0   34          -    2.00000      -     -    0s
     0     2    2.00000    0   34          -    2.00000      -     -    0s
  1971  1552    4.00000   29  189          -    4.00000      -  78.0    5s
* 2565  1740              56      42.0000000    4.00000  90.5%  92.2    9s
  2612  1739   20.27573   43  282   42.00000    4.00000  90.5%  93.9   10s
  3453  1926   13.91619   35  130   42.00000    4.00000  90.5%   109   15s
  4457  2129   12.44055   29  223   42.00000    4.00000  90.5%   122   20s
  5406  2225   31.92857   41  221   42.00000    5.19561  87.6%   134   25s
H 5835  2355                      40.0000000    5.94944  85.1%   137   28s
  6065  2549 infeasible   33        40.00000    5.94944  85.1%   139   30s
  6812  2933   17.45238   44  243   40.00000    6.00000  85.0%   144   35s
  7790  3386   20.71233   34  211   40.00000    7.56505  81.1%   146   40s
  8364  3719   25.63550   48  250   40.00000    7.56505  81.1%   149   45s
  9501  4206   10.89441   22  180   40.00000    8.00000  80.0%   150   50s
 10232  4588   11.71525   40  266   40.00000    8.20945  79.5%   154   55s
*11014  4613              64      38.0000000    8.78878  76.9%   156   59s
*11101  4526              61      36.0000000    8.78878  75.6%   156   59s
 11213  4674   13.35238   24  283   36.00000    8.78878  75.6%   155   61s
 12011  4996 infeasible   38        36.00000    9.00000  75.0%   157   66s
H12802  5100                      32.0000000    9.23291  71.1%   158   70s
 13531  5437     cutoff   39        32.00000    9.32487  70.9%   159   75s
 14738  5756 infeasible   29        32.00000    9.60714  70.0%   159   82s
 15018  5911   18.71121   41  203   32.00000    9.64286  69.9%   159   85s
 16194  6172   29.95617   41  229   32.00000    9.77778  69.4%   161   91s
 16771  6551 infeasible   41        32.00000    9.78154  69.4%   161   97s
 17268  6797   15.31050   38  273   32.00000    9.92144  69.0%   162  100s
 18493  7279   17.94650   35  287   32.00000   10.03571  68.6%   164  107s
 19233  7310   13.90898   39  284   32.00000   10.03571  68.6%   164  111s
 19447  7422   20.08000   44  255   32.00000   10.09874  68.4%   164  116s
 20107  7640   17.14341   40  282   32.00000   10.20062  68.1%   165  120s
 21820  8236   21.94333   41  284   32.00000   10.45238  67.3%   165  129s
 22831  8582   13.46416   26  230   32.00000   10.54258  67.1%   166  134s
 23796  9004   16.73712   30  227   32.00000   10.65479  66.7%   166  138s
 25004  9286   27.27377   42  212   32.00000   10.77337  66.3%   166  143s
 26007  9690   14.33727   31  284   32.00000   10.92532  65.9%   167  149s
 27144  9712   24.26667   38  157   32.00000   11.01587  65.6%   167  154s
 27233  9977   11.83182   31  105   32.00000   11.01730  65.6%   167  160s
 28153 10417   17.40993   45  309   32.00000   11.07907  65.4%   168  165s
 29400 10745 infeasible   32        32.00000   11.28204  64.7%   169  172s
 30503 11195   15.09284   33  186   32.00000   11.41136  64.3%   170  178s
 31974 11550 infeasible   36        32.00000   11.51096  64.0%   170  185s
 33335 11714   26.66667   33  156   32.00000   11.60813  63.7%   171  193s
 34066 12068   13.28737   23  278   32.00000   11.67647  63.5%   171  200s
 35503 12536   17.89153   41  224   32.00000   11.83016  63.0%   172  208s
 37100 12906   14.45179   34  204   32.00000   11.94745  62.7%   172  216s
 38638 13400     cutoff   42        32.00000   12.04737  62.4%   172  225s
 40478 13753 infeasible   50        32.00000   12.18651  61.9%   172  234s
 42196 14269   18.25569   43  223   32.00000   12.31468  61.5%   173  243s
 44116 14537 infeasible   29        32.00000   12.41229  61.2%   172  252s
 45416 14963   18.54465   31  332   32.00000   12.51581  60.9%   173  261s
 47548 15445   28.92052   40  211   32.00000   12.63702  60.5%   173  272s
 49272 15756   21.71570   38  218   32.00000   12.73253  60.2%   173  283s
 51075 16220   15.96133   22  327   32.00000   12.86528  59.8%   173  295s
 53050 16444 infeasible   44        32.00000   12.98846  59.4%   173  306s
 54830 16681   21.23712   35  278   32.00000   13.06629  59.2%   174  315s
 55895 16998   24.50000   41  120   32.00000   13.12845  59.0%   173  324s
 57579 17401   15.23493   29  276   32.00000   13.25536  58.6%   174  333s
 59564 17687   28.00000   42  107   32.00000   13.36281  58.2%   174  342s
 61175 18272   17.73995   25  290   32.00000   13.46655  57.9%   174  352s
 63157 18629   17.32322   33  300   32.00000   13.54693  57.7%   174  361s
 64833 19038   17.08746   40  266   32.00000   13.62857  57.4%   175  370s
 66847 19334 infeasible   34        32.00000   13.73280  57.1%   175  379s
 68503 19766   20.51509   35  294   32.00000   13.83333  56.8%   175  387s
 70414 19966   17.02344   28  317   32.00000   13.94356  56.4%   175  396s
 72219 20336   25.50232   46  258   32.00000   14.00734  56.2%   175  405s
 74071 20567   20.06747   40  242   32.00000   14.13295  55.8%   175  414s
 75807 20796   29.42857   43  173   32.00000   14.24387  55.5%   176  423s
 77581 21116   20.28670   45  264   32.00000   14.35165  55.2%   176  433s
 79490 21346   16.63524   22  317   32.00000   14.45722  54.8%   176  442s
 81158 21727 infeasible   38        32.00000   14.54770  54.5%   176  451s
 83075 21987   20.97424   44  225   32.00000   14.61090  54.3%   176  461s
 84877 22365   21.20676   42  325   32.00000   14.71118  54.0%   176  470s
 86944 22672   20.93352   34  342   32.00000   14.81170  53.7%   175  480s
 88603 22929   18.72121   35  248   32.00000   14.87617  53.5%   176  490s
 90298 23171   17.87094   28  322   32.00000   14.95106  53.3%   176  499s
 91775 23455   27.57251   40  225   32.00000   14.97160  53.2%   176  508s
 93444 23672   26.75000   35  207   32.00000   15.00389  53.1%   176  518s
 95230 23842   25.83333   46  127   32.00000   15.17144  52.6%   176  528s
 96950 24018   21.06744   37  255   32.00000   15.29630  52.2%   176  538s
 98783 24207   23.52778   36  156   32.00000   15.36535  52.0%   176  548s
 100393 24504   20.45646   34  285   32.00000   15.45756  51.7%   176  558s
 102322 24662 infeasible   34        32.00000   15.55053  51.4%   176  568s
 103964 24949 infeasible   36        32.00000   15.63633  51.1%   176  578s
 105947 25073   23.33492   27  278   32.00000   15.72672  50.9%   176  588s
 107725 25214   19.58332   37  296   32.00000   15.81434  50.6%   176  598s
 109420 25231     cutoff   41        32.00000   15.89286  50.3%   176  608s
 109597 25322     cutoff   40        32.00000   15.89286  50.3%   176  618s
 110372 25512   21.54771   32  299   32.00000   15.90616  50.3%   176  628s
 112061 25587 infeasible   44        32.00000   15.94912  50.2%   176  639s
 113802 25674   23.43855   45  269   32.00000   16.08085  49.7%   176  650s
 115515 25941     cutoff   56        32.00000   16.17658  49.4%   176  660s
 117491 26105   21.89953   35  259   32.00000   16.25538  49.2%   176  671s
 119129 26373   21.45953   30  303   32.00000   16.34429  48.9%   177  682s
 121117 26465   25.09524   30  148   32.00000   16.40933  48.7%   176  693s
 122865 26593   18.81555   41  236   32.00000   16.49784  48.4%   177  704s
 124638 26740   19.24740   39  330   32.00000   16.59875  48.1%   177  715s
 126542 26817   19.50650   38  303   32.00000   16.67045  47.9%   177  725s
 128247 26991 infeasible   35        32.00000   16.76109  47.6%   177  736s
 130133 27091 infeasible   46        32.00000   16.83445  47.4%   177  747s
 131880 27393 infeasible   35        32.00000   16.90909  47.2%   177  757s
 133791 27533     cutoff   29        32.00000   16.96394  47.0%   177  768s
 135579 27675   21.18941   38  264   32.00000   17.06370  46.7%   177  779s
 137258 27848   29.74074   34  195   32.00000   17.12696  46.5%   177  789s
 139301 27960   23.24835   39  268   32.00000   17.19372  46.3%   177  800s
 141132 28258   22.72438   35  278   32.00000   17.27468  46.0%   177  811s
 143222 28269     cutoff   51        32.00000   17.34420  45.8%   176  821s
 144849 28252   20.34537   37  185   32.00000   17.42220  45.6%   177  832s
 146543 28381 infeasible   41        32.00000   17.51148  45.3%   177  842s
 148432 28341 infeasible   46        32.00000   17.58024  45.1%   177  853s
 150172 28505   28.01272   46  266   32.00000   17.65672  44.8%   177  863s
 152038 28520 infeasible   49        32.00000   17.73360  44.6%   177  873s
 153869 28542   22.61383   33  289   32.00000   17.81303  44.3%   177  883s
 155423 28721   29.66667   35  165   32.00000   17.89732  44.1%   177  893s
 157275 28691     cutoff   30        32.00000   17.96165  43.9%   177  903s
 159048 28727 infeasible   34        32.00000   18.04922  43.6%   177  913s
 160889 28644 infeasible   34        32.00000   18.12427  43.4%   176  924s
 162654 28556 infeasible   31        32.00000   18.20495  43.1%   177  933s
 164262 28648 infeasible   28        32.00000   18.29647  42.8%   177  943s
 166019 28534   23.65965   46  252   32.00000   18.33889  42.7%   176  954s
 167718 28519   26.34687   37  241   32.00000   18.43173  42.4%   177  964s
 169693 28483     cutoff   36        32.00000   18.50904  42.2%   176  973s
 171259 28419   24.79167   34  246   32.00000   18.57226  42.0%   177  983s
 172926 28533   22.35677   33  291   32.00000   18.63065  41.8%   176  992s
 174764 28435 infeasible   42        32.00000   18.70443  41.5%   176 1003s
 176608 28470   21.18576   33  287   32.00000   18.78084  41.3%   176 1012s
 178347 28381   24.03152   43  301   32.00000   18.85230  41.1%   176 1022s
 180102 28296   20.77273   45  141   32.00000   18.92661  40.9%   176 1032s
 181861 28314 infeasible   26        32.00000   19.01624  40.6%   176 1042s
 183679 28164   22.77942   26  252   32.00000   19.08333  40.4%   176 1052s
 185481 28207   27.97778   34  206   32.00000   19.17052  40.1%   176 1062s
 187299 28103   28.96905   34  197   32.00000   19.22449  39.9%   176 1072s
 189039 27931     cutoff   41        32.00000   19.31548  39.6%   176 1082s
 190780 27862     cutoff   45        32.00000   19.37413  39.5%   176 1091s
 192546 27744   28.10714   40  231   32.00000   19.46445  39.2%   176 1101s
 194251 27606     cutoff   37        32.00000   19.54854  38.9%   176 1110s
 195783 27534   25.35021   33  378   32.00000   19.61635  38.7%   176 1119s
 197638 27302     cutoff   38        32.00000   19.68843  38.5%   176 1128s
 199310 27135   26.88259   46  242   32.00000   19.78139  38.2%   176 1138s
 200908 27090   22.47835   34  227   32.00000   19.86345  37.9%   176 1146s
 202855 26916   23.06322   47  254   32.00000   19.93057  37.7%   176 1156s
 204636 26905     cutoff   45        32.00000   20.00794  37.5%   175 1164s
 206458 26860 infeasible   48        32.00000   20.08532  37.2%   175 1173s
 207037 26707   24.18481   44  268   32.00000   20.09341  37.2%   175 1182s
 207963 26458 infeasible   45        32.00000   20.10110  37.2%   175 1191s
 209617 26332   26.21097   29  206   32.00000   20.23324  36.8%   175 1201s
 211559 26202     cutoff   33        32.00000   20.32861  36.5%   175 1210s
 212759 25964   22.01888   31  270   32.00000   20.33250  36.5%   175 1220s
 214349 25722   27.97474   33  192   32.00000   20.38567  36.3%   175 1230s
 216022 25554   26.53333   36  192   32.00000   20.55035  35.8%   175 1240s
 218087 25261 infeasible   42        32.00000   20.66158  35.4%   175 1249s
 219918 25097   24.10833   43  216   32.00000   20.74391  35.2%   175 1258s
 221909 24865   26.86865   47  257   32.00000   20.83837  34.9%   175 1267s
 223699 24603 infeasible   43        32.00000   20.93753  34.6%   174 1276s
 225493 24471 infeasible   41        32.00000   21.00861  34.3%   174 1285s
 227359 24171     cutoff   40        32.00000   21.11158  34.0%   174 1293s
 229105 24068 infeasible   34        32.00000   21.20867  33.7%   174 1302s
 230982 23763     cutoff   38        32.00000   21.28784  33.5%   174 1310s
 232775 23456   25.68670   39  226   32.00000   21.39841  33.1%   174 1319s
 234431 23223 infeasible   39        32.00000   21.50816  32.8%   174 1327s
 236291 22895   26.38345   32  217   32.00000   21.59181  32.5%   173 1336s
 237979 22512 infeasible   39        32.00000   21.68889  32.2%   173 1344s
 239710 22250 infeasible   35        32.00000   21.80320  31.9%   173 1352s
 241454 21883     cutoff   37        32.00000   21.91008  31.5%   173 1360s
 243343 21556   25.63232   29  235   32.00000   21.96854  31.3%   173 1368s
 245172 21301     cutoff   33        32.00000   22.08333  31.0%   172 1376s
 246885 20915 infeasible   46        32.00000   22.17900  30.7%   172 1383s
 248489 20518     cutoff   30        32.00000   22.30645  30.3%   172 1391s
 250085 20169 infeasible   38        32.00000   22.40769  30.0%   172 1399s
 251954 19775     cutoff   34        32.00000   22.53288  29.6%   172 1407s
 253650 19514     cutoff   38        32.00000   22.62552  29.3%   172 1414s
 255582 19108   29.74925   46  224   32.00000   22.75274  28.9%   171 1422s
 257349 18689   29.86667   36   60   32.00000   22.86628  28.5%   171 1429s
 259189 18350     cutoff   30        32.00000   22.98074  28.2%   171 1436s
 261069 17892 infeasible   33        32.00000   23.10923  27.8%   171 1444s
 262889 17490   27.99517   37  261   32.00000   23.24477  27.4%   170 1452s
 264814 17105     cutoff   38        32.00000   23.34187  27.1%   170 1460s
 266470 16701   24.57724   40  227   32.00000   23.49239  26.6%   170 1467s
 268271 16205   28.38182   42  309   32.00000   23.59429  26.3%   170 1474s
 270046 15688   29.19121   32  289   32.00000   23.75000  25.8%   169 1481s
 271895 15292   28.50000   36   89   32.00000   23.90278  25.3%   169 1487s
 274206 14808   26.38143   40  325   32.00000   24.00214  25.0%   168 1494s
 275907 14277   26.85998   30  341   32.00000   24.18283  24.4%   168 1500s
 277772 13785 infeasible   46        32.00000   24.32857  24.0%   168 1507s
 279510 13299   30.00000   40   39   32.00000   24.49206  23.5%   168 1513s
 281443 12671 infeasible   38        32.00000   24.65894  22.9%   167 1519s
 283342 12108     cutoff   37        32.00000   24.81675  22.4%   167 1525s
 285510 11499 infeasible   41        32.00000   25.00000  21.9%   166 1531s
 287357 10910   26.22602   52  237   32.00000   25.16667  21.4%   166 1537s
 289342 10212     cutoff   39        32.00000   25.36574  20.7%   165 1543s
 291184  9521   28.00000   49   73   32.00000   25.57865  20.1%   165 1548s
 293115  8838     cutoff   39        32.00000   25.77201  19.5%   164 1554s
 295233  8014   28.00000   41  103   32.00000   26.00000  18.8%   164 1559s
 297121  7090 infeasible   48        32.00000   26.15851  18.3%   163 1564s
 298984  6115   26.64286   35  167   32.00000   26.47334  17.3%   163 1569s
 301142  5035 infeasible   36        32.00000   26.78668  16.3%   162 1574s
 303263  3687   29.66486   36  274   32.00000   27.05300  15.5%   162 1578s
 305368  2169     cutoff   46        32.00000   27.60131  13.7%   161 1583s
 307706   452   28.55086   34  277   32.00000   28.19255  11.9%   160 1585s

Cutting planes:
  Gomory: 3
  Lift-and-project: 10
  Cover: 176
  MIR: 9
  StrongCG: 1
  Flow cover: 8
  Inf proof: 489
  Zero half: 6
  Mod-K: 2
  RLT: 7

Explored 310208 nodes (49356535 simplex iterations) in 1586.25 seconds (1092.19 work units)
Thread count was 16 (of 16 available processors)

Solution count 5: 32 36 38 ... 42

Optimal solution found (tolerance 1.00e-04)
Best objective 3.200000000000e+01, best bound 3.200000000000e+01, gap 0.0000%

User-callback calls 797109, time in user-callback 7.00 sec
